Archive member included to satisfy reference by file (symbol)

../../../device/AmbiqSuite-Rel2.0.0/boards/apollo3_evb/bsp/gcc/bin/libam_bsp.a(am_bsp.o)
                              bin/main.o (am_bsp_low_power_init)
../../../device/AmbiqSuite-Rel2.0.0/boards/apollo3_evb/bsp/gcc/bin/libam_bsp.a(am_bsp_pins.o)
                              ../../../device/AmbiqSuite-Rel2.0.0/boards/apollo3_evb/bsp/gcc/bin/libam_bsp.a(am_bsp.o) (g_AM_BSP_GPIO_ITM_SWO)
../../../device/AmbiqSuite-Rel2.0.0/mcu/apollo3/hal/gcc/bin/libam_hal.a(am_hal_burst.o)
                              bin/am_AEP_board_setup.o (am_hal_burst_mode_initialize)
../../../device/AmbiqSuite-Rel2.0.0/mcu/apollo3/hal/gcc/bin/libam_hal.a(am_hal_cachectrl.o)
                              bin/main.o (am_hal_cachectrl_config)
../../../device/AmbiqSuite-Rel2.0.0/mcu/apollo3/hal/gcc/bin/libam_hal.a(am_hal_clkgen.o)
                              bin/main.o (am_hal_clkgen_control)
../../../device/AmbiqSuite-Rel2.0.0/mcu/apollo3/hal/gcc/bin/libam_hal.a(am_hal_flash.o)
                              bin/am_hal_pdm.o (am_hal_flash_delay)
../../../device/AmbiqSuite-Rel2.0.0/mcu/apollo3/hal/gcc/bin/libam_hal.a(am_hal_interrupt.o)
                              bin/am_AEP_board_setup.o (am_hal_interrupt_master_enable)
../../../device/AmbiqSuite-Rel2.0.0/mcu/apollo3/hal/gcc/bin/libam_hal.a(am_hal_itm.o)
                              ../../../device/AmbiqSuite-Rel2.0.0/boards/apollo3_evb/bsp/gcc/bin/libam_bsp.a(am_bsp.o) (am_hal_itm_enable)
../../../device/AmbiqSuite-Rel2.0.0/mcu/apollo3/hal/gcc/bin/libam_hal.a(am_hal_mcuctrl.o)
                              bin/am_util_faultisr.o (am_hal_mcuctrl_info_get)
../../../device/AmbiqSuite-Rel2.0.0/mcu/apollo3/hal/gcc/bin/libam_hal.a(am_hal_pwrctrl.o)
                              bin/am_hal_pdm.o (am_hal_pwrctrl_periph_enable)
../../../device/AmbiqSuite-Rel2.0.0/mcu/apollo3/hal/gcc/bin/libam_hal.a(am_hal_reset.o)
                              ../../../device/AmbiqSuite-Rel2.0.0/mcu/apollo3/hal/gcc/bin/libam_hal.a(am_hal_clkgen.o) (gAmHalResetStatus)
../../../device/AmbiqSuite-Rel2.0.0/mcu/apollo3/hal/gcc/bin/libam_hal.a(am_hal_rtc.o)
                              ../../../device/AmbiqSuite-Rel2.0.0/boards/apollo3_evb/bsp/gcc/bin/libam_bsp.a(am_bsp.o) (am_hal_rtc_osc_select)
../../../device/AmbiqSuite-Rel2.0.0/mcu/apollo3/hal/gcc/bin/libam_hal.a(am_hal_stimer.o)
                              bin/main.o (am_hal_stimer_config)
../../../device/AmbiqSuite-Rel2.0.0/mcu/apollo3/hal/gcc/bin/libam_hal.a(am_hal_sysctrl.o)
                              bin/rtos_AEP_hook.o (am_hal_sysctrl_sleep)
../../../device/AmbiqSuite-Rel2.0.0/mcu/apollo3/hal/gcc/bin/libam_hal.a(am_hal_tpiu.o)
                              ../../../device/AmbiqSuite-Rel2.0.0/boards/apollo3_evb/bsp/gcc/bin/libam_bsp.a(am_bsp.o) (am_hal_tpiu_enable)
../../../device/AmbiqSuite-Rel2.0.0/mcu/apollo3/hal/gcc/bin/libam_hal.a(am_hal_uart.o)
                              ../../../device/AmbiqSuite-Rel2.0.0/boards/apollo3_evb/bsp/gcc/bin/libam_bsp.a(am_bsp.o) (am_hal_uart_initialize)
../../../device/AmbiqSuite-Rel2.0.0/mcu/apollo3/hal/gcc/bin/libam_hal.a(am_hal_queue.o)
                              ../../../device/AmbiqSuite-Rel2.0.0/mcu/apollo3/hal/gcc/bin/libam_hal.a(am_hal_uart.o) (am_hal_queue_init)
/Users/axel/opt/gnu-mcu-eclipse/arm-none-eabi-gcc/7.3.1-1.1-20180724-0637/bin/../lib/gcc/arm-none-eabi/7.3.1/../../../../arm-none-eabi/lib/thumb/v7e-m/fpv4-sp/hard/libm.a(lib_a-s_floor.o)
                              bin/opus_encoder.o (floor)
/Users/axel/opt/gnu-mcu-eclipse/arm-none-eabi-gcc/7.3.1-1.1-20180724-0637/bin/../lib/gcc/arm-none-eabi/7.3.1/../../../../arm-none-eabi/lib/thumb/v7e-m/fpv4-sp/hard/libm.a(lib_a-w_log.o)
                              bin/analysis.o (log)
/Users/axel/opt/gnu-mcu-eclipse/arm-none-eabi-gcc/7.3.1-1.1-20180724-0637/bin/../lib/gcc/arm-none-eabi/7.3.1/../../../../arm-none-eabi/lib/thumb/v7e-m/fpv4-sp/hard/libm.a(lib_a-w_log10.o)
                              bin/analysis.o (log10)
/Users/axel/opt/gnu-mcu-eclipse/arm-none-eabi-gcc/7.3.1-1.1-20180724-0637/bin/../lib/gcc/arm-none-eabi/7.3.1/../../../../arm-none-eabi/lib/thumb/v7e-m/fpv4-sp/hard/libm.a(lib_a-w_pow.o)
                              bin/analysis.o (pow)
/Users/axel/opt/gnu-mcu-eclipse/arm-none-eabi-gcc/7.3.1-1.1-20180724-0637/bin/../lib/gcc/arm-none-eabi/7.3.1/../../../../arm-none-eabi/lib/thumb/v7e-m/fpv4-sp/hard/libm.a(lib_a-w_sqrt.o)
                              bin/analysis.o (sqrt)
/Users/axel/opt/gnu-mcu-eclipse/arm-none-eabi-gcc/7.3.1-1.1-20180724-0637/bin/../lib/gcc/arm-none-eabi/7.3.1/../../../../arm-none-eabi/lib/thumb/v7e-m/fpv4-sp/hard/libm.a(lib_a-e_log.o)
                              /Users/axel/opt/gnu-mcu-eclipse/arm-none-eabi-gcc/7.3.1-1.1-20180724-0637/bin/../lib/gcc/arm-none-eabi/7.3.1/../../../../arm-none-eabi/lib/thumb/v7e-m/fpv4-sp/hard/libm.a(lib_a-w_log.o) (__ieee754_log)
[...]
Memory Configuration

Name             Origin             Length             Attributes
FLASH            0x000000000000c000 0x00000000000f0000 xr
SRAM             0x0000000010000000 0x0000000000060000 xrw
*default*        0x0000000000000000 0xffffffffffffffff

Linker script and memory map


.text           0x000000000000c000    0x4b398
                0x000000000000c000                . = ALIGN (0x4)
 *(.isr_vector)
 .isr_vector    0x000000000000c000       0xc0 bin/startup_gcc.o
                0x000000000000c000                g_am_pfnVectors
 *(.patch)
 .patch         0x000000000000c0c0       0x40 bin/startup_gcc.o
                0x000000000000c0c0                __Patchable
 *(.text)
 .text          0x000000000000c100      0x134 /Users/axel/opt/gnu-mcu-eclipse/arm-none-eabi-gcc/7.3.1-1.1-20180724-0637/bin/../lib/gcc/arm-none-eabi/7.3.1/../../../../arm-none-eabi/lib/thumb/v7e-m/fpv4-sp/hard/libc.a(lib_a-memcpy.o)
                0x000000000000c100                memcpy
 .text          0x000000000000c234      0x378 /Users/axel/opt/gnu-mcu-eclipse/arm-none-eabi-gcc/7.3.1-1.1-20180724-0637/bin/../lib/gcc/arm-none-eabi/7.3.1/thumb/v7e-m/fpv4-sp/hard/libgcc.a(_arm_addsubdf3.o)
                0x000000000000c234                __aeabi_drsub
                0x000000000000c23c                __subdf3
                0x000000000000c23c                __aeabi_dsub
                0x000000000000c240                __aeabi_dadd
                0x000000000000c240                __adddf3
                0x000000000000c4b8                __aeabi_ui2d
                0x000000000000c4b8                __floatunsidf
                0x000000000000c4d8                __floatsidf
                0x000000000000c4d8                __aeabi_i2d
                0x000000000000c4fc                __extendsfdf2
                0x000000000000c4fc                __aeabi_f2d
                0x000000000000c540                __aeabi_ul2d
                0x000000000000c540                __floatundidf
                0x000000000000c550                __aeabi_l2d
                0x000000000000c550                __floatdidf
 .text          0x000000000000c5ac      0x424 /Users/axel/opt/gnu-mcu-eclipse/arm-none-eabi-gcc/7.3.1-1.1-20180724-0637/bin/../lib/gcc/arm-none-eabi/7.3.1/thumb/v7e-m/fpv4-sp/hard/libgcc.a(_arm_muldivdf3.o)
                0x000000000000c5ac                __aeabi_dmul
                0x000000000000c5ac                __muldf3
                0x000000000000c800                __aeabi_ddiv
                0x000000000000c800                __divdf3
 .text          0x000000000000c9d0      0x110 /Users/axel/opt/gnu-mcu-eclipse/arm-none-eabi-gcc/7.3.1-1.1-20180724-0637/bin/../lib/gcc/arm-none-eabi/7.3.1/thumb/v7e-m/fpv4-sp/hard/libgcc.a(_arm_cmpdf2.o)
                0x000000000000c9d0                __gedf2
                0x000000000000c9d0                __gtdf2
                0x000000000000c9d8                __ledf2
                0x000000000000c9d8                __ltdf2
                0x000000000000c9e0                __cmpdf2
                0x000000000000c9e0                __eqdf2
                0x000000000000c9e0                __nedf2
                0x000000000000ca5c                __aeabi_cdrcmple
                0x000000000000ca6c                __aeabi_cdcmple
                0x000000000000ca6c                __aeabi_cdcmpeq
                0x000000000000ca7c                __aeabi_dcmpeq
                0x000000000000ca90                __aeabi_dcmplt
                0x000000000000caa4                __aeabi_dcmple
                0x000000000000cab8                __aeabi_dcmpge
                0x000000000000cacc                __aeabi_dcmpgt
 .text          0x000000000000cae0       0x2c /Users/axel/opt/gnu-mcu-eclipse/arm-none-eabi-gcc/7.3.1-1.1-20180724-0637/bin/../lib/gcc/arm-none-eabi/7.3.1/thumb/v7e-m/fpv4-sp/hard/libgcc.a(_arm_unorddf2.o)
                0x000000000000cae0                __aeabi_dcmpun
                0x000000000000cae0                __unorddf2
 .text          0x000000000000cb0c       0x50 /Users/axel/opt/gnu-mcu-eclipse/arm-none-eabi-gcc/7.3.1-1.1-20180724-0637/bin/../lib/gcc/arm-none-eabi/7.3.1/thumb/v7e-m/fpv4-sp/hard/libgcc.a(_arm_fixdfsi.o)
                0x000000000000cb0c                __fixdfsi
                0x000000000000cb0c                __aeabi_d2iz
 .text          0x000000000000cb5c       0xa0 /Users/axel/opt/gnu-mcu-eclipse/arm-none-eabi-gcc/7.3.1-1.1-20180724-0637/bin/../lib/gcc/arm-none-eabi/7.3.1/thumb/v7e-m/fpv4-sp/hard/libgcc.a(_arm_truncdfsf2.o)
                0x000000000000cb5c                __aeabi_d2f
                0x000000000000cb5c                __truncdfsf2
 .text          0x000000000000cbfc       0xa0 /Users/axel/opt/gnu-mcu-eclipse/arm-none-eabi-gcc/7.3.1-1.1-20180724-0637/bin/../lib/gcc/arm-none-eabi/7.3.1/thumb/v7e-m/fpv4-sp/hard/libgcc.a(_aeabi_ldivmod.o)
                0x000000000000cbfc                __aeabi_ldivmod
 .text          0x000000000000cc9c        0x4 /Users/axel/opt/gnu-mcu-eclipse/arm-none-eabi-gcc/7.3.1-1.1-20180724-0637/bin/../lib/gcc/arm-none-eabi/7.3.1/thumb/v7e-m/fpv4-sp/hard/libgcc.a(_dvmd_tls.o)
                0x000000000000cc9c                __aeabi_ldiv0
                0x000000000000cc9c                __aeabi_idiv0
 *(.text*)
 .text.main     0x000000000000cca0       0x40 bin/main.o
                0x000000000000cca0                main
 .text.vListInitialise
                0x000000000000cce0       0x40 bin/list.o
                0x000000000000cce0                vListInitialise
 .text.vListInitialiseItem
                0x000000000000cd20       0x1a bin/list.o
                0x000000000000cd20                vListInitialiseItem
 .text.vListInsertEnd
                0x000000000000cd3a       0x48 bin/list.o
                0x000000000000cd3a                vListInsertEnd
 .text.vListInsert
                0x000000000000cd82       0x72 bin/list.o
                0x000000000000cd82                vListInsert
 .text.uxListRemove
                0x000000000000cdf4       0x54 bin/list.o
                0x000000000000cdf4                uxListRemove
 .text.xQueueGenericReset
                0x000000000000ce48       0xbc bin/queue.o
                0x000000000000ce48                xQueueGenericReset
 .text.xQueueGenericCreate
                0x000000000000cf04       0x60 bin/queue.o
                0x000000000000cf04                xQueueGenericCreate
 .text.prvInitialiseNewQueue
                0x000000000000cf64       0x4a bin/queue.o
 *fill*         0x000000000000cfae        0x2 
 .text.xQueueGenericSend
                0x000000000000cfb0      0x1fc bin/queue.o
                0x000000000000cfb0                xQueueGenericSend
 .text.xQueueGenericSendFromISR
                0x000000000000d1ac      0x11a bin/queue.o
                0x000000000000d1ac                xQueueGenericSendFromISR
 *fill*         0x000000000000d2c6        0x2 
 .text.xQueueGenericReceive
                0x000000000000d2c8      0x25c bin/queue.o
                0x000000000000d2c8                xQueueGenericReceive
 .text.prvCopyDataToQueue
                0x000000000000d524       0xb8 bin/queue.o
 .text.prvCopyDataFromQueue
                0x000000000000d5dc       0x4c bin/queue.o
 .text.prvUnlockQueue
                0x000000000000d628       0xa4 bin/queue.o
 .text.prvIsQueueEmpty
                0x000000000000d6cc       0x2c bin/queue.o
 .text.prvIsQueueFull
                0x000000000000d6f8       0x30 bin/queue.o
 .text.vQueueWaitForMessageRestricted
                0x000000000000d728       0x68 bin/queue.o
                0x000000000000d728                vQueueWaitForMessageRestricted
 .text.xTaskCreate
                0x000000000000d790       0x82 bin/tasks.o
                0x000000000000d790                xTaskCreate
 .text.prvInitialiseNewTask
                0x000000000000d812       0xee bin/tasks.o
 .text.prvAddNewTaskToReadyList
                0x000000000000d900      0x10c bin/tasks.o
 .text.vTaskDelay
                0x000000000000da0c       0x5c bin/tasks.o
                0x000000000000da0c                vTaskDelay
 .text.vTaskStartScheduler
                0x000000000000da68       0x88 bin/tasks.o
                0x000000000000da68                vTaskStartScheduler
 .text.vTaskSuspendAll
                0x000000000000daf0       0x1c bin/tasks.o
                0x000000000000daf0                vTaskSuspendAll
 .text.prvGetExpectedIdleTime
                0x000000000000db0c       0x70 bin/tasks.o
 .text.xTaskResumeAll
                0x000000000000db7c      0x130 bin/tasks.o
                0x000000000000db7c                xTaskResumeAll
 .text.xTaskGetTickCount
                0x000000000000dcac       0x20 bin/tasks.o
                0x000000000000dcac                xTaskGetTickCount
 .text.xTaskGetTickCountFromISR
                0x000000000000dccc       0x24 bin/tasks.o
                0x000000000000dccc                xTaskGetTickCountFromISR
 .text.vTaskStepTick
                0x000000000000dcf0       0x40 bin/tasks.o
                0x000000000000dcf0                vTaskStepTick
 .text.xTaskIncrementTick
                0x000000000000dd30      0x170 bin/tasks.o
                0x000000000000dd30                xTaskIncrementTick
 .text.vTaskSwitchContext
                0x000000000000dea0      0x11c bin/tasks.o
                0x000000000000dea0                vTaskSwitchContext
 .text.vTaskPlaceOnEventList
                0x000000000000dfbc       0x34 bin/tasks.o
                0x000000000000dfbc                vTaskPlaceOnEventList
 .text.vTaskPlaceOnEventListRestricted
                0x000000000000dff0       0x48 bin/tasks.o
                0x000000000000dff0                vTaskPlaceOnEventListRestricted
 .text.xTaskRemoveFromEventList
                0x000000000000e038       0xc0 bin/tasks.o
                0x000000000000e038                xTaskRemoveFromEventList
 .text.vTaskSetTimeOutState
                0x000000000000e0f8       0x34 bin/tasks.o
                0x000000000000e0f8                vTaskSetTimeOutState
 .text.xTaskCheckForTimeOut
                0x000000000000e12c       0x98 bin/tasks.o
                0x000000000000e12c                xTaskCheckForTimeOut
 .text.vTaskMissedYield
                0x000000000000e1c4       0x18 bin/tasks.o
                0x000000000000e1c4                vTaskMissedYield
 .text.prvIdleTask
                0x000000000000e1dc       0x6c bin/tasks.o
 .text.eTaskConfirmSleepModeStatus
                0x000000000000e248       0x5c bin/tasks.o
                0x000000000000e248                eTaskConfirmSleepModeStatus
 .text.prvInitialiseTaskLists
                0x000000000000e2a4       0x74 bin/tasks.o
 .text.prvCheckTasksWaitingTermination
                0x000000000000e318        0xe bin/tasks.o
 *fill*         0x000000000000e326        0x2 
 .text.prvResetNextTaskUnblockTime
                0x000000000000e328       0x4c bin/tasks.o
 .text.xTaskGetSchedulerState
                0x000000000000e374       0x3c bin/tasks.o
                0x000000000000e374                xTaskGetSchedulerState
 .text.prvAddCurrentTaskToDelayedList
                0x000000000000e3b0       0xcc bin/tasks.o
 .text.xTimerCreateTimerTask
                0x000000000000e47c       0x50 bin/timers.o
                0x000000000000e47c                xTimerCreateTimerTask
 .text.xTimerCreate
                0x000000000000e4cc       0x3a bin/timers.o
                0x000000000000e4cc                xTimerCreate
 .text.prvInitialiseNewTimer
                0x000000000000e506       0x50 bin/timers.o
 *fill*         0x000000000000e556        0x2 
 .text.xTimerGenericCommand
                0x000000000000e558       0x88 bin/timers.o
                0x000000000000e558                xTimerGenericCommand
 .text.prvProcessExpiredTimer
                0x000000000000e5e0       0x6c bin/timers.o
 .text.prvTimerTask
                0x000000000000e64c       0x24 bin/timers.o
 .text.prvProcessTimerOrBlockTask
                0x000000000000e670       0x9c bin/timers.o
 .text.prvGetNextExpireTime
                0x000000000000e70c       0x48 bin/timers.o
 .text.prvSampleTimeNow
                0x000000000000e754       0x40 bin/timers.o
 .text.prvInsertTimerInActiveList
                0x000000000000e794       0x84 bin/timers.o
 .text.prvProcessReceivedCommands
                0x000000000000e818      0x124 bin/timers.o
 .text.prvSwitchTimerLists
                0x000000000000e93c       0xb0 bin/timers.o
 .text.prvCheckForValidListAndQueue
                0x000000000000e9ec       0x54 bin/timers.o
 .text.pvPortMalloc
                0x000000000000ea40      0x154 bin/heap_4.o
                0x000000000000ea40                pvPortMalloc
 .text.vPortFree
                0x000000000000eb94       0x8c bin/heap_4.o
                0x000000000000eb94                vPortFree
 .text.xPortGetFreeHeapSize
                0x000000000000ec20       0x18 bin/heap_4.o
                0x000000000000ec20                xPortGetFreeHeapSize
 .text.prvHeapInit
                0x000000000000ec38       0xc4 bin/heap_4.o
 .text.prvInsertBlockIntoFreeList
                0x000000000000ecfc       0xb4 bin/heap_4.o
 .text.__NVIC_EnableIRQ
                0x000000000000edb0       0x3c bin/port.o
 .text.__NVIC_SetPriority
                0x000000000000edec       0x54 bin/port.o
 .text.pxPortInitialiseStack
                0x000000000000ee40       0x68 bin/port.o
                0x000000000000ee40                pxPortInitialiseStack
 .text.prvTaskExitError
                0x000000000000eea8       0x2c bin/port.o
 *fill*         0x000000000000eed4        0xc 
 .text.SVC_Handler
                0x000000000000eee0       0x28 bin/port.o
                0x000000000000eee0                SVC_Handler
 .text.prvPortStartFirstTask
                0x000000000000ef08       0x20 bin/port.o
 .text.vPortEnableVFP
                0x000000000000ef28       0x14 bin/port.o
 .text.xPortStartScheduler
                0x000000000000ef3c      0x108 bin/port.o
                0x000000000000ef3c                xPortStartScheduler
 .text.vPortEnterCritical
                0x000000000000f044       0x4c bin/port.o
                0x000000000000f044                vPortEnterCritical
 .text.vPortExitCritical
                0x000000000000f090       0x3c bin/port.o
                0x000000000000f090                vPortExitCritical
 *fill*         0x000000000000f0cc        0x4 
 .text.PendSV_Handler
                0x000000000000f0d0       0x68 bin/port.o
                0x000000000000f0d0                PendSV_Handler
 .text.SysTick_Handler
                0x000000000000f138       0x50 bin/port.o
                0x000000000000f138                SysTick_Handler
 .text.vPortValidateInterruptPriority
                0x000000000000f188       0x58 bin/port.o
                0x000000000000f188                vPortValidateInterruptPriority
 .text.vPortSuppressTicksAndSleep
                0x000000000000f1e0       0xf0 bin/port.o
                0x000000000000f1e0                vPortSuppressTicksAndSleep
 .text.xPortStimerTickHandler
                0x000000000000f2d0       0xc4 bin/port.o
                0x000000000000f2d0                xPortStimerTickHandler
 .text.am_stimer_cmpr0_isr
                0x000000000000f394       0x2a bin/port.o
                0x000000000000f394                am_stimer_cmpr0_isr
 *fill*         0x000000000000f3be        0x2 
 .text.vPortSetupTimerInterrupt
                0x000000000000f3c0       0x7c bin/port.o
                0x000000000000f3c0                vPortSetupTimerInterrupt
 .text.am_hal_pdm_initialize
                0x000000000000f43c       0xbc bin/am_hal_pdm.o
                0x000000000000f43c                am_hal_pdm_initialize
 .text.am_hal_pdm_power_control
                0x000000000000f4f8       0xd0 bin/am_hal_pdm.o
                0x000000000000f4f8                am_hal_pdm_power_control
 .text.am_hal_pdm_configure
                0x000000000000f5c8      0x1b8 bin/am_hal_pdm.o
                0x000000000000f5c8                am_hal_pdm_configure
 .text.am_hal_pdm_enable
                0x000000000000f780       0x64 bin/am_hal_pdm.o
                0x000000000000f780                am_hal_pdm_enable
 .text.am_hal_pdm_dma_start
                0x000000000000f7e4      0x108 bin/am_hal_pdm.o
                0x000000000000f7e4                am_hal_pdm_dma_start
 .text.am_hal_pdm_fifo_flush
                0x000000000000f8ec       0x54 bin/am_hal_pdm.o
                0x000000000000f8ec                am_hal_pdm_fifo_flush
 .text.am_hal_pdm_interrupt_enable
                0x000000000000f940       0x60 bin/am_hal_pdm.o
                0x000000000000f940                am_hal_pdm_interrupt_enable
 .text.am_hal_pdm_interrupt_clear
                0x000000000000f9a0       0x58 bin/am_hal_pdm.o
                0x000000000000f9a0                am_hal_pdm_interrupt_clear
 .text.am_hal_pdm_interrupt_status_get
                0x000000000000f9f8       0x80 bin/am_hal_pdm.o
                0x000000000000f9f8                am_hal_pdm_interrupt_status_get
 .text.pincfg_equ
                0x000000000000fa78       0x30 bin/am_hal_gpio.o
 .text.am_hal_gpio_pinconfig
                0x000000000000faa8      0x3b8 bin/am_hal_gpio.o
                0x000000000000faa8                am_hal_gpio_pinconfig
 .text.am_hal_gpio_state_read
                0x000000000000fe60       0xc8 bin/am_hal_gpio.o
                0x000000000000fe60                am_hal_gpio_state_read
 .text.am_hal_gpio_state_write
                0x000000000000ff28      0x108 bin/am_hal_gpio.o
                0x000000000000ff28                am_hal_gpio_state_write
 .text.am_hal_gpio_interrupt_enable
                0x0000000000010030       0x7c bin/am_hal_gpio.o
                0x0000000000010030                am_hal_gpio_interrupt_enable
 .text.am_hal_gpio_interrupt_clear
                0x00000000000100ac       0x6c bin/am_hal_gpio.o
                0x00000000000100ac                am_hal_gpio_interrupt_clear
 .text.am_hal_gpio_interrupt_status_get
                0x0000000000010118       0xd8 bin/am_hal_gpio.o
                0x0000000000010118                am_hal_gpio_interrupt_status_get
 .text.am_util_delay_ms
                0x00000000000101f0       0x3c bin/am_util_delay.o
                0x00000000000101f0                am_util_delay_ms
 .text.am_util_delay_us
                0x000000000001022c       0x3c bin/am_util_delay.o
                0x000000000001022c                am_util_delay_us
 .text.HardFault_Handler
                0x0000000000010268       0x1e bin/am_util_faultisr.o
                0x0000000000010268                HardFault_Handler
 .text.getStackedReg
                0x0000000000010286        0xc bin/am_util_faultisr.o
                0x0000000000010286                getStackedReg
 *fill*         0x0000000000010292        0x2 
 .text.am_util_faultisr_collect_data
                0x0000000000010294       0xe4 bin/am_util_faultisr.o
                0x0000000000010294                am_util_faultisr_collect_data
 .text.am_util_stdio_printf_init
                0x0000000000010378       0x20 bin/am_util_stdio.o
                0x0000000000010378                am_util_stdio_printf_init
 .text.divu64_10
                0x0000000000010398      0x1be bin/am_util_stdio.o
 .text.ndigits_in_u64
                0x0000000000010556       0x42 bin/am_util_stdio.o
 .text.ndigits_in_i64
                0x0000000000010598       0x3a bin/am_util_stdio.o
 .text.ndigits_in_hex
                0x00000000000105d2       0x50 bin/am_util_stdio.o
 .text.decstr_to_int
                0x0000000000010622       0x8c bin/am_util_stdio.o
 .text.uint64_to_str
                0x00000000000106ae       0x90 bin/am_util_stdio.o
 .text.uint64_to_hexstr
                0x000000000001073e       0xc8 bin/am_util_stdio.o
 .text.simple_strlen
                0x0000000000010806       0x36 bin/am_util_stdio.o
 .text.padbuffer
                0x000000000001083c       0x4a bin/am_util_stdio.o
 *fill*         0x0000000000010886        0x2 
 .text.ftoa     0x0000000000010888      0x1fc bin/am_util_stdio.o
 .text.am_util_stdio_vsprintf
                0x0000000000010a84      0x614 bin/am_util_stdio.o
                0x0000000000010a84                am_util_stdio_vsprintf
 .text.am_util_stdio_printf
                0x0000000000011098       0x48 bin/am_util_stdio.o
                0x0000000000011098                am_util_stdio_printf
 .text.am_app_utils_ring_buffer_init
                0x00000000000110e0       0x88 bin/am_app_utils_ring_buffer.o
                0x00000000000110e0                am_app_utils_ring_buffer_init
 .text.am_app_utils_ring_buffer_init_all
                0x0000000000011168       0x44 bin/am_app_utils_ring_buffer.o
                0x0000000000011168                am_app_utils_ring_buffer_init_all
 .text.am_app_utils_ring_buffer_push
                0x00000000000111ac      0x15c bin/am_app_utils_ring_buffer.o
                0x00000000000111ac                am_app_utils_ring_buffer_push
 .text.am_app_utils_ring_buffer_pop
                0x0000000000011308       0xfc bin/am_app_utils_ring_buffer.o
                0x0000000000011308                am_app_utils_ring_buffer_pop
 .text.am_app_utils_get_ring_buffer_status
                0x0000000000011404       0x6c bin/am_app_utils_ring_buffer.o
                0x0000000000011404                am_app_utils_get_ring_buffer_status
 .text.am_app_utils_task_init
                0x0000000000011470       0x46 bin/am_app_utils_task.o
                0x0000000000011470                am_app_utils_task_init
 .text.am_app_utils_task_create
                0x00000000000114b6       0x74 bin/am_app_utils_task.o
                0x00000000000114b6                am_app_utils_task_create
 .text.am_app_utils_task_create_all_tasks
                0x000000000001152a       0x52 bin/am_app_utils_task.o
                0x000000000001152a                am_app_utils_task_create_all_tasks
 .text.am_app_utils_timer_create
                0x000000000001157c       0x3e bin/am_app_utils_task.o
                0x000000000001157c                am_app_utils_timer_create
 .text.am_app_utils_timer_create_all_timers
                0x00000000000115ba       0x4a bin/am_app_utils_task.o
                0x00000000000115ba                am_app_utils_timer_create_all_timers
 .text.am_app_utils_task_send
                0x0000000000011604       0x82 bin/am_app_utils_task.o
                0x0000000000011604                am_app_utils_task_send
 *fill*         0x0000000000011686        0x2 
 .text.am_app_utils_task_send_fromISR
                0x0000000000011688       0xa4 bin/am_app_utils_task.o
                0x0000000000011688                am_app_utils_task_send_fromISR
 .text.am_app_utils_task_read
                0x000000000001172c       0x4a bin/am_app_utils_task.o
                0x000000000001172c                am_app_utils_task_read
 *fill*         0x0000000000011776        0x2 
 .text.am_devices_led_init
                0x0000000000011778       0x9c bin/am_devices_led.o
                0x0000000000011778                am_devices_led_init
 .text.am_devices_led_array_init
                0x0000000000011814       0x42 bin/am_devices_led.o
                0x0000000000011814                am_devices_led_array_init
 .text.am_devices_led_off
                0x0000000000011856       0x7c bin/am_devices_led.o
                0x0000000000011856                am_devices_led_off
 .text.am_devices_led_toggle
                0x00000000000118d2       0x9e bin/am_devices_led.o
                0x00000000000118d2                am_devices_led_toggle
 .text._DoInit  0x0000000000011970       0xa4 bin/SEGGER_RTT.o
 .text.SEGGER_RTT_ReadNoLock
                0x0000000000011a14      0x104 bin/SEGGER_RTT.o
                0x0000000000011a14                SEGGER_RTT_ReadNoLock
 .text.SEGGER_RTT_WriteSkipNoLock
                0x0000000000011b18      0x120 bin/SEGGER_RTT.o
                0x0000000000011b18                SEGGER_RTT_WriteSkipNoLock
 .text.SEGGER_RTT_ConfigUpBuffer
                0x0000000000011c38       0xd4 bin/SEGGER_RTT.o
                0x0000000000011c38                SEGGER_RTT_ConfigUpBuffer
 .text.SEGGER_RTT_ConfigDownBuffer
                0x0000000000011d0c       0xd4 bin/SEGGER_RTT.o
                0x0000000000011d0c                SEGGER_RTT_ConfigDownBuffer
 .text.SEGGER_RTT_Init
                0x0000000000011de0        0xc bin/SEGGER_RTT.o
                0x0000000000011de0                SEGGER_RTT_Init
 .text._EncodeStr
                0x0000000000011dec       0x9a bin/SEGGER_SYSVIEW.o
 .text._PreparePacket
                0x0000000000011e86       0x18 bin/SEGGER_SYSVIEW.o
 .text._HandleIncomingPacket
                0x0000000000011e9e       0xb8 bin/SEGGER_SYSVIEW.o
 *fill*         0x0000000000011f56        0x2 
 .text._TrySendOverflowPacket
                0x0000000000011f58       0xe0 bin/SEGGER_SYSVIEW.o
 .text._SendPacket
                0x0000000000012038      0x1a8 bin/SEGGER_SYSVIEW.o
 .text.SEGGER_SYSVIEW_Init
                0x00000000000121e0       0x80 bin/SEGGER_SYSVIEW.o
                0x00000000000121e0                SEGGER_SYSVIEW_Init
 .text.SEGGER_SYSVIEW_SetRAMBase
                0x0000000000012260       0x20 bin/SEGGER_SYSVIEW.o
                0x0000000000012260                SEGGER_SYSVIEW_SetRAMBase
 .text.SEGGER_SYSVIEW_RecordVoid
                0x0000000000012280       0x3c bin/SEGGER_SYSVIEW.o
                0x0000000000012280                SEGGER_SYSVIEW_RecordVoid
 .text.SEGGER_SYSVIEW_RecordU32
                0x00000000000122bc       0x78 bin/SEGGER_SYSVIEW.o
                0x00000000000122bc                SEGGER_SYSVIEW_RecordU32
 .text.SEGGER_SYSVIEW_RecordU32x2
                0x0000000000012334       0xb4 bin/SEGGER_SYSVIEW.o
                0x0000000000012334                SEGGER_SYSVIEW_RecordU32x2
 .text.SEGGER_SYSVIEW_RecordU32x3
                0x00000000000123e8       0xec bin/SEGGER_SYSVIEW.o
                0x00000000000123e8                SEGGER_SYSVIEW_RecordU32x3
 .text.SEGGER_SYSVIEW_Start
                0x00000000000124d4      0x178 bin/SEGGER_SYSVIEW.o
                0x00000000000124d4                SEGGER_SYSVIEW_Start
 .text.SEGGER_SYSVIEW_Stop
                0x000000000001264c       0x4c bin/SEGGER_SYSVIEW.o
                0x000000000001264c                SEGGER_SYSVIEW_Stop
 .text.SEGGER_SYSVIEW_GetSysDesc
                0x0000000000012698      0x134 bin/SEGGER_SYSVIEW.o
                0x0000000000012698                SEGGER_SYSVIEW_GetSysDesc
 .text.SEGGER_SYSVIEW_SendTaskInfo
                0x00000000000127cc      0x1cc bin/SEGGER_SYSVIEW.o
                0x00000000000127cc                SEGGER_SYSVIEW_SendTaskInfo
 .text.SEGGER_SYSVIEW_SendTaskList
                0x0000000000012998       0x28 bin/SEGGER_SYSVIEW.o
                0x0000000000012998                SEGGER_SYSVIEW_SendTaskList
 .text.SEGGER_SYSVIEW_SendSysDesc
                0x00000000000129c0       0x48 bin/SEGGER_SYSVIEW.o
                0x00000000000129c0                SEGGER_SYSVIEW_SendSysDesc
 .text.SEGGER_SYSVIEW_RecordSystime
                0x0000000000012a08       0x60 bin/SEGGER_SYSVIEW.o
                0x0000000000012a08                SEGGER_SYSVIEW_RecordSystime
 .text.SEGGER_SYSVIEW_RecordEnterISR
                0x0000000000012a68       0x84 bin/SEGGER_SYSVIEW.o
                0x0000000000012a68                SEGGER_SYSVIEW_RecordEnterISR
 .text.SEGGER_SYSVIEW_RecordExitISR
                0x0000000000012aec       0x38 bin/SEGGER_SYSVIEW.o
                0x0000000000012aec                SEGGER_SYSVIEW_RecordExitISR
 .text.SEGGER_SYSVIEW_RecordExitISRToScheduler
                0x0000000000012b24       0x38 bin/SEGGER_SYSVIEW.o
                0x0000000000012b24                SEGGER_SYSVIEW_RecordExitISRToScheduler
 .text.SEGGER_SYSVIEW_OnIdle
                0x0000000000012b5c       0x38 bin/SEGGER_SYSVIEW.o
                0x0000000000012b5c                SEGGER_SYSVIEW_OnIdle
 .text.SEGGER_SYSVIEW_OnTaskCreate
                0x0000000000012b94       0x88 bin/SEGGER_SYSVIEW.o
                0x0000000000012b94                SEGGER_SYSVIEW_OnTaskCreate
 .text.SEGGER_SYSVIEW_OnTaskStartExec
                0x0000000000012c1c       0x88 bin/SEGGER_SYSVIEW.o
                0x0000000000012c1c                SEGGER_SYSVIEW_OnTaskStartExec
 .text.SEGGER_SYSVIEW_OnTaskStartReady
                0x0000000000012ca4       0x88 bin/SEGGER_SYSVIEW.o
                0x0000000000012ca4                SEGGER_SYSVIEW_OnTaskStartReady
 .text.SEGGER_SYSVIEW_OnTaskStopReady
                0x0000000000012d2c       0xc0 bin/SEGGER_SYSVIEW.o
                0x0000000000012d2c                SEGGER_SYSVIEW_OnTaskStopReady
 .text.SEGGER_SYSVIEW_SendPacket
                0x0000000000012dec       0x38 bin/SEGGER_SYSVIEW.o
                0x0000000000012dec                SEGGER_SYSVIEW_SendPacket
 .text.SEGGER_SYSVIEW_EncodeU32
                0x0000000000012e24       0x50 bin/SEGGER_SYSVIEW.o
                0x0000000000012e24                SEGGER_SYSVIEW_EncodeU32
 .text.SEGGER_SYSVIEW_ShrinkId
                0x0000000000012e74       0x24 bin/SEGGER_SYSVIEW.o
                0x0000000000012e74                SEGGER_SYSVIEW_ShrinkId
 .text.SEGGER_SYSVIEW_SendModule
                0x0000000000012e98      0x100 bin/SEGGER_SYSVIEW.o
                0x0000000000012e98                SEGGER_SYSVIEW_SendModule
 .text.SEGGER_SYSVIEW_SendModuleDescription
                0x0000000000012f98       0x3c bin/SEGGER_SYSVIEW.o
                0x0000000000012f98                SEGGER_SYSVIEW_SendModuleDescription
 .text.SEGGER_SYSVIEW_SendNumModules
                0x0000000000012fd4       0x7c bin/SEGGER_SYSVIEW.o
                0x0000000000012fd4                SEGGER_SYSVIEW_SendNumModules
 .text.SEGGER_SYSVIEW_Warn
                0x0000000000013050       0xb8 bin/SEGGER_SYSVIEW.o
                0x0000000000013050                SEGGER_SYSVIEW_Warn
 .text._cbSendTaskList
                0x0000000000013108       0x90 bin/SEGGER_SYSVIEW_FreeRTOS.o
 .text._cbGetTime
                0x0000000000013198       0x76 bin/SEGGER_SYSVIEW_FreeRTOS.o
 *fill*         0x000000000001320e        0x2 
 .text.SYSVIEW_AddTask
                0x0000000000013210       0xd0 bin/SEGGER_SYSVIEW_FreeRTOS.o
                0x0000000000013210                SYSVIEW_AddTask
 .text.SYSVIEW_SendTaskInfo
                0x00000000000132e0       0x42 bin/SEGGER_SYSVIEW_FreeRTOS.o
                0x00000000000132e0                SYSVIEW_SendTaskInfo
 .text.SYSVIEW_RecordU32x4
                0x0000000000013322       0x54 bin/SEGGER_SYSVIEW_FreeRTOS.o
                0x0000000000013322                SYSVIEW_RecordU32x4
 *fill*         0x0000000000013376        0x2 
 .text._cbSendSystemDesc
                0x0000000000013378       0x1c bin/SEGGER_SYSVIEW_Config_FreeRTOS.o
 .text.SEGGER_SYSVIEW_Conf
                0x0000000000013394       0x28 bin/SEGGER_SYSVIEW_Config_FreeRTOS.o
                0x0000000000013394                SEGGER_SYSVIEW_Conf
 .text.silk_encode_signs
                0x00000000000133bc       0xd0 bin/code_signs.o
                0x00000000000133bc                silk_encode_signs
 .text.ec_tell  0x000000000001348c       0x26 bin/enc_API.o
 .text.silk_Get_Encoder_Size
                0x00000000000134b2       0x22 bin/enc_API.o
                0x00000000000134b2                silk_Get_Encoder_Size
 .text.silk_InitEncoder
                0x00000000000134d4       0x82 bin/enc_API.o
                0x00000000000134d4                silk_InitEncoder
 .text.silk_QueryEncoder
                0x0000000000013556      0x11e bin/enc_API.o
 .text.silk_Encode
                0x0000000000013674     0x1500 bin/enc_API.o
                0x0000000000013674                silk_Encode
 .text.silk_encode_indices
                0x0000000000014b74      0x420 bin/encode_indices.o
                0x0000000000014b74                silk_encode_indices
 .text.combine_and_check
                0x0000000000014f94       0x64 bin/encode_pulses.o
 .text.silk_encode_pulses
                0x0000000000014ff8      0x518 bin/encode_pulses.o
                0x0000000000014ff8                silk_encode_pulses
 .text.silk_min_int
                0x0000000000015510       0x20 bin/gain_quant.o
 .text.silk_min_32
                0x0000000000015530       0x20 bin/gain_quant.o
 .text.silk_max_int
                0x0000000000015550       0x20 bin/gain_quant.o
 .text.silk_gains_quant
                0x0000000000015570      0x2c8 bin/gain_quant.o
                0x0000000000015570                silk_gains_quant
 .text.silk_gains_dequant
                0x0000000000015838      0x11e bin/gain_quant.o
                0x0000000000015838                silk_gains_dequant
 .text.silk_gains_ID
                0x0000000000015956       0x44 bin/gain_quant.o
                0x0000000000015956                silk_gains_ID
 .text.silk_interpolate
                0x000000000001599a       0x7a bin/interpolate.o
                0x000000000001599a                silk_interpolate
 .text.silk_LP_interpolate_filter_taps
                0x0000000000015a14      0x2c0 bin/LP_variable_cutoff.o
 .text.silk_LP_variable_cutoff
                0x0000000000015cd4       0x94 bin/LP_variable_cutoff.o
                0x0000000000015cd4                silk_LP_variable_cutoff
 .text.silk_NLSF_residual_dequant
                0x0000000000015d68       0xa2 bin/NLSF_decode.o
 .text.silk_NLSF_decode
                0x0000000000015e0a      0x102 bin/NLSF_decode.o
                0x0000000000015e0a                silk_NLSF_decode
 .text.silk_CLZ32
                0x0000000000015f0c       0x24 bin/NSQ.o
 .text.silk_DIV32_varQ
                0x0000000000015f30      0x184 bin/NSQ.o
 .text.silk_INVERSE32_varQ
                0x00000000000160b4      0x146 bin/NSQ.o
 .text.silk_noise_shape_quantizer_short_prediction_c
                0x00000000000161fa      0x340 bin/NSQ.o
 .text.silk_NSQ_noise_shape_feedback_loop_c
                0x000000000001653a      0x170 bin/NSQ.o
 *fill*         0x00000000000166aa        0x2 
 .text.silk_NSQ_c
                0x00000000000166ac      0x518 bin/NSQ.o
                0x00000000000166ac                silk_NSQ_c
 .text.silk_noise_shape_quantizer
                0x0000000000016bc4      0x71c bin/NSQ.o
 .text.silk_nsq_scale_states
                0x00000000000172e0      0x40e bin/NSQ.o
 .text.silk_CLZ32
                0x00000000000176ee       0x24 bin/NSQ_del_dec.o
 .text.silk_min_int
                0x0000000000017712       0x20 bin/NSQ_del_dec.o
 .text.silk_DIV32_varQ
                0x0000000000017732      0x184 bin/NSQ_del_dec.o
 .text.silk_INVERSE32_varQ
                0x00000000000178b6      0x146 bin/NSQ_del_dec.o
 .text.silk_noise_shape_quantizer_short_prediction_c
                0x00000000000179fc      0x340 bin/NSQ_del_dec.o
 .text.silk_NSQ_del_dec_c
                0x0000000000017d3c     0x104c bin/NSQ_del_dec.o
                0x0000000000017d3c                silk_NSQ_del_dec_c
 .text.silk_noise_shape_quantizer_del_dec
                0x0000000000018d88     0x101c bin/NSQ_del_dec.o
 .text.silk_nsq_del_dec_scale_states
                0x0000000000019da4      0x4c6 bin/NSQ_del_dec.o
 .text.combine_pulses
                0x000000000001a26a       0x50 bin/shell_coder.o
 *fill*         0x000000000001a2ba        0x2 
 .text.encode_split
                0x000000000001a2bc       0x38 bin/shell_coder.o
 .text.silk_shell_encoder
                0x000000000001a2f4      0x134 bin/shell_coder.o
                0x000000000001a2f4                silk_shell_encoder
 .text.silk_CLZ32
                0x000000000001a428       0x24 bin/VAD.o
 .text.silk_ROR32
                0x000000000001a44c       0x4a bin/VAD.o
 .text.silk_min_int
                0x000000000001a496       0x20 bin/VAD.o
 .text.silk_max_int
                0x000000000001a4b6       0x20 bin/VAD.o
 .text.silk_max_32
                0x000000000001a4d6       0x20 bin/VAD.o
 .text.silk_CLZ_FRAC
                0x000000000001a4f6       0x3a bin/VAD.o
 .text.silk_SQRT_APPROX
                0x000000000001a530       0x9a bin/VAD.o
 .text.silk_VAD_Init
                0x000000000001a5ca       0xc8 bin/VAD.o
                0x000000000001a5ca                silk_VAD_Init
 *fill*         0x000000000001a692        0x2 
 .text.silk_VAD_GetSA_Q8_c
                0x000000000001a694      0x710 bin/VAD.o
                0x000000000001a694                silk_VAD_GetSA_Q8_c
 .text.silk_VAD_GetNoiseLevels
                0x000000000001ada4      0x1c0 bin/VAD.o
 .text.silk_control_audio_bandwidth
                0x000000000001af64      0x248 bin/control_audio_bandwidth.o
                0x000000000001af64                silk_control_audio_bandwidth
 .text.silk_quant_LTP_gains
                0x000000000001b1ac      0x230 bin/quant_LTP_gains.o
                0x000000000001b1ac                silk_quant_LTP_gains
 .text.silk_VQ_WMat_EC_c
                0x000000000001b3dc      0x358 bin/VQ_WMat_EC.o
                0x000000000001b3dc                silk_VQ_WMat_EC_c
 .text.silk_HP_variable_cutoff
                0x000000000001b734      0x21a bin/HP_variable_cutoff.o
                0x000000000001b734                silk_HP_variable_cutoff
 .text.silk_CLZ32
                0x000000000001b94e       0x24 bin/NLSF_encode.o
 .text.silk_DIV32_varQ
                0x000000000001b972      0x184 bin/NLSF_encode.o
 .text.silk_NLSF_encode
                0x000000000001baf6      0x488 bin/NLSF_encode.o
                0x000000000001baf6                silk_NLSF_encode
 .text.silk_NLSF_VQ
                0x000000000001bf7e      0x10e bin/NLSF_VQ.o
                0x000000000001bf7e                silk_NLSF_VQ
 .text.silk_NLSF_unpack
                0x000000000001c08c       0xf4 bin/NLSF_unpack.o
                0x000000000001c08c                silk_NLSF_unpack
 .text.silk_NLSF_del_dec_quant
                0x000000000001c180      0x8de bin/NLSF_del_dec_quant.o
                0x000000000001c180                silk_NLSF_del_dec_quant
 .text.silk_process_NLSFs
                0x000000000001ca5e      0x22c bin/process_NLSFs.o
                0x000000000001ca5e                silk_process_NLSFs
 .text.silk_CLZ32
                0x000000000001cc8a       0x24 bin/stereo_LR_to_MS.o
 .text.silk_max_int
                0x000000000001ccae       0x20 bin/stereo_LR_to_MS.o
 .text.silk_DIV32_varQ
                0x000000000001ccce      0x184 bin/stereo_LR_to_MS.o
 *fill*         0x000000000001ce52        0x2 
 .text.silk_stereo_LR_to_MS
                0x000000000001ce54      0xb94 bin/stereo_LR_to_MS.o
                0x000000000001ce54                silk_stereo_LR_to_MS
 .text.check_control_input
                0x000000000001d9e8      0x1c0 bin/check_control_input.o
                0x000000000001d9e8                check_control_input
 .text.silk_control_SNR
                0x000000000001dba8      0x13c bin/control_SNR.o
                0x000000000001dba8                silk_control_SNR
 .text.silk_init_encoder
                0x000000000001dce4       0x6a bin/init_encoder.o
                0x000000000001dce4                silk_init_encoder
 .text.silk_min_int
                0x000000000001dd4e       0x20 bin/control_codec.o
 .text.silk_max_int
                0x000000000001dd6e       0x20 bin/control_codec.o
 .text.silk_control_encoder
                0x000000000001dd8e      0x18e bin/control_codec.o
                0x000000000001dd8e                silk_control_encoder
 .text.silk_setup_resamplers
                0x000000000001df1c      0x22c bin/control_codec.o
 .text.silk_setup_fs
                0x000000000001e148      0x3f8 bin/control_codec.o
 .text.silk_setup_complexity
                0x000000000001e540      0x42a bin/control_codec.o
 .text.silk_setup_LBRR
                0x000000000001e96a       0x98 bin/control_codec.o
 .text.silk_min_32
                0x000000000001ea02       0x20 bin/A2NLSF.o
 .text.silk_A2NLSF_trans_poly
                0x000000000001ea22       0x9a bin/A2NLSF.o
 .text.silk_A2NLSF_eval_poly
                0x000000000001eabc      0x23c bin/A2NLSF.o
 .text.silk_A2NLSF_init
                0x000000000001ecf8      0x11e bin/A2NLSF.o
 *fill*         0x000000000001ee16        0x2 
 .text.silk_A2NLSF
                0x000000000001ee18      0x3dc bin/A2NLSF.o
                0x000000000001ee18                silk_A2NLSF
 .text.silk_ana_filt_bank_1
                0x000000000001f1f4      0x17c bin/ana_filt_bank_1.o
                0x000000000001f1f4                silk_ana_filt_bank_1
 .text.silk_biquad_alt_stride1
                0x000000000001f370      0x1e4 bin/biquad_alt.o
                0x000000000001f370                silk_biquad_alt_stride1
 .text.silk_biquad_alt_stride2_c
                0x000000000001f554      0x3cc bin/biquad_alt.o
                0x000000000001f554                silk_biquad_alt_stride2_c
 .text.silk_bwexpander_32
                0x000000000001f920       0xfe bin/bwexpander_32.o
                0x000000000001f920                silk_bwexpander_32
 .text.silk_bwexpander
                0x000000000001fa1e       0xa2 bin/bwexpander.o
                0x000000000001fa1e                silk_bwexpander
 .text.silk_inner_prod_aligned_scale
                0x000000000001fac0       0x5e bin/inner_prod_aligned.o
                0x000000000001fac0                silk_inner_prod_aligned_scale
 .text.silk_CLZ32
                0x000000000001fb1e       0x24 bin/lin2log.o
 .text.silk_ROR32
                0x000000000001fb42       0x4a bin/lin2log.o
 .text.silk_CLZ_FRAC
                0x000000000001fb8c       0x3a bin/lin2log.o
 .text.silk_lin2log
                0x000000000001fbc6       0x5a bin/lin2log.o
                0x000000000001fbc6                silk_lin2log
 .text.silk_log2lin
                0x000000000001fc20       0xfa bin/log2lin.o
                0x000000000001fc20                silk_log2lin
 *fill*         0x000000000001fd1a        0x2 
 .text.silk_LPC_analysis_filter
                0x000000000001fd1c      0x1b0 bin/LPC_analysis_filter.o
                0x000000000001fd1c                silk_LPC_analysis_filter
 .text.silk_CLZ32
                0x000000000001fecc       0x24 bin/LPC_inv_pred_gain.o
 .text.silk_INVERSE32_varQ
                0x000000000001fef0      0x146 bin/LPC_inv_pred_gain.o
 *fill*         0x0000000000020036        0x2 
 .text.LPC_inverse_pred_gain_QA_c
                0x0000000000020038      0xe2c bin/LPC_inv_pred_gain.o
 .text.silk_LPC_inverse_pred_gain_c
                0x0000000000020e64       0x76 bin/LPC_inv_pred_gain.o
                0x0000000000020e64                silk_LPC_inverse_pred_gain_c
 .text.silk_NLSF2A_find_poly
                0x0000000000020eda      0x15a bin/NLSF2A.o
 .text.silk_NLSF2A
                0x0000000000021034      0x26c bin/NLSF2A.o
                0x0000000000021034                silk_NLSF2A
 .text.silk_min_int
                0x00000000000212a0       0x20 bin/NLSF_stabilize.o
 .text.silk_max_int
                0x00000000000212c0       0x20 bin/NLSF_stabilize.o
 .text.silk_NLSF_stabilize
                0x00000000000212e0      0x5b8 bin/NLSF_stabilize.o
                0x00000000000212e0                silk_NLSF_stabilize
 .text.silk_min_int
                0x0000000000021898       0x20 bin/NLSF_VQ_weights_laroia.o
 .text.silk_max_int
                0x00000000000218b8       0x20 bin/NLSF_VQ_weights_laroia.o
 .text.silk_NLSF_VQ_weights_laroia
                0x00000000000218d8      0x17e bin/NLSF_VQ_weights_laroia.o
                0x00000000000218d8                silk_NLSF_VQ_weights_laroia
 *fill*         0x0000000000021a56        0x2 
 .text.silk_resampler_init
                0x0000000000021a58      0x3a8 bin/resampler.o
                0x0000000000021a58                silk_resampler_init
 .text.silk_resampler
                0x0000000000021e00      0x168 bin/resampler.o
                0x0000000000021e00                silk_resampler
 .text.silk_resampler_down2_3
                0x0000000000021f68      0x328 bin/resampler_down2_3.o
                0x0000000000021f68                silk_resampler_down2_3
 .text.silk_resampler_down2
                0x0000000000022290      0x120 bin/resampler_down2.o
                0x0000000000022290                silk_resampler_down2
 .text.silk_resampler_private_AR2
                0x00000000000223b0       0xac bin/resampler_private_AR2.o
                0x00000000000223b0                silk_resampler_private_AR2
 .text.silk_resampler_private_down_FIR_INTERPOL
                0x000000000002245c      0xcb0 bin/resampler_private_down_FIR.o
 .text.silk_resampler_private_down_FIR
                0x000000000002310c      0x14e bin/resampler_private_down_FIR.o
                0x000000000002310c                silk_resampler_private_down_FIR
 *fill*         0x000000000002325a        0x2 
 .text.silk_resampler_private_IIR_FIR_INTERPOL
                0x000000000002325c      0x194 bin/resampler_private_IIR_FIR.o
 .text.silk_resampler_private_IIR_FIR
                0x00000000000233f0      0x10a bin/resampler_private_IIR_FIR.o
                0x00000000000233f0                silk_resampler_private_IIR_FIR
 *fill*         0x00000000000234fa        0x2 
 .text.silk_resampler_private_up2_HQ
                0x00000000000234fc      0x24c bin/resampler_private_up2_HQ.o
                0x00000000000234fc                silk_resampler_private_up2_HQ
 .text.silk_resampler_private_up2_HQ_wrapper
                0x0000000000023748       0x26 bin/resampler_private_up2_HQ.o
                0x0000000000023748                silk_resampler_private_up2_HQ_wrapper
 *fill*         0x000000000002376e        0x2 
 .text.silk_sigm_Q15
                0x0000000000023770       0x94 bin/sigm_Q15.o
                0x0000000000023770                silk_sigm_Q15
 .text.silk_insertion_sort_increasing
                0x0000000000023804      0x168 bin/sort.o
                0x0000000000023804                silk_insertion_sort_increasing
 .text.silk_insertion_sort_decreasing_int16
                0x000000000002396c      0x180 bin/sort.o
                0x000000000002396c                silk_insertion_sort_decreasing_int16
 .text.silk_insertion_sort_increasing_all_values_int16
                0x0000000000023aec       0x88 bin/sort.o
                0x0000000000023aec                silk_insertion_sort_increasing_all_values_int16
 .text.silk_CLZ32
                0x0000000000023b74       0x24 bin/sum_sqr_shift.o
 .text.silk_max_32
                0x0000000000023b98       0x20 bin/sum_sqr_shift.o
 .text.silk_sum_sqr_shift
                0x0000000000023bb8      0x190 bin/sum_sqr_shift.o
                0x0000000000023bb8                silk_sum_sqr_shift
 .text.silk_stereo_encode_pred
                0x0000000000023d48       0x90 bin/stereo_encode_pred.o
                0x0000000000023d48                silk_stereo_encode_pred
 .text.silk_stereo_encode_mid_only
                0x0000000000023dd8       0x28 bin/stereo_encode_pred.o
                0x0000000000023dd8                silk_stereo_encode_mid_only
 .text.silk_CLZ32
                0x0000000000023e00       0x24 bin/stereo_find_predictor.o
 .text.silk_ROR32
                0x0000000000023e24       0x4a bin/stereo_find_predictor.o
 .text.silk_max_int
                0x0000000000023e6e       0x20 bin/stereo_find_predictor.o
 .text.silk_CLZ_FRAC
                0x0000000000023e8e       0x3a bin/stereo_find_predictor.o
 .text.silk_SQRT_APPROX
                0x0000000000023ec8       0x9a bin/stereo_find_predictor.o
 .text.silk_DIV32_varQ
                0x0000000000023f62      0x184 bin/stereo_find_predictor.o
 *fill*         0x00000000000240e6        0x2 
 .text.silk_stereo_find_predictor
                0x00000000000240e8      0x224 bin/stereo_find_predictor.o
                0x00000000000240e8                silk_stereo_find_predictor
 .text.silk_stereo_quant_pred
                0x000000000002430c      0x198 bin/stereo_quant_pred.o
                0x000000000002430c                silk_stereo_quant_pred
 .text.silk_LPC_fit
                0x00000000000244a4      0x2b0 bin/LPC_fit.o
                0x00000000000244a4                silk_LPC_fit
 .text.silk_LTP_analysis_filter_FIX
                0x0000000000024754      0x234 bin/LTP_analysis_filter_FIX.o
                0x0000000000024754                silk_LTP_analysis_filter_FIX
 .text.silk_LTP_scale_ctrl_FIX
                0x0000000000024988      0x150 bin/LTP_scale_ctrl_FIX.o
                0x0000000000024988                silk_LTP_scale_ctrl_FIX
 .text.silk_corrVector_FIX
                0x0000000000024ad8       0xcc bin/corrMatrix_FIX.o
                0x0000000000024ad8                silk_corrVector_FIX
 .text.silk_corrMatrix_FIX
                0x0000000000024ba4      0x366 bin/corrMatrix_FIX.o
                0x0000000000024ba4                silk_corrMatrix_FIX
 .text.silk_min_int
                0x0000000000024f0a       0x20 bin/encode_frame_FIX.o
 .text.ec_tell  0x0000000000024f2a       0x26 bin/encode_frame_FIX.o
 .text.silk_encode_do_VAD_FIX
                0x0000000000024f50       0xe0 bin/encode_frame_FIX.o
                0x0000000000024f50                silk_encode_do_VAD_FIX
 .text.silk_encode_frame_FIX
                0x0000000000025030     0x1428 bin/encode_frame_FIX.o
                0x0000000000025030                silk_encode_frame_FIX
 .text.silk_LBRR_encode_FIX
                0x0000000000026458      0x424 bin/encode_frame_FIX.o
 .text.silk_find_LPC_FIX
                0x000000000002687c      0x428 bin/find_LPC_FIX.o
                0x000000000002687c                silk_find_LPC_FIX
 .text.silk_find_LTP_FIX
                0x0000000000026ca4      0x1da bin/find_LTP_FIX.o
                0x0000000000026ca4                silk_find_LTP_FIX
 .text.silk_CLZ32
                0x0000000000026e7e       0x24 bin/find_pitch_lags_FIX.o
 .text.silk_max_int
                0x0000000000026ea2       0x20 bin/find_pitch_lags_FIX.o
 .text.silk_DIV32_varQ
                0x0000000000026ec2      0x184 bin/find_pitch_lags_FIX.o
 *fill*         0x0000000000027046        0x2 
 .text.silk_find_pitch_lags_FIX
                0x0000000000027048      0x4d4 bin/find_pitch_lags_FIX.o
                0x0000000000027048                silk_find_pitch_lags_FIX
 .text.silk_CLZ32
                0x000000000002751c       0x24 bin/find_pred_coefs_FIX.o
 .text.silk_DIV32_varQ
                0x0000000000027540      0x184 bin/find_pred_coefs_FIX.o
 .text.silk_find_pred_coefs_FIX
                0x00000000000276c4      0x520 bin/find_pred_coefs_FIX.o
                0x00000000000276c4                silk_find_pred_coefs_FIX
 .text.silk_CLZ32
                0x0000000000027be4       0x24 bin/noise_shape_analysis_FIX.o
 .text.silk_ROR32
                0x0000000000027c08       0x4a bin/noise_shape_analysis_FIX.o
 .text.silk_max_32
                0x0000000000027c52       0x20 bin/noise_shape_analysis_FIX.o
 .text.silk_CLZ_FRAC
                0x0000000000027c72       0x3a bin/noise_shape_analysis_FIX.o
 .text.silk_SQRT_APPROX
                0x0000000000027cac       0x9a bin/noise_shape_analysis_FIX.o
 .text.silk_DIV32_varQ
                0x0000000000027d46      0x184 bin/noise_shape_analysis_FIX.o
 .text.silk_INVERSE32_varQ
                0x0000000000027eca      0x146 bin/noise_shape_analysis_FIX.o
 .text.warped_gain
                0x0000000000028010       0xa2 bin/noise_shape_analysis_FIX.o
 .text.limit_warped_coefs
                0x00000000000280b2      0x438 bin/noise_shape_analysis_FIX.o
 *fill*         0x00000000000284ea        0x2 
 .text.silk_noise_shape_analysis_FIX
                0x00000000000284ec     0x1048 bin/noise_shape_analysis_FIX.o
                0x00000000000284ec                silk_noise_shape_analysis_FIX
 .text.silk_CLZ32
                0x0000000000029534       0x24 bin/process_gains_FIX.o
 .text.silk_ROR32
                0x0000000000029558       0x4a bin/process_gains_FIX.o
 .text.silk_CLZ_FRAC
                0x00000000000295a2       0x3a bin/process_gains_FIX.o
 .text.silk_SQRT_APPROX
                0x00000000000295dc       0x9a bin/process_gains_FIX.o
 *fill*         0x0000000000029676        0x2 
 .text.silk_process_gains_FIX
                0x0000000000029678      0x4fc bin/process_gains_FIX.o
                0x0000000000029678                silk_process_gains_FIX
 .text.silk_CLZ32
                0x0000000000029b74       0x24 bin/residual_energy_FIX.o
 .text.silk_residual_energy_FIX
                0x0000000000029b98      0x1fc bin/residual_energy_FIX.o
                0x0000000000029b98                silk_residual_energy_FIX
 .text.silk_CLZ32
                0x0000000000029d94       0x24 bin/warped_autocorrelation_FIX.o
 .text.silk_CLZ64
                0x0000000000029db8       0x40 bin/warped_autocorrelation_FIX.o
 .text.silk_warped_autocorrelation_FIX_c
                0x0000000000029df8      0x41c bin/warped_autocorrelation_FIX.o
                0x0000000000029df8                silk_warped_autocorrelation_FIX_c
 .text.silk_apply_sine_window
                0x000000000002a214      0x238 bin/apply_sine_window_FIX.o
                0x000000000002a214                silk_apply_sine_window
 .text.silk_min_int
                0x000000000002a44c       0x20 bin/autocorr_FIX.o
 .text.silk_autocorr
                0x000000000002a46c       0x40 bin/autocorr_FIX.o
                0x000000000002a46c                silk_autocorr
 .text.silk_CLZ32
                0x000000000002a4ac       0x24 bin/burg_modified_FIX.o
 .text.silk_ROR32
                0x000000000002a4d0       0x4a bin/burg_modified_FIX.o
 .text.silk_CLZ64
                0x000000000002a51a       0x40 bin/burg_modified_FIX.o
 .text.silk_CLZ_FRAC
                0x000000000002a55a       0x3a bin/burg_modified_FIX.o
 .text.silk_SQRT_APPROX
                0x000000000002a594       0x9a bin/burg_modified_FIX.o
 .text.silk_DIV32_varQ
                0x000000000002a62e      0x184 bin/burg_modified_FIX.o
 .text.silk_burg_modified_c
                0x000000000002a7b2     0x1454 bin/burg_modified_FIX.o
                0x000000000002a7b2                silk_burg_modified_c
 .text.silk_k2a
                0x000000000002bc06       0xf6 bin/k2a_FIX.o
                0x000000000002bc06                silk_k2a
 .text.silk_k2a_Q16
                0x000000000002bcfc      0x102 bin/k2a_Q16_FIX.o
                0x000000000002bcfc                silk_k2a_Q16
 .text.silk_CLZ32
                0x000000000002bdfe       0x24 bin/pitch_analysis_core_FIX.o
 .text.silk_min_int
                0x000000000002be22       0x20 bin/pitch_analysis_core_FIX.o
 .text.silk_max_int
                0x000000000002be42       0x20 bin/pitch_analysis_core_FIX.o
 .text.silk_DIV32_varQ
                0x000000000002be62      0x184 bin/pitch_analysis_core_FIX.o
 *fill*         0x000000000002bfe6        0x2 
 .text.silk_pitch_analysis_core
                0x000000000002bfe8     0x1524 bin/pitch_analysis_core_FIX.o
                0x000000000002bfe8                silk_pitch_analysis_core
 .text.silk_P_Ana_calc_corr_st3
                0x000000000002d50c      0x224 bin/pitch_analysis_core_FIX.o
 .text.silk_P_Ana_calc_energy_st3
                0x000000000002d730      0x37c bin/pitch_analysis_core_FIX.o
 .text.celt_inner_prod_c
                0x000000000002daac       0x56 bin/vector_ops_FIX.o
 .text.silk_scale_copy_vector16
                0x000000000002db02       0x6a bin/vector_ops_FIX.o
                0x000000000002db02                silk_scale_copy_vector16
 .text.silk_inner_prod_aligned
                0x000000000002db6c       0x22 bin/vector_ops_FIX.o
                0x000000000002db6c                silk_inner_prod_aligned
 .text.silk_inner_prod16_aligned_64_c
                0x000000000002db8e       0x74 bin/vector_ops_FIX.o
                0x000000000002db8e                silk_inner_prod16_aligned_64_c
 .text.silk_CLZ32
                0x000000000002dc02       0x24 bin/schur64_FIX.o
 .text.silk_max_32
                0x000000000002dc26       0x20 bin/schur64_FIX.o
 .text.silk_DIV32_varQ
                0x000000000002dc46      0x184 bin/schur64_FIX.o
 *fill*         0x000000000002ddca        0x2 
 .text.silk_schur64
                0x000000000002ddcc      0x280 bin/schur64_FIX.o
                0x000000000002ddcc                silk_schur64
 .text.silk_CLZ32
                0x000000000002e04c       0x24 bin/schur_FIX.o
 .text.silk_max_32
                0x000000000002e070       0x20 bin/schur_FIX.o
 .text.silk_schur
                0x000000000002e090      0x350 bin/schur_FIX.o
                0x000000000002e090                silk_schur
 .text.celt_udiv
                0x000000000002e3e0       0x1e bin/bands.o
 .text.celt_sudiv
                0x000000000002e3fe       0x1e bin/bands.o
 .text.get_pulses
                0x000000000002e41c       0x32 bin/bands.o
 .text.bits2pulses
                0x000000000002e44e       0xbc bin/bands.o
 .text.pulses2bits
                0x000000000002e50a       0x56 bin/bands.o
 .text.celt_maxabs32
                0x000000000002e560       0x66 bin/bands.o
 .text.celt_ilog2
                0x000000000002e5c6       0x24 bin/bands.o
 .text.celt_zlog2
                0x000000000002e5ea       0x22 bin/bands.o
 .text.dual_inner_prod_c
                0x000000000002e60c       0x8a bin/bands.o
 .text.celt_inner_prod_c
                0x000000000002e696       0x56 bin/bands.o
 .text.hysteresis_decision
                0x000000000002e6ec       0xb6 bin/bands.o
                0x000000000002e6ec                hysteresis_decision
 *fill*         0x000000000002e7a2        0x2 
 .text.celt_lcg_rand
                0x000000000002e7a4       0x28 bin/bands.o
                0x000000000002e7a4                celt_lcg_rand
 .text.bitexact_cos
                0x000000000002e7cc       0x90 bin/bands.o
                0x000000000002e7cc                bitexact_cos
 .text.bitexact_log2tan
                0x000000000002e85c       0xb8 bin/bands.o
                0x000000000002e85c                bitexact_log2tan
 .text.compute_band_energies
                0x000000000002e914      0x22e bin/bands.o
                0x000000000002e914                compute_band_energies
 .text.normalise_bands
                0x000000000002eb42      0x172 bin/bands.o
                0x000000000002eb42                normalise_bands
 .text.compute_channel_weights
                0x000000000002ecb4       0xa8 bin/bands.o
 .text.intensity_stereo
                0x000000000002ed5c      0x15a bin/bands.o
 .text.stereo_split
                0x000000000002eeb6       0x84 bin/bands.o
 *fill*         0x000000000002ef3a        0x2 
 .text.stereo_merge
                0x000000000002ef3c      0x1f4 bin/bands.o
 .text.spreading_decision
                0x000000000002f130      0x2b4 bin/bands.o
                0x000000000002f130                spreading_decision
 .text.deinterleave_hadamard
                0x000000000002f3e4      0x148 bin/bands.o
 .text.interleave_hadamard
                0x000000000002f52c      0x148 bin/bands.o
 .text.haar1    0x000000000002f674       0xda bin/bands.o
                0x000000000002f674                haar1
 *fill*         0x000000000002f74e        0x2 
 .text.compute_qn
                0x000000000002f750       0x9c bin/bands.o
 .text.compute_theta
                0x000000000002f7ec      0x730 bin/bands.o
 .text.quant_band_n1
                0x000000000002ff1c       0xcc bin/bands.o
 .text.quant_partition
                0x000000000002ffe8      0x548 bin/bands.o
 .text.quant_band
                0x0000000000030530      0x300 bin/bands.o
 .text.quant_band_stereo
                0x0000000000030830      0x4a0 bin/bands.o
 .text.special_hybrid_folding
                0x0000000000030cd0       0xb8 bin/bands.o
 .text.quant_all_bands
                0x0000000000030d88     0x11b0 bin/bands.o
                0x0000000000030d88                quant_all_bands
 .text.resampling_factor
                0x0000000000031f38       0x68 bin/celt.o
                0x0000000000031f38                resampling_factor
 .text.comb_filter_const_c
                0x0000000000031fa0      0x170 bin/celt.o
 .text.comb_filter
                0x0000000000032110      0x52c bin/celt.o
                0x0000000000032110                comb_filter
 .text.init_caps
                0x000000000003263c       0x92 bin/celt.o
                0x000000000003263c                init_caps
 .text.ec_get_error
                0x00000000000326ce       0x18 bin/celt_encoder.o
 .text.ec_tell  0x00000000000326e6       0x26 bin/celt_encoder.o
 .text.celt_inner_prod_c
                0x000000000003270c       0x56 bin/celt_encoder.o
 .text.celt_maxabs16
                0x0000000000032762       0x72 bin/celt_encoder.o
 .text.celt_ilog2
                0x00000000000327d4       0x24 bin/celt_encoder.o
 .text.celt_log2
                0x00000000000327f8       0xf4 bin/celt_encoder.o
 .text.celt_encoder_get_size
                0x00000000000328ec       0x2a bin/celt_encoder.o
                0x00000000000328ec                celt_encoder_get_size
 .text.opus_custom_encoder_get_size
                0x0000000000032916       0x3c bin/celt_encoder.o
 .text.opus_custom_encoder_init_arch
                0x0000000000032952       0xbc bin/celt_encoder.o
 .text.celt_encoder_init
                0x0000000000032a0e       0x4a bin/celt_encoder.o
                0x0000000000032a0e                celt_encoder_init
 .text.transient_analysis
                0x0000000000032a58      0x460 bin/celt_encoder.o
 .text.patch_transient_decision
                0x0000000000032eb8      0x214 bin/celt_encoder.o
 .text.compute_mdcts
                0x00000000000330cc      0x1c8 bin/celt_encoder.o
 .text.celt_preemphasis
                0x0000000000033294      0x12e bin/celt_encoder.o
                0x0000000000033294                celt_preemphasis
 .text.l1_metric
                0x00000000000333c2       0x8c bin/celt_encoder.o
 *fill*         0x000000000003344e        0x2 
 .text.tf_analysis
                0x0000000000033450      0x6c4 bin/celt_encoder.o
 .text.tf_encode
                0x0000000000033b14      0x164 bin/celt_encoder.o
 .text.alloc_trim_analysis
                0x0000000000033c78      0x408 bin/celt_encoder.o
 .text.stereo_analysis
                0x0000000000034080      0x1bc bin/celt_encoder.o
 .text.median_of_5
                0x000000000003423c      0x102 bin/celt_encoder.o
 .text.median_of_3
                0x000000000003433e       0x6e bin/celt_encoder.o
 .text.dynalloc_analysis
                0x00000000000343ac      0x818 bin/celt_encoder.o
 .text.run_prefilter
                0x0000000000034bc4      0x5b8 bin/celt_encoder.o
 *fill*         0x000000000003517c        0x4 
 .text.compute_vbr
                0x0000000000035180      0x3e4 bin/celt_encoder.o
 *fill*         0x0000000000035564        0x4 
 .text.celt_encode_with_ec
                0x0000000000035568     0x2db8 bin/celt_encoder.o
                0x0000000000035568                celt_encode_with_ec
 .text.opus_custom_encoder_ctl
                0x0000000000038320      0x4a0 bin/celt_encoder.o
                0x0000000000038320                opus_custom_encoder_ctl
 .text.icwrs    0x00000000000387c0       0xec bin/cwrs.o
 .text.encode_pulses
                0x00000000000388ac       0x84 bin/cwrs.o
                0x00000000000388ac                encode_pulses
 .text.cwrsi    0x0000000000038930      0x2ac bin/cwrs.o
 .text.decode_pulses
                0x0000000000038bdc       0x84 bin/cwrs.o
                0x0000000000038bdc                decode_pulses
 .text.ec_tell_frac
                0x0000000000038c60       0x74 bin/entcode.o
                0x0000000000038c60                ec_tell_frac
 .text.celt_udiv
                0x0000000000038cd4       0x1e bin/entdec.o
 .text.ec_read_byte
                0x0000000000038cf2       0x36 bin/entdec.o
 .text.ec_read_byte_from_end
                0x0000000000038d28       0x40 bin/entdec.o
 .text.ec_dec_normalize
                0x0000000000038d68       0x68 bin/entdec.o
 .text.ec_decode
                0x0000000000038dd0       0x58 bin/entdec.o
                0x0000000000038dd0                ec_decode
 .text.ec_dec_update
                0x0000000000038e28       0x5a bin/entdec.o
                0x0000000000038e28                ec_dec_update
 .text.ec_dec_bit_logp
                0x0000000000038e82       0x64 bin/entdec.o
                0x0000000000038e82                ec_dec_bit_logp
 .text.ec_dec_uint
                0x0000000000038ee6       0xa2 bin/entdec.o
                0x0000000000038ee6                ec_dec_uint
 .text.ec_dec_bits
                0x0000000000038f88       0x8a bin/entdec.o
                0x0000000000038f88                ec_dec_bits
 .text.celt_udiv
                0x0000000000039012       0x1e bin/entenc.o
 .text.ec_write_byte
                0x0000000000039030       0x46 bin/entenc.o
 .text.ec_write_byte_at_end
                0x0000000000039076       0x50 bin/entenc.o
 .text.ec_enc_carry_out
                0x00000000000390c6       0x8c bin/entenc.o
 .text.ec_enc_normalize
                0x0000000000039152       0x4e bin/entenc.o
 .text.ec_enc_init
                0x00000000000391a0       0x64 bin/entenc.o
                0x00000000000391a0                ec_enc_init
 .text.ec_encode
                0x0000000000039204       0x74 bin/entenc.o
                0x0000000000039204                ec_encode
 .text.ec_encode_bin
                0x0000000000039278       0x7a bin/entenc.o
                0x0000000000039278                ec_encode_bin
 .text.ec_enc_bit_logp
                0x00000000000392f2       0x58 bin/entenc.o
                0x00000000000392f2                ec_enc_bit_logp
 .text.ec_enc_icdf
                0x000000000003934a       0x8e bin/entenc.o
                0x000000000003934a                ec_enc_icdf
 .text.ec_enc_uint
                0x00000000000393d8       0x82 bin/entenc.o
                0x00000000000393d8                ec_enc_uint
 .text.ec_enc_bits
                0x000000000003945a       0x86 bin/entenc.o
                0x000000000003945a                ec_enc_bits
 .text.ec_enc_patch_initial_bits
                0x00000000000394e0       0xc0 bin/entenc.o
                0x00000000000394e0                ec_enc_patch_initial_bits
 .text.ec_enc_shrink
                0x00000000000395a0       0x40 bin/entenc.o
                0x00000000000395a0                ec_enc_shrink
 .text.ec_enc_done
                0x00000000000395e0      0x18a bin/entenc.o
                0x00000000000395e0                ec_enc_done
 .text.kf_bfly2
                0x000000000003976a      0x286 bin/kiss_fft.o
 .text.kf_bfly4
                0x00000000000399f0      0x5a8 bin/kiss_fft.o
 .text.kf_bfly3
                0x0000000000039f98      0x3a0 bin/kiss_fft.o
 .text.kf_bfly5
                0x000000000003a338      0xa46 bin/kiss_fft.o
 *fill*         0x000000000003ad7e        0x2 
 .text.opus_fft_impl
                0x000000000003ad80      0x1a0 bin/kiss_fft.o
                0x000000000003ad80                opus_fft_impl
 .text.opus_fft_c
                0x000000000003af20       0xc8 bin/kiss_fft.o
                0x000000000003af20                opus_fft_c
 .text.ec_laplace_get_freq1
                0x000000000003afe8       0x30 bin/laplace.o
 .text.ec_laplace_encode
                0x000000000003b018      0x104 bin/laplace.o
                0x000000000003b018                ec_laplace_encode
 .text.celt_ilog2
                0x000000000003b11c       0x24 bin/mathops.o
 .text.isqrt32  0x000000000003b140       0x6c bin/mathops.o
                0x000000000003b140                isqrt32
 .text.frac_div32
                0x000000000003b1ac      0x124 bin/mathops.o
                0x000000000003b1ac                frac_div32
 .text.celt_rsqrt_norm
                0x000000000003b2d0       0xb8 bin/mathops.o
                0x000000000003b2d0                celt_rsqrt_norm
 .text.celt_sqrt
                0x000000000003b388      0x10c bin/mathops.o
                0x000000000003b388                celt_sqrt
 .text._celt_cos_pi_2
                0x000000000003b494       0xe0 bin/mathops.o
 .text.celt_cos_norm
                0x000000000003b574       0x88 bin/mathops.o
                0x000000000003b574                celt_cos_norm
 .text.celt_rcp
                0x000000000003b5fc       0xf8 bin/mathops.o
                0x000000000003b5fc                celt_rcp
 .text.clt_mdct_forward_c
                0x000000000003b6f4      0x750 bin/mdct.o
                0x000000000003b6f4                clt_mdct_forward_c
 .text.opus_custom_mode_create
                0x000000000003be44       0x80 bin/modes.o
                0x000000000003be44                opus_custom_mode_create
 .text.celt_udiv
                0x000000000003bec4       0x1e bin/pitch.o
 .text.xcorr_kernel_c
                0x000000000003bee2      0x3bc bin/pitch.o
 .text.dual_inner_prod_c
                0x000000000003c29e       0x8a bin/pitch.o
 .text.celt_inner_prod_c
                0x000000000003c328       0x56 bin/pitch.o
 .text.celt_maxabs16
                0x000000000003c37e       0x72 bin/pitch.o
 .text.celt_maxabs32
                0x000000000003c3f0       0x66 bin/pitch.o
 .text.celt_ilog2
                0x000000000003c456       0x24 bin/pitch.o
 .text.find_best_pitch
                0x000000000003c47a      0x216 bin/pitch.o
 .text.celt_fir5
                0x000000000003c690      0x148 bin/pitch.o
 .text.pitch_downsample
                0x000000000003c7d8      0x356 bin/pitch.o
                0x000000000003c7d8                pitch_downsample
 .text.celt_pitch_xcorr_c
                0x000000000003cb2e       0xf6 bin/pitch.o
                0x000000000003cb2e                celt_pitch_xcorr_c
 .text.pitch_search
                0x000000000003cc24      0x40c bin/pitch.o
                0x000000000003cc24                pitch_search
 .text.compute_pitch_gain
                0x000000000003d030      0x128 bin/pitch.o
 .text.remove_doubling
                0x000000000003d158      0x4d8 bin/pitch.o
                0x000000000003d158                remove_doubling
 .text.celt_ilog2
                0x000000000003d630       0x24 bin/celt_lpc.o
 .text._celt_lpc
                0x000000000003d654      0x39c bin/celt_lpc.o
                0x000000000003d654                _celt_lpc
 .text._celt_autocorr
                0x000000000003d9f0      0x36e bin/celt_lpc.o
                0x000000000003d9f0                _celt_autocorr
 .text.ec_range_bytes
                0x000000000003dd5e       0x18 bin/quant_bands.o
 .text.ec_get_buffer
                0x000000000003dd76       0x18 bin/quant_bands.o
 .text.ec_tell  0x000000000003dd8e       0x26 bin/quant_bands.o
 .text.celt_ilog2
                0x000000000003ddb4       0x24 bin/quant_bands.o
 .text.celt_log2
                0x000000000003ddd8       0xf4 bin/quant_bands.o
 .text.loss_distortion
                0x000000000003decc       0x9e bin/quant_bands.o
 *fill*         0x000000000003df6a        0x2 
 .text.quant_coarse_energy_impl
                0x000000000003df6c      0x37c bin/quant_bands.o
 .text.quant_coarse_energy
                0x000000000003e2e8      0x53c bin/quant_bands.o
                0x000000000003e2e8                quant_coarse_energy
 .text.quant_fine_energy
                0x000000000003e824      0x158 bin/quant_bands.o
                0x000000000003e824                quant_fine_energy
 .text.quant_energy_finalise
                0x000000000003e97c      0x13e bin/quant_bands.o
                0x000000000003e97c                quant_energy_finalise
 *fill*         0x000000000003eaba        0x2 
 .text.amp2Log2
                0x000000000003eabc       0xf4 bin/quant_bands.o
                0x000000000003eabc                amp2Log2
 .text.celt_udiv
                0x000000000003ebb0       0x1e bin/rate.o
 *fill*         0x000000000003ebce        0x2 
 .text.interp_bits2pulses
                0x000000000003ebd0      0x950 bin/rate.o
 .text.compute_allocation
                0x000000000003f520      0x5b8 bin/rate.o
                0x000000000003f520                compute_allocation
 .text.celt_udiv
                0x000000000003fad8       0x1e bin/vq.o
 .text.celt_ilog2
                0x000000000003faf6       0x24 bin/vq.o
 .text.celt_atan01
                0x000000000003fb1a       0x72 bin/vq.o
 .text.celt_atan2p
                0x000000000003fb8c      0x146 bin/vq.o
 .text.celt_inner_prod_c
                0x000000000003fcd2       0x56 bin/vq.o
 .text.exp_rotation1
                0x000000000003fd28      0x13e bin/vq.o
 *fill*         0x000000000003fe66        0x2 
 .text.exp_rotation
                0x000000000003fe68      0x208 bin/vq.o
                0x000000000003fe68                exp_rotation
 .text.normalise_residual
                0x0000000000040070       0xb2 bin/vq.o
 .text.extract_collapse_mask
                0x0000000000040122       0x94 bin/vq.o
 .text.op_pvq_search_c
                0x00000000000401b6      0x44c bin/vq.o
                0x00000000000401b6                op_pvq_search_c
 .text.alg_quant
                0x0000000000040602       0xe4 bin/vq.o
                0x0000000000040602                alg_quant
 .text.alg_unquant
                0x00000000000406e6       0xb2 bin/vq.o
                0x00000000000406e6                alg_unquant
 .text.renormalise_vector
                0x0000000000040798       0xc4 bin/vq.o
                0x0000000000040798                renormalise_vector
 .text.stereo_itheta
                0x000000000004085c      0x10c bin/vq.o
                0x000000000004085c                stereo_itheta
 .text.encode_size
                0x0000000000040968       0x50 bin/opus.o
                0x0000000000040968                encode_size
 .text.parse_size
                0x00000000000409b8       0x74 bin/opus.o
 .text.opus_packet_get_samples_per_frame
                0x0000000000040a2c       0xd0 bin/opus.o
                0x0000000000040a2c                opus_packet_get_samples_per_frame
 .text.opus_packet_parse_impl
                0x0000000000040afc      0x3fe bin/opus.o
                0x0000000000040afc                opus_packet_parse_impl
 .text.opus_packet_get_nb_frames
                0x0000000000040efa       0x56 bin/opus_decoder.o
                0x0000000000040efa                opus_packet_get_nb_frames
 .text.ec_tell  0x0000000000040f50       0x26 bin/opus_encoder.o
 .text.opus_select_arch
                0x0000000000040f76       0x10 bin/opus_encoder.o
 .text.align    0x0000000000040f86       0x2c bin/opus_encoder.o
 .text.opus_alloc
                0x0000000000040fb2       0x18 bin/opus_encoder.o
 .text.opus_free
                0x0000000000040fca       0x16 bin/opus_encoder.o
 .text.celt_maxabs16
                0x0000000000040fe0       0x72 bin/opus_encoder.o
 .text.celt_ilog2
                0x0000000000041052       0x24 bin/opus_encoder.o
 .text.celt_exp2_frac
                0x0000000000041076       0x62 bin/opus_encoder.o
 .text.celt_exp2
                0x00000000000410d8       0x78 bin/opus_encoder.o
 .text.opus_encoder_get_size
                0x0000000000041150       0x5c bin/opus_encoder.o
                0x0000000000041150                opus_encoder_get_size
 .text.opus_encoder_init
                0x00000000000411ac      0x2e4 bin/opus_encoder.o
                0x00000000000411ac                opus_encoder_init
 .text.gen_toc  0x0000000000041490       0xe0 bin/opus_encoder.o
 .text.hp_cutoff
                0x0000000000041570      0x184 bin/opus_encoder.o
 .text.dc_reject
                0x00000000000416f4      0x154 bin/opus_encoder.o
 .text.stereo_fade
                0x0000000000041848      0x20c bin/opus_encoder.o
 .text.gain_fade
                0x0000000000041a54      0x1de bin/opus_encoder.o
 .text.opus_encoder_create
                0x0000000000041c32       0xd2 bin/opus_encoder.o
                0x0000000000041c32                opus_encoder_create
 .text.user_bitrate_to_bitrate
                0x0000000000041d04       0x94 bin/opus_encoder.o
 .text.downmix_int
                0x0000000000041d98      0x108 bin/opus_encoder.o
                0x0000000000041d98                downmix_int
 .text.frame_size_select
                0x0000000000041ea0      0x158 bin/opus_encoder.o
                0x0000000000041ea0                frame_size_select
 .text.compute_stereo_width
                0x0000000000041ff8      0x434 bin/opus_encoder.o
                0x0000000000041ff8                compute_stereo_width
 .text.decide_fec
                0x000000000004242c       0xf8 bin/opus_encoder.o
 .text.compute_silk_rate_for_hybrid
                0x0000000000042524      0x134 bin/opus_encoder.o
 .text.compute_equiv_rate
                0x0000000000042658      0x108 bin/opus_encoder.o
 .text.is_digital_silence
                0x0000000000042760       0x40 bin/opus_encoder.o
 .text.compute_frame_energy
                0x00000000000427a0       0xb6 bin/opus_encoder.o
 *fill*         0x0000000000042856        0x2 
 .text.decide_dtx_mode
                0x0000000000042858       0xc4 bin/opus_encoder.o
 .text.encode_multiframe_packet
                0x000000000004291c      0x38a bin/opus_encoder.o
 *fill*         0x0000000000042ca6        0x2 
 .text.compute_redundancy_bytes
                0x0000000000042ca8       0xc4 bin/opus_encoder.o
 .text.opus_encode_native
                0x0000000000042d6c     0x30ec bin/opus_encoder.o
                0x0000000000042d6c                opus_encode_native
 .text.opus_encode
                0x0000000000045e58       0x68 bin/opus_encoder.o
                0x0000000000045e58                opus_encode
 .text.opus_encoder_ctl
                0x0000000000045ec0      0xcb4 bin/opus_encoder.o
                0x0000000000045ec0                opus_encoder_ctl
 .text.opus_repacketizer_init
                0x0000000000046b74       0x1c bin/repacketizer.o
                0x0000000000046b74                opus_repacketizer_init
 .text.opus_repacketizer_cat_impl
                0x0000000000046b90       0xe2 bin/repacketizer.o
 .text.opus_repacketizer_cat
                0x0000000000046c72       0x22 bin/repacketizer.o
                0x0000000000046c72                opus_repacketizer_cat
 .text.opus_repacketizer_out_range_impl
                0x0000000000046c94      0x424 bin/repacketizer.o
                0x0000000000046c94                opus_repacketizer_out_range_impl
 .text.opus_packet_pad
                0x00000000000470b8       0xf2 bin/repacketizer.o
                0x00000000000470b8                opus_packet_pad
 *fill*         0x00000000000471aa        0x2 
 .text.fast_atan2f
                0x00000000000471ac      0x1a4 bin/analysis.o
 .text.opus_select_arch
                0x0000000000047350       0x10 bin/analysis.o
 .text.silk_resampler_down2_hp
                0x0000000000047360      0x1a6 bin/analysis.o
 *fill*         0x0000000000047506        0x2 
 .text.downmix_and_resample
                0x0000000000047508      0x234 bin/analysis.o
 .text.tonality_analysis_init
                0x000000000004773c       0x28 bin/analysis.o
                0x000000000004773c                tonality_analysis_init
 .text.tonality_analysis_reset
                0x0000000000047764       0x4c bin/analysis.o
                0x0000000000047764                tonality_analysis_reset
 .text.tonality_get_info
                0x00000000000477b0      0x2fc bin/analysis.o
                0x00000000000477b0                tonality_get_info
 *fill*         0x0000000000047aac        0x4 
 .text.tonality_analysis
                0x0000000000047ab0     0x5198 bin/analysis.o
 .text.run_analysis
                0x000000000004cc48      0x104 bin/analysis.o
                0x000000000004cc48                run_analysis
 .text.tansig_approx
                0x000000000004cd4c      0x14c bin/mlp.o
 .text.mlp_process
                0x000000000004ce98      0x178 bin/mlp.o
                0x000000000004ce98                mlp_process
 .text.am_freertos_sleep
                0x000000000004d010       0x18 bin/rtos_AEP_hook.o
                0x000000000004d010                am_freertos_sleep
 .text.am_freertos_wakeup
                0x000000000004d028       0x14 bin/rtos_AEP_hook.o
                0x000000000004d028                am_freertos_wakeup
 .text.vApplicationMallocFailedHook
                0x000000000004d03c        0x6 bin/rtos_AEP_hook.o
                0x000000000004d03c                vApplicationMallocFailedHook
 .text.vApplicationStackOverflowHook
                0x000000000004d042        0xe bin/rtos_AEP_hook.o
                0x000000000004d042                vApplicationStackOverflowHook
 .text.am_AEP_init
                0x000000000004d050       0xb8 bin/am_AEP_init.o
                0x000000000004d050                am_AEP_init
 .text.__NVIC_EnableIRQ
                0x000000000004d108       0x3c bin/am_AEP_board_setup.o
 .text.__NVIC_SetPriority
                0x000000000004d144       0x54 bin/am_AEP_board_setup.o
 .text.pdm_trigger_dma
                0x000000000004d198       0x30 bin/am_AEP_board_setup.o
                0x000000000004d198                pdm_trigger_dma
 .text.am_AEP_pdm_init
                0x000000000004d1c8       0xcc bin/am_AEP_board_setup.o
                0x000000000004d1c8                am_AEP_pdm_init
 .text.am_AEP_board_setup
                0x000000000004d294       0xac bin/am_AEP_board_setup.o
                0x000000000004d294                am_AEP_board_setup
 .text.am_AEP_led_task
                0x000000000004d340       0x38 bin/am_AEP_task.o
                0x000000000004d340                am_AEP_led_task
 .text.am_AEP_button_task
                0x000000000004d378       0x62 bin/am_AEP_task.o
                0x000000000004d378                am_AEP_button_task
 *fill*         0x000000000004d3da        0x2 
 .text.am_AEP_codec_task
                0x000000000004d3dc      0x108 bin/am_AEP_task.o
                0x000000000004d3dc                am_AEP_codec_task
 .text.am_AEP_timer_heart_beat_callback
                0x000000000004d4e4       0x28 bin/am_AEP_task.o
                0x000000000004d4e4                am_AEP_timer_heart_beat_callback
 .text.am_pdm0_isr
                0x000000000004d50c       0x94 bin/am_AEP_isr_handler.o
                0x000000000004d50c                am_pdm0_isr
 .text.am_gpio_isr
                0x000000000004d5a0       0xa8 bin/am_AEP_isr_handler.o
                0x000000000004d5a0                am_gpio_isr
 .text.am_opus_encoder_init
                0x000000000004d648      0x120 bin/am_opus.o
                0x000000000004d648                am_opus_encoder_init
 .text.Reset_Handler
                0x000000000004d768       0x68 bin/startup_gcc.o
                0x000000000004d768                Reset_Handler
 .text.NMI_Handler
                0x000000000004d7d0        0x6 bin/startup_gcc.o
                0x000000000004d7d0                NMI_Handler
 .text.am_default_isr
                0x000000000004d7d6        0x6 bin/startup_gcc.o
                0x000000000004d7d6                am_default_isr
                0x000000000004d7d6                am_iomaster4_isr
                0x000000000004d7d6                am_rtc_isr
                0x000000000004d7d6                am_stimer_cmpr3_isr
                0x000000000004d7d6                am_adc_isr
                0x000000000004d7d6                am_iomaster3_isr
                0x000000000004d7d6                am_clkgen_isr
                0x000000000004d7d6                am_stimer_isr
                0x000000000004d7d6                am_software0_isr
                0x000000000004d7d6                am_stimer_cmpr5_isr
                0x000000000004d7d6                am_iomaster5_isr
                0x000000000004d7d6                am_uart_isr
                0x000000000004d7d6                am_ctimer_isr
                0x000000000004d7d6                am_ioslave_acc_isr
                0x000000000004d7d6                am_mspi0_isr
                0x000000000004d7d6                am_stimer_cmpr6_isr
                0x000000000004d7d6                am_iomaster1_isr
                0x000000000004d7d6                am_brownout_isr
                0x000000000004d7d6                am_vcomp_isr
                0x000000000004d7d6                am_stimer_cmpr1_isr
                0x000000000004d7d6                am_iomaster2_isr
                0x000000000004d7d6                am_stimer_cmpr2_isr
                0x000000000004d7d6                am_ioslave_ios_isr
                0x000000000004d7d6                am_uart1_isr
                0x000000000004d7d6                am_stimer_cmpr7_isr
                0x000000000004d7d6                am_scard_isr
                0x000000000004d7d6                am_watchdog_isr
                0x000000000004d7d6                am_iomaster0_isr
                0x000000000004d7d6                am_ble_isr
                0x000000000004d7d6                am_stimer_cmpr4_isr
                0x000000000004d7d6                DebugMon_Handler
 .text.am_bsp_uart_string_print
                0x000000000004d7dc       0x48 ../../../device/AmbiqSuite-Rel2.0.0/boards/apollo3_evb/bsp/gcc/bin/libam_bsp.a(am_bsp.o)
                0x000000000004d7dc                am_bsp_uart_string_print
 .text.am_bsp_low_power_init
                0x000000000004d824       0x64 ../../../device/AmbiqSuite-Rel2.0.0/boards/apollo3_evb/bsp/gcc/bin/libam_bsp.a(am_bsp.o)
                0x000000000004d824                am_bsp_low_power_init
 .text.am_bsp_uart_printf_enable
                0x000000000004d888       0x5c ../../../device/AmbiqSuite-Rel2.0.0/boards/apollo3_evb/bsp/gcc/bin/libam_bsp.a(am_bsp.o)
                0x000000000004d888                am_bsp_uart_printf_enable
 .text.am_hal_burst_mode_initialize
                0x000000000004d8e4       0x90 ../../../device/AmbiqSuite-Rel2.0.0/mcu/apollo3/hal/gcc/bin/libam_hal.a(am_hal_burst.o)
                0x000000000004d8e4                am_hal_burst_mode_initialize
 .text.am_hal_burst_mode_enable
                0x000000000004d974       0x5c ../../../device/AmbiqSuite-Rel2.0.0/mcu/apollo3/hal/gcc/bin/libam_hal.a(am_hal_burst.o)
                0x000000000004d974                am_hal_burst_mode_enable
 .text.am_hal_cachectrl_config
                0x000000000004d9d0       0x54 ../../../device/AmbiqSuite-Rel2.0.0/mcu/apollo3/hal/gcc/bin/libam_hal.a(am_hal_cachectrl.o)
                0x000000000004d9d0                am_hal_cachectrl_config
 .text.am_hal_cachectrl_enable
                0x000000000004da24       0x14 ../../../device/AmbiqSuite-Rel2.0.0/mcu/apollo3/hal/gcc/bin/libam_hal.a(am_hal_cachectrl.o)
                0x000000000004da24                am_hal_cachectrl_enable
 .text.am_hal_clkgen_control
                0x000000000004da38       0xd8 ../../../device/AmbiqSuite-Rel2.0.0/mcu/apollo3/hal/gcc/bin/libam_hal.a(am_hal_clkgen.o)
                0x000000000004da38                am_hal_clkgen_control
 .text.am_hal_clkgen_status_get
                0x000000000004db10       0x3c ../../../device/AmbiqSuite-Rel2.0.0/mcu/apollo3/hal/gcc/bin/libam_hal.a(am_hal_clkgen.o)
                0x000000000004db10                am_hal_clkgen_status_get
 .text.am_hal_flash_delay
                0x000000000004db4c        0x8 ../../../device/AmbiqSuite-Rel2.0.0/mcu/apollo3/hal/gcc/bin/libam_hal.a(am_hal_flash.o)
                0x000000000004db4c                am_hal_flash_delay
 .text.am_hal_flash_delay_status_check
                0x000000000004db54       0x58 ../../../device/AmbiqSuite-Rel2.0.0/mcu/apollo3/hal/gcc/bin/libam_hal.a(am_hal_flash.o)
                0x000000000004db54                am_hal_flash_delay_status_check
 .text.am_hal_interrupt_master_enable
                0x000000000004dbac        0x8 ../../../device/AmbiqSuite-Rel2.0.0/mcu/apollo3/hal/gcc/bin/libam_hal.a(am_hal_interrupt.o)
                0x000000000004dbac                am_hal_interrupt_master_enable
 .text.am_hal_interrupt_master_disable
                0x000000000004dbb4        0x8 ../../../device/AmbiqSuite-Rel2.0.0/mcu/apollo3/hal/gcc/bin/libam_hal.a(am_hal_interrupt.o)
                0x000000000004dbb4                am_hal_interrupt_master_disable
 .text.am_hal_interrupt_master_set
                0x000000000004dbbc        0x8 ../../../device/AmbiqSuite-Rel2.0.0/mcu/apollo3/hal/gcc/bin/libam_hal.a(am_hal_interrupt.o)
                0x000000000004dbbc                am_hal_interrupt_master_set
 .text.am_hal_itm_disable
                0x000000000004dbc4       0xac ../../../device/AmbiqSuite-Rel2.0.0/mcu/apollo3/hal/gcc/bin/libam_hal.a(am_hal_itm.o)
                0x000000000004dbc4                am_hal_itm_disable
 .text.am_hal_mcuctrl_info_get
                0x000000000004dc70      0x12c ../../../device/AmbiqSuite-Rel2.0.0/mcu/apollo3/hal/gcc/bin/libam_hal.a(am_hal_mcuctrl.o)
                0x000000000004dc70                am_hal_mcuctrl_info_get
 .text.am_hal_pwrctrl_periph_enable
                0x000000000004dd9c       0x54 ../../../device/AmbiqSuite-Rel2.0.0/mcu/apollo3/hal/gcc/bin/libam_hal.a(am_hal_pwrctrl.o)
                0x000000000004dd9c                am_hal_pwrctrl_periph_enable
 .text.am_hal_pwrctrl_periph_disable
                0x000000000004ddf0       0x58 ../../../device/AmbiqSuite-Rel2.0.0/mcu/apollo3/hal/gcc/bin/libam_hal.a(am_hal_pwrctrl.o)
                0x000000000004ddf0                am_hal_pwrctrl_periph_disable
 .text.am_hal_pwrctrl_low_power_init
                0x000000000004de48       0x94 ../../../device/AmbiqSuite-Rel2.0.0/mcu/apollo3/hal/gcc/bin/libam_hal.a(am_hal_pwrctrl.o)
                0x000000000004de48                am_hal_pwrctrl_low_power_init
 .text.am_hal_rtc_osc_select
                0x000000000004dedc       0x18 ../../../device/AmbiqSuite-Rel2.0.0/mcu/apollo3/hal/gcc/bin/libam_hal.a(am_hal_rtc.o)
                0x000000000004dedc                am_hal_rtc_osc_select
 .text.am_hal_rtc_osc_disable
                0x000000000004def4       0x14 ../../../device/AmbiqSuite-Rel2.0.0/mcu/apollo3/hal/gcc/bin/libam_hal.a(am_hal_rtc.o)
                0x000000000004def4                am_hal_rtc_osc_disable
 .text.am_hal_stimer_config
                0x000000000004df08       0x14 ../../../device/AmbiqSuite-Rel2.0.0/mcu/apollo3/hal/gcc/bin/libam_hal.a(am_hal_stimer.o)
                0x000000000004df08                am_hal_stimer_config
 .text.am_hal_stimer_counter_get
                0x000000000004df1c        0xc ../../../device/AmbiqSuite-Rel2.0.0/mcu/apollo3/hal/gcc/bin/libam_hal.a(am_hal_stimer.o)
                0x000000000004df1c                am_hal_stimer_counter_get
 .text.am_hal_stimer_compare_delta_set
                0x000000000004df28       0xa8 ../../../device/AmbiqSuite-Rel2.0.0/mcu/apollo3/hal/gcc/bin/libam_hal.a(am_hal_stimer.o)
                0x000000000004df28                am_hal_stimer_compare_delta_set
 .text.am_hal_stimer_int_enable
                0x000000000004dfd0       0x14 ../../../device/AmbiqSuite-Rel2.0.0/mcu/apollo3/hal/gcc/bin/libam_hal.a(am_hal_stimer.o)
                0x000000000004dfd0                am_hal_stimer_int_enable
 .text.am_hal_stimer_int_clear
                0x000000000004dfe4        0xc ../../../device/AmbiqSuite-Rel2.0.0/mcu/apollo3/hal/gcc/bin/libam_hal.a(am_hal_stimer.o)
                0x000000000004dfe4                am_hal_stimer_int_clear
 .text.am_hal_stimer_int_status_get
                0x000000000004dff0       0x18 ../../../device/AmbiqSuite-Rel2.0.0/mcu/apollo3/hal/gcc/bin/libam_hal.a(am_hal_stimer.o)
                0x000000000004dff0                am_hal_stimer_int_status_get
 .text.am_hal_sysctrl_sleep
                0x000000000004e008       0x58 ../../../device/AmbiqSuite-Rel2.0.0/mcu/apollo3/hal/gcc/bin/libam_hal.a(am_hal_sysctrl.o)
                0x000000000004e008                am_hal_sysctrl_sleep
 .text.am_hal_uart_initialize
                0x000000000004e060       0x50 ../../../device/AmbiqSuite-Rel2.0.0/mcu/apollo3/hal/gcc/bin/libam_hal.a(am_hal_uart.o)
                0x000000000004e060                am_hal_uart_initialize
 .text.am_hal_uart_power_control
                0x000000000004e0b0       0xe4 ../../../device/AmbiqSuite-Rel2.0.0/mcu/apollo3/hal/gcc/bin/libam_hal.a(am_hal_uart.o)
                0x000000000004e0b0                am_hal_uart_power_control
 .text.am_hal_uart_configure
                0x000000000004e194      0x218 ../../../device/AmbiqSuite-Rel2.0.0/mcu/apollo3/hal/gcc/bin/libam_hal.a(am_hal_uart.o)
                0x000000000004e194                am_hal_uart_configure
 .text.am_hal_uart_transfer
                0x000000000004e3ac      0x474 ../../../device/AmbiqSuite-Rel2.0.0/mcu/apollo3/hal/gcc/bin/libam_hal.a(am_hal_uart.o)
                0x000000000004e3ac                am_hal_uart_transfer
 .text.am_hal_queue_init
                0x000000000004e820       0x18 ../../../device/AmbiqSuite-Rel2.0.0/mcu/apollo3/hal/gcc/bin/libam_hal.a(am_hal_queue.o)
                0x000000000004e820                am_hal_queue_init
 .text.am_hal_queue_item_add
                0x000000000004e838       0x70 ../../../device/AmbiqSuite-Rel2.0.0/mcu/apollo3/hal/gcc/bin/libam_hal.a(am_hal_queue.o)
                0x000000000004e838                am_hal_queue_item_add
 .text.am_hal_queue_item_get
                0x000000000004e8a8       0x70 ../../../device/AmbiqSuite-Rel2.0.0/mcu/apollo3/hal/gcc/bin/libam_hal.a(am_hal_queue.o)
                0x000000000004e8a8                am_hal_queue_item_get
 .text.floor    0x000000000004e918      0x110 /Users/axel/opt/gnu-mcu-eclipse/arm-none-eabi-gcc/7.3.1-1.1-20180724-0637/bin/../lib/gcc/arm-none-eabi/7.3.1/../../../../arm-none-eabi/lib/thumb/v7e-m/fpv4-sp/hard/libm.a(lib_a-s_floor.o)
                0x000000000004e918                floor
 .text.log      0x000000000004ea28      0x100 /Users/axel/opt/gnu-mcu-eclipse/arm-none-eabi-gcc/7.3.1-1.1-20180724-0637/bin/../lib/gcc/arm-none-eabi/7.3.1/../../../../arm-none-eabi/lib/thumb/v7e-m/fpv4-sp/hard/libm.a(lib_a-w_log.o)
                0x000000000004ea28                log
 .text.log10    0x000000000004eb28      0x100 /Users/axel/opt/gnu-mcu-eclipse/arm-none-eabi-gcc/7.3.1-1.1-20180724-0637/bin/../lib/gcc/arm-none-eabi/7.3.1/../../../../arm-none-eabi/lib/thumb/v7e-m/fpv4-sp/hard/libm.a(lib_a-w_log10.o)
                0x000000000004eb28                log10