Archive member included to satisfy reference by file (symbol)

../../../device/AmbiqSuite-Rel2.0.0/boards/apollo3_evb/bsp/gcc/bin/libam_bsp.a(am_bsp.o)
                              bin/board_setup.o (am_bsp_low_power_init)
../../../device/AmbiqSuite-Rel2.0.0/boards/apollo3_evb/bsp/gcc/bin/libam_bsp.a(am_bsp_pins.o)
                              ../../../device/AmbiqSuite-Rel2.0.0/boards/apollo3_evb/bsp/gcc/bin/libam_bsp.a(am_bsp.o) (g_AM_BSP_GPIO_ITM_SWO)
../../../device/AmbiqSuite-Rel2.0.0/mcu/apollo3/hal/gcc/bin/libam_hal.a(am_hal_burst.o)
                              bin/board_setup.o (am_hal_burst_mode_initialize)
../../../device/AmbiqSuite-Rel2.0.0/mcu/apollo3/hal/gcc/bin/libam_hal.a(am_hal_cachectrl.o)
                              bin/board_setup.o (am_hal_cachectrl_config)
../../../device/AmbiqSuite-Rel2.0.0/mcu/apollo3/hal/gcc/bin/libam_hal.a(am_hal_clkgen.o)
                              bin/board_setup.o (am_hal_clkgen_control)
../../../device/AmbiqSuite-Rel2.0.0/mcu/apollo3/hal/gcc/bin/libam_hal.a(am_hal_ctimer.o)
                              bin/board_setup.o (am_hal_ctimer_config)
../../../device/AmbiqSuite-Rel2.0.0/mcu/apollo3/hal/gcc/bin/libam_hal.a(am_hal_debug.o)
                              ../../../device/AmbiqSuite-Rel2.0.0/mcu/apollo3/hal/gcc/bin/libam_hal.a(am_hal_ctimer.o) (am_hal_debug_error)
../../../device/AmbiqSuite-Rel2.0.0/mcu/apollo3/hal/gcc/bin/libam_hal.a(am_hal_flash.o)
                              bin/am_hal_pdm.o (am_hal_flash_delay)
../../../device/AmbiqSuite-Rel2.0.0/mcu/apollo3/hal/gcc/bin/libam_hal.a(am_hal_interrupt.o)
                              bin/board_setup.o (am_hal_interrupt_master_enable)
../../../device/AmbiqSuite-Rel2.0.0/mcu/apollo3/hal/gcc/bin/libam_hal.a(am_hal_itm.o)
                              ../../../device/AmbiqSuite-Rel2.0.0/boards/apollo3_evb/bsp/gcc/bin/libam_bsp.a(am_bsp.o) (am_hal_itm_enable)
../../../device/AmbiqSuite-Rel2.0.0/mcu/apollo3/hal/gcc/bin/libam_hal.a(am_hal_mcuctrl.o)
                              bin/am_util_faultisr.o (am_hal_mcuctrl_info_get)
../../../device/AmbiqSuite-Rel2.0.0/mcu/apollo3/hal/gcc/bin/libam_hal.a(am_hal_pwrctrl.o)
                              bin/am_hal_pdm.o (am_hal_pwrctrl_periph_enable)
../../../device/AmbiqSuite-Rel2.0.0/mcu/apollo3/hal/gcc/bin/libam_hal.a(am_hal_reset.o)
                              ../../../device/AmbiqSuite-Rel2.0.0/mcu/apollo3/hal/gcc/bin/libam_hal.a(am_hal_clkgen.o) (gAmHalResetStatus)
../../../device/AmbiqSuite-Rel2.0.0/mcu/apollo3/hal/gcc/bin/libam_hal.a(am_hal_rtc.o)
                              ../../../device/AmbiqSuite-Rel2.0.0/boards/apollo3_evb/bsp/gcc/bin/libam_bsp.a(am_bsp.o) (am_hal_rtc_osc_select)
../../../device/AmbiqSuite-Rel2.0.0/mcu/apollo3/hal/gcc/bin/libam_hal.a(am_hal_tpiu.o)
                              ../../../device/AmbiqSuite-Rel2.0.0/boards/apollo3_evb/bsp/gcc/bin/libam_bsp.a(am_bsp.o) (am_hal_tpiu_enable)
../../../device/AmbiqSuite-Rel2.0.0/mcu/apollo3/hal/gcc/bin/libam_hal.a(am_hal_uart.o)
                              ../../../device/AmbiqSuite-Rel2.0.0/boards/apollo3_evb/bsp/gcc/bin/libam_bsp.a(am_bsp.o) (am_hal_uart_initialize)
../../../device/AmbiqSuite-Rel2.0.0/mcu/apollo3/hal/gcc/bin/libam_hal.a(am_hal_queue.o)
                              ../../../device/AmbiqSuite-Rel2.0.0/mcu/apollo3/hal/gcc/bin/libam_hal.a(am_hal_uart.o) (am_hal_queue_init)
../../../math/CMSIS_5/Lib/gcc/libarm_cortexM4lf_math.a(arm_const_structs.o)
                              bin/am_mikro_thd.o (arm_cfft_sR_f32_len1024)
../../../math/CMSIS_5/Lib/gcc/libarm_cortexM4lf_math.a(arm_common_tables.o)
                              ../../../math/CMSIS_5/Lib/gcc/libarm_cortexM4lf_math.a(arm_const_structs.o) (twiddleCoef_rfft_4096)
../../../math/CMSIS_5/Lib/gcc/libarm_cortexM4lf_math.a(arm_cfft_f32.o)
                              bin/am_mikro_thd.o (arm_cfft_f32)
../../../math/CMSIS_5/Lib/gcc/libarm_cortexM4lf_math.a(arm_rfft_init_q31.o)
                              ../../../math/CMSIS_5/Lib/gcc/libarm_cortexM4lf_math.a(arm_const_structs.o) (realCoefBQ31)
../../../math/CMSIS_5/Lib/gcc/libarm_cortexM4lf_math.a(arm_rfft_init_q15.o)
                              ../../../math/CMSIS_5/Lib/gcc/libarm_cortexM4lf_math.a(arm_const_structs.o) (realCoefBQ15)
../../../math/CMSIS_5/Lib/gcc/libarm_cortexM4lf_math.a(arm_cmplx_mag_f32.o)
                              bin/am_mikro_thd.o (arm_cmplx_mag_f32)
../../../math/CMSIS_5/Lib/gcc/libarm_cortexM4lf_math.a(arm_bitreversal2.o)
                              ../../../math/CMSIS_5/Lib/gcc/libarm_cortexM4lf_math.a(arm_cfft_f32.o) (arm_bitreversal_32)
../../../math/CMSIS_5/Lib/gcc/libarm_cortexM4lf_math.a(arm_cfft_radix8_f32.o)
                              ../../../math/CMSIS_5/Lib/gcc/libarm_cortexM4lf_math.a(arm_cfft_f32.o) (arm_radix8_butterfly_f32)
/Users/axel/opt/gnu-mcu-eclipse/arm-none-eabi-gcc/7.3.1-1.1-20180724-0637/bin/../lib/gcc/arm-none-eabi/7.3.1/../../../../arm-none-eabi/lib/thumb/v7e-m/fpv4-sp/hard/libm.a(lib_a-wf_sqrt.o)
[...]
Memory Configuration

Name             Origin             Length             Attributes
FLASH            0x000000000000c000 0x00000000000f0000 xr
SRAM             0x0000000010000000 0x0000000000060000 xrw
*default*        0x0000000000000000 0xffffffffffffffff

Linker script and memory map

                0x0000000000000400                _heap_size = 0x400

.text           0x000000000000c000     0x8c58
                0x000000000000c000                . = ALIGN (0x4)
 *(.isr_vector)
 .isr_vector    0x000000000000c000       0xc0 bin/startup_gcc.o
                0x000000000000c000                g_am_pfnVectors
 *(.patch)
 .patch         0x000000000000c0c0       0x40 bin/startup_gcc.o
                0x000000000000c0c0                __Patchable
 *(.text)
 .text          0x000000000000c100       0xc0 ../../../math/CMSIS_5/Lib/gcc/libarm_cortexM4lf_math.a(arm_bitreversal2.o)
                0x000000000000c100                arm_bitreversal_32
                0x000000000000c16a                arm_bitreversal_16
 .text          0x000000000000c1c0      0x378 /Users/axel/opt/gnu-mcu-eclipse/arm-none-eabi-gcc/7.3.1-1.1-20180724-0637/bin/../lib/gcc/arm-none-eabi/7.3.1/thumb/v7e-m/fpv4-sp/hard/libgcc.a(_arm_addsubdf3.o)
                0x000000000000c1c0                __aeabi_drsub
                0x000000000000c1c8                __subdf3
                0x000000000000c1c8                __aeabi_dsub
                0x000000000000c1cc                __aeabi_dadd
                0x000000000000c1cc                __adddf3
                0x000000000000c444                __aeabi_ui2d
                0x000000000000c444                __floatunsidf
                0x000000000000c464                __floatsidf
                0x000000000000c464                __aeabi_i2d
                0x000000000000c488                __extendsfdf2
                0x000000000000c488                __aeabi_f2d
                0x000000000000c4cc                __aeabi_ul2d
                0x000000000000c4cc                __floatundidf
                0x000000000000c4dc                __aeabi_l2d
                0x000000000000c4dc                __floatdidf
 .text          0x000000000000c538      0x424 /Users/axel/opt/gnu-mcu-eclipse/arm-none-eabi-gcc/7.3.1-1.1-20180724-0637/bin/../lib/gcc/arm-none-eabi/7.3.1/thumb/v7e-m/fpv4-sp/hard/libgcc.a(_arm_muldivdf3.o)
                0x000000000000c538                __aeabi_dmul
                0x000000000000c538                __muldf3
                0x000000000000c78c                __aeabi_ddiv
                0x000000000000c78c                __divdf3
 .text          0x000000000000c95c       0xa0 /Users/axel/opt/gnu-mcu-eclipse/arm-none-eabi-gcc/7.3.1-1.1-20180724-0637/bin/../lib/gcc/arm-none-eabi/7.3.1/thumb/v7e-m/fpv4-sp/hard/libgcc.a(_arm_truncdfsf2.o)
                0x000000000000c95c                __aeabi_d2f
                0x000000000000c95c                __truncdfsf2
 *(.text*)
 .text.main     0x000000000000c9fc       0xe8 bin/main.o
                0x000000000000c9fc                main
 .text.am_hal_pdm_initialize
                0x000000000000cae4       0xbc bin/am_hal_pdm.o
                0x000000000000cae4                am_hal_pdm_initialize
 .text.am_hal_pdm_power_control
                0x000000000000cba0       0xd0 bin/am_hal_pdm.o
                0x000000000000cba0                am_hal_pdm_power_control
 .text.am_hal_pdm_configure
                0x000000000000cc70      0x1b8 bin/am_hal_pdm.o
                0x000000000000cc70                am_hal_pdm_configure
 .text.am_hal_pdm_enable
                0x000000000000ce28       0x64 bin/am_hal_pdm.o
                0x000000000000ce28                am_hal_pdm_enable
 .text.am_hal_pdm_dma_start
                0x000000000000ce8c      0x108 bin/am_hal_pdm.o
                0x000000000000ce8c                am_hal_pdm_dma_start
 .text.am_hal_pdm_fifo_flush
                0x000000000000cf94       0x54 bin/am_hal_pdm.o
                0x000000000000cf94                am_hal_pdm_fifo_flush
 .text.am_hal_pdm_interrupt_enable
                0x000000000000cfe8       0x60 bin/am_hal_pdm.o
                0x000000000000cfe8                am_hal_pdm_interrupt_enable
 .text.am_hal_pdm_interrupt_clear
                0x000000000000d048       0x58 bin/am_hal_pdm.o
                0x000000000000d048                am_hal_pdm_interrupt_clear
 .text.am_hal_pdm_interrupt_status_get
                0x000000000000d0a0       0x80 bin/am_hal_pdm.o
                0x000000000000d0a0                am_hal_pdm_interrupt_status_get
 .text.pincfg_equ
                0x000000000000d120       0x30 bin/am_hal_gpio.o
 .text.am_hal_gpio_pinconfig
                0x000000000000d150      0x3b8 bin/am_hal_gpio.o
                0x000000000000d150                am_hal_gpio_pinconfig
 .text.am_hal_gpio_state_read
                0x000000000000d508       0xc8 bin/am_hal_gpio.o
                0x000000000000d508                am_hal_gpio_state_read
 .text.am_hal_gpio_state_write
                0x000000000000d5d0      0x108 bin/am_hal_gpio.o
                0x000000000000d5d0                am_hal_gpio_state_write
 .text.am_hal_gpio_interrupt_enable
                0x000000000000d6d8       0x7c bin/am_hal_gpio.o
                0x000000000000d6d8                am_hal_gpio_interrupt_enable
 .text.am_hal_gpio_interrupt_clear
                0x000000000000d754       0x6c bin/am_hal_gpio.o
                0x000000000000d754                am_hal_gpio_interrupt_clear
 .text.HardFault_Handler
                0x000000000000d7c0       0x1e bin/am_util_faultisr.o
                0x000000000000d7c0                HardFault_Handler
 .text.getStackedReg
                0x000000000000d7de        0xc bin/am_util_faultisr.o
                0x000000000000d7de                getStackedReg
 *fill*         0x000000000000d7ea        0x2 
 .text.am_util_faultisr_collect_data
                0x000000000000d7ec       0xe4 bin/am_util_faultisr.o
                0x000000000000d7ec                am_util_faultisr_collect_data
 .text.am_util_stdio_printf_init
                0x000000000000d8d0       0x20 bin/am_util_stdio.o
                0x000000000000d8d0                am_util_stdio_printf_init
 .text.divu64_10
                0x000000000000d8f0      0x1be bin/am_util_stdio.o
 .text.ndigits_in_u64
                0x000000000000daae       0x42 bin/am_util_stdio.o
 .text.ndigits_in_i64
                0x000000000000daf0       0x3a bin/am_util_stdio.o
 .text.ndigits_in_hex
                0x000000000000db2a       0x50 bin/am_util_stdio.o
 .text.decstr_to_int
                0x000000000000db7a       0x8c bin/am_util_stdio.o
 .text.uint64_to_str
                0x000000000000dc06       0x90 bin/am_util_stdio.o
 .text.uint64_to_hexstr
                0x000000000000dc96       0xc8 bin/am_util_stdio.o
 .text.simple_strlen
                0x000000000000dd5e       0x36 bin/am_util_stdio.o
 .text.padbuffer
                0x000000000000dd94       0x4a bin/am_util_stdio.o
 *fill*         0x000000000000ddde        0x2 
 .text.ftoa     0x000000000000dde0      0x1fc bin/am_util_stdio.o
 .text.am_util_stdio_vsprintf
                0x000000000000dfdc      0x614 bin/am_util_stdio.o
                0x000000000000dfdc                am_util_stdio_vsprintf
 .text.am_util_stdio_printf
                0x000000000000e5f0       0x48 bin/am_util_stdio.o
                0x000000000000e5f0                am_util_stdio_printf
 .text.am_app_utils_ring_buffer_init
                0x000000000000e638       0x88 bin/am_app_utils_ring_buffer.o
                0x000000000000e638                am_app_utils_ring_buffer_init
 .text.am_app_utils_ring_buffer_init_all
                0x000000000000e6c0       0x44 bin/am_app_utils_ring_buffer.o
                0x000000000000e6c0                am_app_utils_ring_buffer_init_all
 .text.am_devices_led_init
                0x000000000000e704       0x9c bin/am_devices_led.o
                0x000000000000e704                am_devices_led_init
 .text.am_devices_led_array_init
                0x000000000000e7a0       0x42 bin/am_devices_led.o
                0x000000000000e7a0                am_devices_led_array_init
 .text.am_devices_led_off
                0x000000000000e7e2       0x7c bin/am_devices_led.o
                0x000000000000e7e2                am_devices_led_off
 .text.am_devices_led_toggle
                0x000000000000e85e       0x9e bin/am_devices_led.o
                0x000000000000e85e                am_devices_led_toggle
 .text.Reset_Handler
                0x000000000000e8fc       0x68 bin/startup_gcc.o
                0x000000000000e8fc                Reset_Handler
 .text.NMI_Handler
                0x000000000000e964        0x6 bin/startup_gcc.o
                0x000000000000e964                NMI_Handler
 .text.am_default_isr
                0x000000000000e96a        0x6 bin/startup_gcc.o
                0x000000000000e96a                am_default_isr
                0x000000000000e96a                am_iomaster4_isr
                0x000000000000e96a                SysTick_Handler
                0x000000000000e96a                PendSV_Handler
                0x000000000000e96a                am_rtc_isr
                0x000000000000e96a                am_stimer_cmpr3_isr
                0x000000000000e96a                am_adc_isr
                0x000000000000e96a                am_iomaster3_isr
                0x000000000000e96a                am_clkgen_isr
                0x000000000000e96a                am_stimer_isr
                0x000000000000e96a                am_software0_isr
                0x000000000000e96a                am_stimer_cmpr5_isr
                0x000000000000e96a                am_iomaster5_isr
                0x000000000000e96a                am_uart_isr
                0x000000000000e96a                am_ioslave_acc_isr
                0x000000000000e96a                am_mspi0_isr
                0x000000000000e96a                am_stimer_cmpr6_isr
                0x000000000000e96a                am_iomaster1_isr
                0x000000000000e96a                am_brownout_isr
                0x000000000000e96a                am_vcomp_isr
                0x000000000000e96a                am_stimer_cmpr1_isr
                0x000000000000e96a                am_iomaster2_isr
                0x000000000000e96a                SVC_Handler
                0x000000000000e96a                am_stimer_cmpr2_isr
                0x000000000000e96a                am_ioslave_ios_isr
                0x000000000000e96a                am_uart1_isr
                0x000000000000e96a                am_stimer_cmpr7_isr
                0x000000000000e96a                am_scard_isr
                0x000000000000e96a                am_watchdog_isr
                0x000000000000e96a                am_stimer_cmpr0_isr
                0x000000000000e96a                am_iomaster0_isr
                0x000000000000e96a                am_ble_isr
                0x000000000000e96a                am_stimer_cmpr4_isr
                0x000000000000e96a                DebugMon_Handler
 .text.__NVIC_EnableIRQ
                0x000000000000e970       0x3c bin/board_setup.o
 .text.DebugLog
                0x000000000000e9ac       0x1c bin/board_setup.o
                0x000000000000e9ac                DebugLog
 .text.timerA0_init
                0x000000000000e9c8       0x48 bin/board_setup.o
                0x000000000000e9c8                timerA0_init
 .text.am_app_AEP_sys_init
                0x000000000000ea10      0x11c bin/board_setup.o
                0x000000000000ea10                am_app_AEP_sys_init
 .text.am_ctimer_isr
                0x000000000000eb2c       0x54 bin/board_setup.o
                0x000000000000eb2c                am_ctimer_isr
 .text.am_gpio_isr
                0x000000000000eb80       0x34 bin/board_setup.o
                0x000000000000eb80                am_gpio_isr
 .text.__NVIC_EnableIRQ
                0x000000000000ebb4       0x3c bin/audio_driver.o
 .text.__NVIC_SetPriority
                0x000000000000ebf0       0x54 bin/audio_driver.o
 .text.am_app_AEP_pdm_init
                0x000000000000ec44       0xd0 bin/audio_driver.o
                0x000000000000ec44                am_app_AEP_pdm_init
 .text.pdm_trigger_dma
                0x000000000000ed14       0x30 bin/audio_driver.o
                0x000000000000ed14                pdm_trigger_dma
 .text.am_pdm0_isr
                0x000000000000ed44       0x5c bin/audio_driver.o
                0x000000000000ed44                am_pdm0_isr
 .text.am_pcm_fft
                0x000000000000eda0       0xec bin/am_mikro_thd.o
                0x000000000000eda0                am_pcm_fft
 .text.am_thd_calc
                0x000000000000ee8c      0x13c bin/am_mikro_thd.o
                0x000000000000ee8c                am_thd_calc
 .text.am_bsp_uart_string_print
                0x000000000000efc8       0x48 ../../../device/AmbiqSuite-Rel2.0.0/boards/apollo3_evb/bsp/gcc/bin/libam_bsp.a(am_bsp.o)
                0x000000000000efc8                am_bsp_uart_string_print
 .text.am_bsp_low_power_init
                0x000000000000f010       0x64 ../../../device/AmbiqSuite-Rel2.0.0/boards/apollo3_evb/bsp/gcc/bin/libam_bsp.a(am_bsp.o)
                0x000000000000f010                am_bsp_low_power_init
 .text.am_bsp_uart_printf_enable
                0x000000000000f074       0x5c ../../../device/AmbiqSuite-Rel2.0.0/boards/apollo3_evb/bsp/gcc/bin/libam_bsp.a(am_bsp.o)
                0x000000000000f074                am_bsp_uart_printf_enable
 .text.am_hal_burst_mode_initialize
                0x000000000000f0d0       0x90 ../../../device/AmbiqSuite-Rel2.0.0/mcu/apollo3/hal/gcc/bin/libam_hal.a(am_hal_burst.o)
                0x000000000000f0d0                am_hal_burst_mode_initialize
 .text.am_hal_burst_mode_enable
                0x000000000000f160       0x5c ../../../device/AmbiqSuite-Rel2.0.0/mcu/apollo3/hal/gcc/bin/libam_hal.a(am_hal_burst.o)
                0x000000000000f160                am_hal_burst_mode_enable
 .text.am_hal_cachectrl_config
                0x000000000000f1bc       0x54 ../../../device/AmbiqSuite-Rel2.0.0/mcu/apollo3/hal/gcc/bin/libam_hal.a(am_hal_cachectrl.o)
                0x000000000000f1bc                am_hal_cachectrl_config
 .text.am_hal_cachectrl_enable
                0x000000000000f210       0x14 ../../../device/AmbiqSuite-Rel2.0.0/mcu/apollo3/hal/gcc/bin/libam_hal.a(am_hal_cachectrl.o)
                0x000000000000f210                am_hal_cachectrl_enable
 .text.am_hal_clkgen_control
                0x000000000000f224       0xd8 ../../../device/AmbiqSuite-Rel2.0.0/mcu/apollo3/hal/gcc/bin/libam_hal.a(am_hal_clkgen.o)
                0x000000000000f224                am_hal_clkgen_control
 .text.am_hal_clkgen_status_get
                0x000000000000f2fc       0x3c ../../../device/AmbiqSuite-Rel2.0.0/mcu/apollo3/hal/gcc/bin/libam_hal.a(am_hal_clkgen.o)
                0x000000000000f2fc                am_hal_clkgen_status_get
 .text.am_hal_ctimer_config
                0x000000000000f338       0x60 ../../../device/AmbiqSuite-Rel2.0.0/mcu/apollo3/hal/gcc/bin/libam_hal.a(am_hal_ctimer.o)
                0x000000000000f338                am_hal_ctimer_config
 .text.am_hal_ctimer_start
                0x000000000000f398       0x54 ../../../device/AmbiqSuite-Rel2.0.0/mcu/apollo3/hal/gcc/bin/libam_hal.a(am_hal_ctimer.o)
                0x000000000000f398                am_hal_ctimer_start
 .text.am_hal_ctimer_clear
                0x000000000000f3ec       0x28 ../../../device/AmbiqSuite-Rel2.0.0/mcu/apollo3/hal/gcc/bin/libam_hal.a(am_hal_ctimer.o)
                0x000000000000f3ec                am_hal_ctimer_clear
 .text.am_hal_ctimer_period_set
                0x000000000000f414       0xac ../../../device/AmbiqSuite-Rel2.0.0/mcu/apollo3/hal/gcc/bin/libam_hal.a(am_hal_ctimer.o)
                0x000000000000f414                am_hal_ctimer_period_set
 .text.am_hal_ctimer_int_enable
                0x000000000000f4c0       0x28 ../../../device/AmbiqSuite-Rel2.0.0/mcu/apollo3/hal/gcc/bin/libam_hal.a(am_hal_ctimer.o)
                0x000000000000f4c0                am_hal_ctimer_int_enable
 .text.am_hal_ctimer_int_clear
                0x000000000000f4e8       0x20 ../../../device/AmbiqSuite-Rel2.0.0/mcu/apollo3/hal/gcc/bin/libam_hal.a(am_hal_ctimer.o)
                0x000000000000f4e8                am_hal_ctimer_int_clear
 .text.am_hal_flash_delay
                0x000000000000f508        0x8 ../../../device/AmbiqSuite-Rel2.0.0/mcu/apollo3/hal/gcc/bin/libam_hal.a(am_hal_flash.o)
                0x000000000000f508                am_hal_flash_delay
 .text.am_hal_flash_delay_status_check
                0x000000000000f510       0x58 ../../../device/AmbiqSuite-Rel2.0.0/mcu/apollo3/hal/gcc/bin/libam_hal.a(am_hal_flash.o)
                0x000000000000f510                am_hal_flash_delay_status_check
 .text.am_hal_interrupt_master_enable
                0x000000000000f568        0x8 ../../../device/AmbiqSuite-Rel2.0.0/mcu/apollo3/hal/gcc/bin/libam_hal.a(am_hal_interrupt.o)
                0x000000000000f568                am_hal_interrupt_master_enable
 .text.am_hal_interrupt_master_disable
                0x000000000000f570        0x8 ../../../device/AmbiqSuite-Rel2.0.0/mcu/apollo3/hal/gcc/bin/libam_hal.a(am_hal_interrupt.o)
                0x000000000000f570                am_hal_interrupt_master_disable
 .text.am_hal_interrupt_master_set
                0x000000000000f578        0x8 ../../../device/AmbiqSuite-Rel2.0.0/mcu/apollo3/hal/gcc/bin/libam_hal.a(am_hal_interrupt.o)
                0x000000000000f578                am_hal_interrupt_master_set
 .text.am_hal_itm_disable
                0x000000000000f580       0xac ../../../device/AmbiqSuite-Rel2.0.0/mcu/apollo3/hal/gcc/bin/libam_hal.a(am_hal_itm.o)
                0x000000000000f580                am_hal_itm_disable
 .text.am_hal_mcuctrl_info_get
                0x000000000000f62c      0x12c ../../../device/AmbiqSuite-Rel2.0.0/mcu/apollo3/hal/gcc/bin/libam_hal.a(am_hal_mcuctrl.o)
                0x000000000000f62c                am_hal_mcuctrl_info_get
 .text.am_hal_pwrctrl_periph_enable
                0x000000000000f758       0x54 ../../../device/AmbiqSuite-Rel2.0.0/mcu/apollo3/hal/gcc/bin/libam_hal.a(am_hal_pwrctrl.o)
                0x000000000000f758                am_hal_pwrctrl_periph_enable
 .text.am_hal_pwrctrl_periph_disable
                0x000000000000f7ac       0x58 ../../../device/AmbiqSuite-Rel2.0.0/mcu/apollo3/hal/gcc/bin/libam_hal.a(am_hal_pwrctrl.o)
                0x000000000000f7ac                am_hal_pwrctrl_periph_disable
 .text.am_hal_pwrctrl_low_power_init
                0x000000000000f804       0x94 ../../../device/AmbiqSuite-Rel2.0.0/mcu/apollo3/hal/gcc/bin/libam_hal.a(am_hal_pwrctrl.o)
                0x000000000000f804                am_hal_pwrctrl_low_power_init
 .text.am_hal_rtc_osc_select
                0x000000000000f898       0x18 ../../../device/AmbiqSuite-Rel2.0.0/mcu/apollo3/hal/gcc/bin/libam_hal.a(am_hal_rtc.o)
                0x000000000000f898                am_hal_rtc_osc_select
 .text.am_hal_rtc_osc_disable
                0x000000000000f8b0       0x14 ../../../device/AmbiqSuite-Rel2.0.0/mcu/apollo3/hal/gcc/bin/libam_hal.a(am_hal_rtc.o)
                0x000000000000f8b0                am_hal_rtc_osc_disable
 .text.am_hal_uart_initialize
                0x000000000000f8c4       0x50 ../../../device/AmbiqSuite-Rel2.0.0/mcu/apollo3/hal/gcc/bin/libam_hal.a(am_hal_uart.o)
                0x000000000000f8c4                am_hal_uart_initialize
 .text.am_hal_uart_power_control
                0x000000000000f914       0xe4 ../../../device/AmbiqSuite-Rel2.0.0/mcu/apollo3/hal/gcc/bin/libam_hal.a(am_hal_uart.o)
                0x000000000000f914                am_hal_uart_power_control
 .text.am_hal_uart_configure
                0x000000000000f9f8      0x218 ../../../device/AmbiqSuite-Rel2.0.0/mcu/apollo3/hal/gcc/bin/libam_hal.a(am_hal_uart.o)
                0x000000000000f9f8                am_hal_uart_configure
 .text.am_hal_uart_transfer
                0x000000000000fc10      0x474 ../../../device/AmbiqSuite-Rel2.0.0/mcu/apollo3/hal/gcc/bin/libam_hal.a(am_hal_uart.o)
                0x000000000000fc10                am_hal_uart_transfer
 .text.am_hal_queue_init
                0x0000000000010084       0x18 ../../../device/AmbiqSuite-Rel2.0.0/mcu/apollo3/hal/gcc/bin/libam_hal.a(am_hal_queue.o)
                0x0000000000010084                am_hal_queue_init
 .text.am_hal_queue_item_add
                0x000000000001009c       0x70 ../../../device/AmbiqSuite-Rel2.0.0/mcu/apollo3/hal/gcc/bin/libam_hal.a(am_hal_queue.o)
                0x000000000001009c                am_hal_queue_item_add
 .text.am_hal_queue_item_get
                0x000000000001010c       0x70 ../../../device/AmbiqSuite-Rel2.0.0/mcu/apollo3/hal/gcc/bin/libam_hal.a(am_hal_queue.o)
                0x000000000001010c                am_hal_queue_item_get
 .text.arm_cfft_radix8by2_f32
                0x000000000001017c      0x1a0 ../../../math/CMSIS_5/Lib/gcc/libarm_cortexM4lf_math.a(arm_cfft_f32.o)
                0x000000000001017c                arm_cfft_radix8by2_f32
 .text.arm_cfft_radix8by4_f32
                0x000000000001031c      0x4bc ../../../math/CMSIS_5/Lib/gcc/libarm_cortexM4lf_math.a(arm_cfft_f32.o)
                0x000000000001031c                arm_cfft_radix8by4_f32
 .text.arm_cfft_f32
                0x00000000000107d8       0xf4 ../../../math/CMSIS_5/Lib/gcc/libarm_cortexM4lf_math.a(arm_cfft_f32.o)
                0x00000000000107d8                arm_cfft_f32
 .text.arm_cmplx_mag_f32
                0x00000000000108cc      0x1d0 ../../../math/CMSIS_5/Lib/gcc/libarm_cortexM4lf_math.a(arm_cmplx_mag_f32.o)
                0x00000000000108cc                arm_cmplx_mag_f32
 .text.arm_radix8_butterfly_f32
                0x0000000000010a9c      0x5e4 ../../../math/CMSIS_5/Lib/gcc/libarm_cortexM4lf_math.a(arm_cfft_radix8_f32.o)
                0x0000000000010a9c                arm_radix8_butterfly_f32
 .text.sqrtf    0x0000000000011080       0xac /Users/axel/opt/gnu-mcu-eclipse/arm-none-eabi-gcc/7.3.1-1.1-20180724-0637/bin/../lib/gcc/arm-none-eabi/7.3.1/../../../../arm-none-eabi/lib/thumb/v7e-m/fpv4-sp/hard/libm.a(lib_a-wf_sqrt.o)
                0x0000000000011080                sqrtf
 .text.__ieee754_sqrtf
                0x000000000001112c        0x8 /Users/axel/opt/gnu-mcu-eclipse/arm-none-eabi-gcc/7.3.1-1.1-20180724-0637/bin/../lib/gcc/arm-none-eabi/7.3.1/../../../../arm-none-eabi/lib/thumb/v7e-m/fpv4-sp/hard/libm.a(lib_a-ef_sqrt.o)
                0x000000000001112c                __ieee754_sqrtf
 .text.matherr  0x0000000000011134        0x4 /Users/axel/opt/gnu-mcu-eclipse/arm-none-eabi-gcc/7.3.1-1.1-20180724-0637/bin/../lib/gcc/arm-none-eabi/7.3.1/../../../../arm-none-eabi/lib/thumb/v7e-m/fpv4-sp/hard/libm.a(lib_a-s_matherr.o)
                0x0000000000011134                matherr
 .text.__errno  0x0000000000011138        0xc /Users/axel/opt/gnu-mcu-eclipse/arm-none-eabi-gcc/7.3.1-1.1-20180724-0637/bin/../lib/gcc/arm-none-eabi/7.3.1/../../../../arm-none-eabi/lib/thumb/v7e-m/fpv4-sp/hard/libc.a(lib_a-errno.o)
                0x0000000000011138                __errno
 .text.memset   0x0000000000011144       0x94 /Users/axel/opt/gnu-mcu-eclipse/arm-none-eabi-gcc/7.3.1-1.1-20180724-0637/bin/../lib/gcc/arm-none-eabi/7.3.1/../../../../arm-none-eabi/lib/thumb/v7e-m/fpv4-sp/hard/libc.a(lib_a-memset.o)
                0x0000000000011144                memset
 *(.rodata)
 .rodata        0x00000000000111d8       0x2d bin/main.o
 *fill*         0x0000000000011205        0x3 
 .rodata        0x0000000000011208       0xe4 bin/board_setup.o
 .rodata        0x00000000000112ec       0x59 bin/am_mikro_thd.o
 *(.rodata*)
 *fill*         0x0000000000011345        0x3 
 .rodata.g_AM_HAL_GPIO_DISABLE
                0x0000000000011348        0x4 bin/am_hal_gpio.o
                0x0000000000011348                g_AM_HAL_GPIO_DISABLE
 .rodata.g_AM_HAL_GPIO_OUTPUT
                0x000000000001134c        0x4 bin/am_hal_gpio.o
                0x000000000001134c                g_AM_HAL_GPIO_OUTPUT
 .rodata.g_AM_HAL_GPIO_TRISTATE
                0x0000000000011350        0x4 bin/am_hal_gpio.o
                0x0000000000011350                g_AM_HAL_GPIO_TRISTATE
 .rodata.g_ui8Inpen
                0x0000000000011354       0x32 bin/am_hal_gpio.o
 *fill*         0x0000000000011386        0x2 
 .rodata.g_ui8Bit76Capabilities
                0x0000000000011388       0x32 bin/am_hal_gpio.o
 *fill*         0x00000000000113ba        0x2 
 .rodata.g_ui8nCEpins
                0x00000000000113bc       0x32 bin/am_hal_gpio.o
 *fill*         0x00000000000113ee        0x2 
 .rodata.g_ui8NCEtable
                0x00000000000113f0       0xc8 bin/am_hal_gpio.o
 .rodata.g_SysRingBuffSetup
                0x00000000000114b8        0xc bin/board_setup.o
 .rodata.g_deepsleep_button0
                0x00000000000114c4        0x4 bin/board_setup.o
                0x00000000000114c4                g_deepsleep_button0
 .rodata.g_in16TestInput_2KHZ_SR16K
                0x00000000000114c8      0x800 bin/am_AEP_fft_data.o
                0x00000000000114c8                g_in16TestInput_2KHZ_SR16K
 .rodata.g_sBspUartConfig
                0x0000000000011cc8       0x28 ../../../device/AmbiqSuite-Rel2.0.0/boards/apollo3_evb/bsp/gcc/bin/libam_bsp.a(am_bsp.o)
 .rodata.g_AM_BSP_GPIO_COM_UART_TX
                0x0000000000011cf0        0x4 ../../../device/AmbiqSuite-Rel2.0.0/boards/apollo3_evb/bsp/gcc/bin/libam_bsp.a(am_bsp_pins.o)
                0x0000000000011cf0                g_AM_BSP_GPIO_COM_UART_TX
 .rodata.g_AM_BSP_GPIO_COM_UART_RX
                0x0000000000011cf4        0x4 ../../../device/AmbiqSuite-Rel2.0.0/boards/apollo3_evb/bsp/gcc/bin/libam_bsp.a(am_bsp_pins.o)
                0x0000000000011cf4                g_AM_BSP_GPIO_COM_UART_RX
 .rodata.am_hal_cachectrl_defaults
                0x0000000000011cf8        0x4 ../../../device/AmbiqSuite-Rel2.0.0/mcu/apollo3/hal/gcc/bin/libam_hal.a(am_hal_cachectrl.o)
                0x0000000000011cf8                am_hal_cachectrl_defaults
 .rodata.g_am_hal_mcuctrl_flash_size
                0x0000000000011cfc       0x40 ../../../device/AmbiqSuite-Rel2.0.0/mcu/apollo3/hal/gcc/bin/libam_hal.a(am_hal_mcuctrl.o)
                0x0000000000011cfc                g_am_hal_mcuctrl_flash_size
 .rodata.g_am_hal_mcuctrl_sram_size
                0x0000000000011d3c       0x40 ../../../device/AmbiqSuite-Rel2.0.0/mcu/apollo3/hal/gcc/bin/libam_hal.a(am_hal_mcuctrl.o)
                0x0000000000011d3c                g_am_hal_mcuctrl_sram_size
 .rodata.am_hal_pwrctrl_peripheral_control
                0x0000000000011d7c       0xb4 ../../../device/AmbiqSuite-Rel2.0.0/mcu/apollo3/hal/gcc/bin/libam_hal.a(am_hal_pwrctrl.o)
                0x0000000000011d7c                am_hal_pwrctrl_peripheral_control
 .rodata.arm_cfft_sR_f32_len1024
                0x0000000000011e30       0x10 ../../../math/CMSIS_5/Lib/gcc/libarm_cortexM4lf_math.a(arm_const_structs.o)
                0x0000000000011e30                arm_cfft_sR_f32_len1024
 .rodata.twiddleCoef_1024
                0x0000000000011e40     0x2000 ../../../math/CMSIS_5/Lib/gcc/libarm_cortexM4lf_math.a(arm_common_tables.o)
                0x0000000000011e40                twiddleCoef_1024
 .rodata.armBitRevIndexTable1024
                0x0000000000013e40      0xe10 ../../../math/CMSIS_5/Lib/gcc/libarm_cortexM4lf_math.a(arm_common_tables.o)
                0x0000000000013e40                armBitRevIndexTable1024
 .rodata.sqrtf.str1.4
                0x0000000000014c50        0x8 /Users/axel/opt/gnu-mcu-eclipse/arm-none-eabi-gcc/7.3.1-1.1-20180724-0637/bin/../lib/gcc/arm-none-eabi/7.3.1/../../../../arm-none-eabi/lib/thumb/v7e-m/fpv4-sp/hard/libm.a(lib_a-wf_sqrt.o)
                                          0x6 (size before relaxing)
                0x0000000000014c58                . = ALIGN (0x4)
                0x0000000000014c58                _etext = .

.glue_7         0x0000000000014c58        0x0
 .glue_7        0x0000000000014c58        0x0 linker stubs

.glue_7t        0x0000000000014c58        0x0
 .glue_7t       0x0000000000014c58        0x0 linker stubs

.vfp11_veneer   0x0000000000014c58        0x0
 .vfp11_veneer  0x0000000000014c58        0x0 linker stubs

.v4_bx          0x0000000000014c58        0x0
 .v4_bx         0x0000000000014c58        0x0 linker stubs

.iplt           0x0000000000014c58        0x0
 .iplt          0x0000000000014c58        0x0 bin/main.o

.rel.dyn        0x0000000000014c58        0x0
 .rel.iplt      0x0000000000014c58        0x0 bin/main.o

.stack          0x0000000010000000     0xc000
                0x0000000010000000                . = ALIGN (0x8)
 *(.stack)
 .stack         0x0000000010000000     0xc000 bin/startup_gcc.o
 *(.stack*)
                0x000000001000c000                . = ALIGN (0x8)

.data           0x000000001000c000      0x478 load address 0x0000000000014c58
                0x000000001000c000                . = ALIGN (0x4)
                0x000000001000c000                _sdata = .
 *(.data)
 *(.data*)
 .data.g_sTimer0
                0x000000001000c000        0xc bin/board_setup.o
                0x000000001000c000                g_sTimer0
 .data.am_bsp_psLEDs
                0x000000001000c00c       0x28 ../../../device/AmbiqSuite-Rel2.0.0/boards/apollo3_evb/bsp/gcc/bin/libam_bsp.a(am_bsp.o)
                0x000000001000c00c                am_bsp_psLEDs
 .data.g_ui8ClkSrc
                0x000000001000c034       0x10 ../../../device/AmbiqSuite-Rel2.0.0/mcu/apollo3/hal/gcc/bin/libam_hal.a(am_hal_ctimer.o)
 .data.__fdlib_version
                0x000000001000c044        0x1 /Users/axel/opt/gnu-mcu-eclipse/arm-none-eabi-gcc/7.3.1-1.1-20180724-0637/bin/../lib/gcc/arm-none-eabi/7.3.1/../../../../arm-none-eabi/lib/thumb/v7e-m/fpv4-sp/hard/libm.a(lib_a-s_lib_ver.o)
                0x000000001000c044                __fdlib_version
 *fill*         0x000000001000c045        0x3 
 .data._impure_ptr
                0x000000001000c048        0x4 /Users/axel/opt/gnu-mcu-eclipse/arm-none-eabi-gcc/7.3.1-1.1-20180724-0637/bin/../lib/gcc/arm-none-eabi/7.3.1/../../../../arm-none-eabi/lib/thumb/v7e-m/fpv4-sp/hard/libc.a(lib_a-impure.o)
                0x000000001000c048                _impure_ptr
 *fill*         0x000000001000c04c        0x4 
 .data.impure_data
                0x000000001000c050      0x428 /Users/axel/opt/gnu-mcu-eclipse/arm-none-eabi-gcc/7.3.1-1.1-20180724-0637/bin/../lib/gcc/arm-none-eabi/7.3.1/../../../../arm-none-eabi/lib/thumb/v7e-m/fpv4-sp/hard/libc.a(lib_a-impure.o)
                0x000000001000c478                . = ALIGN (0x4)
                0x000000001000c478                _edata = .
                0x0000000000014c58                _init_data = LOADADDR (.data)

.igot.plt       0x000000001000c478        0x0 load address 0x00000000000150d0
 .igot.plt      0x000000001000c478        0x0 bin/main.o

.bss            0x000000001000c478    0x1012c load address 0x00000000000150d0
                0x000000001000c478                . = ALIGN (0x4)
                0x000000001000c478                _sbss = .
 *(.bss)
 *(.bss*)
 .bss.g_prfbuf  0x000000001000c478      0x100 bin/am_util_stdio.o
 .bss.g_bTxtXlate
                0x000000001000c578        0x1 bin/am_util_stdio.o
 *fill*         0x000000001000c579        0x3 
 .bss.g_ui32TimerCount
                0x000000001000c57c        0x4 bin/board_setup.o
                0x000000001000c57c                g_ui32TimerCount
 .bss.g_ui8DebounceFlag
                0x000000001000c580        0x1 bin/board_setup.o
                0x000000001000c580                g_ui8DebounceFlag
 *fill*         0x000000001000c581        0x3 
 .bss.g_ui32DebounceTimerCount
                0x000000001000c584        0x4 bin/board_setup.o
                0x000000001000c584                g_ui32DebounceTimerCount
 .bss.g_sysKeyValue
                0x000000001000c588        0x1 bin/board_setup.o
                0x000000001000c588                g_sysKeyValue
 *fill*         0x000000001000c589        0x3 
 .bss.g_ui32PrintInterface
                0x000000001000c58c        0x4 ../../../device/AmbiqSuite-Rel2.0.0/boards/apollo3_evb/bsp/gcc/bin/libam_bsp.a(am_bsp.o)
 .bss.g_sCOMUART
                0x000000001000c590        0x4 ../../../device/AmbiqSuite-Rel2.0.0/boards/apollo3_evb/bsp/gcc/bin/libam_bsp.a(am_bsp.o)
 .bss.g_am_hal_burst_mode_available
                0x000000001000c594        0x1 ../../../device/AmbiqSuite-Rel2.0.0/mcu/apollo3/hal/gcc/bin/libam_hal.a(am_hal_burst.o)
                0x000000001000c594                g_am_hal_burst_mode_available
 *fill*         0x000000001000c595        0x3 
 .bss.gAmHalResetStatus
                0x000000001000c598        0x4 ../../../device/AmbiqSuite-Rel2.0.0/mcu/apollo3/hal/gcc/bin/libam_hal.a(am_hal_reset.o)
                0x000000001000c598                gAmHalResetStatus
 *(COMMON)
 COMMON         0x000000001000c59c        0xc bin/am_hal_pdm.o
                0x000000001000c59c                g_am_hal_pdm_states
 COMMON         0x000000001000c5a8        0x4 bin/am_util_stdio.o
                0x000000001000c5a8                g_pfnCharPrint
 COMMON         0x000000001000c5ac     0xfa2c bin/board_setup.o
                0x000000001000c5ac                eBurstMode
                0x000000001000c5ad                eBurstModeAvailable
                0x000000001000c5b0                g_ui8PCMDataRingBuff
                0x000000001001bfb0                am_sys_ring_buffers
 COMMON         0x000000001001bfd8      0x504 bin/audio_driver.o
                0x000000001001bfd8                g_ui32PCMDataBuff
                0x000000001001c4d8                PDMHandle
 COMMON         0x000000001001c4dc       0xc8 ../../../device/AmbiqSuite-Rel2.0.0/mcu/apollo3/hal/gcc/bin/libam_hal.a(am_hal_uart.o)
                0x000000001001c4dc                g_am_hal_uart_states
                0x000000001001c5a4                . = ALIGN (0x4)
                0x000000001001c5a4                _ebss = .

.heap           0x000000001001c5a4      0x404 load address 0x00000000000150d0
                0x000000001001c5a8                . = ALIGN (0x8)
 *fill*         0x000000001001c5a4        0x4 
                [!provide]                        PROVIDE (__end__ = .)
                0x000000001001c5a8                PROVIDE (end = .)
                [!provide]                        PROVIDE (_heap_start = end)
                0x000000001001c9a8                . = (. + _heap_size)
 *fill*         0x000000001001c5a8      0x400 
                [!provide]                        PROVIDE (_heap_end = .)
                0x000000001001c9a8                . = ALIGN (0x8)

.ARM.attributes
                0x0000000000000000       0x37
 *(.ARM.attributes)
 .ARM.attributes
                0x0000000000000000       0x39 bin/main.o
 .ARM.attributes
                0x0000000000000039       0x39 bin/am_hal_pdm.o
 .ARM.attributes
                0x0000000000000072       0x39 bin/am_hal_gpio.o
 .ARM.attributes
                0x00000000000000ab       0x39 bin/am_util_faultisr.o
 .ARM.attributes
                0x00000000000000e4       0x39 bin/am_util_stdio.o
 .ARM.attributes
                0x000000000000011d       0x39 bin/am_app_utils_ring_buffer.o
 .ARM.attributes
                0x0000000000000156       0x39 bin/am_devices_led.o
 .ARM.attributes
                0x000000000000018f       0x39 bin/startup_gcc.o
 .ARM.attributes
                0x00000000000001c8       0x39 bin/board_setup.o
 .ARM.attributes
                0x0000000000000201       0x39 bin/audio_driver.o
 .ARM.attributes
                0x000000000000023a       0x39 bin/am_mikro_thd.o
 .ARM.attributes
                0x0000000000000273       0x39 bin/am_AEP_fft_data.o
 .ARM.attributes
                0x00000000000002ac       0x39 ../../../device/AmbiqSuite-Rel2.0.0/boards/apollo3_evb/bsp/gcc/bin/libam_bsp.a(am_bsp.o)
 .ARM.attributes
                0x00000000000002e5       0x39 ../../../device/AmbiqSuite-Rel2.0.0/boards/apollo3_evb/bsp/gcc/bin/libam_bsp.a(am_bsp_pins.o)
 .ARM.attributes
                0x000000000000031e       0x39 ../../../device/AmbiqSuite-Rel2.0.0/mcu/apollo3/hal/gcc/bin/libam_hal.a(am_hal_burst.o)
 .ARM.attributes
                0x0000000000000357       0x39 ../../../device/AmbiqSuite-Rel2.0.0/mcu/apollo3/hal/gcc/bin/libam_hal.a(am_hal_cachectrl.o)
 .ARM.attributes
                0x0000000000000390       0x39 ../../../device/AmbiqSuite-Rel2.0.0/mcu/apollo3/hal/gcc/bin/libam_hal.a(am_hal_clkgen.o)
 .ARM.attributes
                0x00000000000003c9       0x39 ../../../device/AmbiqSuite-Rel2.0.0/mcu/apollo3/hal/gcc/bin/libam_hal.a(am_hal_ctimer.o)
 .ARM.attributes
                0x0000000000000402       0x39 ../../../device/AmbiqSuite-Rel2.0.0/mcu/apollo3/hal/gcc/bin/libam_hal.a(am_hal_flash.o)
 .ARM.attributes
                0x000000000000043b       0x39 ../../../device/AmbiqSuite-Rel2.0.0/mcu/apollo3/hal/gcc/bin/libam_hal.a(am_hal_interrupt.o)
 .ARM.attributes
                0x0000000000000474       0x39 ../../../device/AmbiqSuite-Rel2.0.0/mcu/apollo3/hal/gcc/bin/libam_hal.a(am_hal_itm.o)
 .ARM.attributes
                0x00000000000004ad       0x39 ../../../device/AmbiqSuite-Rel2.0.0/mcu/apollo3/hal/gcc/bin/libam_hal.a(am_hal_mcuctrl.o)
 .ARM.attributes
                0x00000000000004e6       0x39 ../../../device/AmbiqSuite-Rel2.0.0/mcu/apollo3/hal/gcc/bin/libam_hal.a(am_hal_pwrctrl.o)
 .ARM.attributes
                0x000000000000051f       0x39 ../../../device/AmbiqSuite-Rel2.0.0/mcu/apollo3/hal/gcc/bin/libam_hal.a(am_hal_reset.o)
 .ARM.attributes
                0x0000000000000558       0x39 ../../../device/AmbiqSuite-Rel2.0.0/mcu/apollo3/hal/gcc/bin/libam_hal.a(am_hal_rtc.o)
 .ARM.attributes
                0x0000000000000591       0x39 ../../../device/AmbiqSuite-Rel2.0.0/mcu/apollo3/hal/gcc/bin/libam_hal.a(am_hal_uart.o)
 .ARM.attributes
                0x00000000000005ca       0x39 ../../../device/AmbiqSuite-Rel2.0.0/mcu/apollo3/hal/gcc/bin/libam_hal.a(am_hal_queue.o)
 .ARM.attributes
                0x0000000000000603       0x39 ../../../math/CMSIS_5/Lib/gcc/libarm_cortexM4lf_math.a(arm_const_structs.o)
 .ARM.attributes
                0x000000000000063c       0x39 ../../../math/CMSIS_5/Lib/gcc/libarm_cortexM4lf_math.a(arm_common_tables.o)
 .ARM.attributes
                0x0000000000000675       0x39 ../../../math/CMSIS_5/Lib/gcc/libarm_cortexM4lf_math.a(arm_cfft_f32.o)
 .ARM.attributes
                0x00000000000006ae       0x39 ../../../math/CMSIS_5/Lib/gcc/libarm_cortexM4lf_math.a(arm_cmplx_mag_f32.o)
 .ARM.attributes
                0x00000000000006e7       0x25 ../../../math/CMSIS_5/Lib/gcc/libarm_cortexM4lf_math.a(arm_bitreversal2.o)
 .ARM.attributes
                0x000000000000070c       0x39 ../../../math/CMSIS_5/Lib/gcc/libarm_cortexM4lf_math.a(arm_cfft_radix8_f32.o)
 .ARM.attributes
                0x0000000000000745       0x34 /Users/axel/opt/gnu-mcu-eclipse/arm-none-eabi-gcc/7.3.1-1.1-20180724-0637/bin/../lib/gcc/arm-none-eabi/7.3.1/../../../../arm-none-eabi/lib/thumb/v7e-m/fpv4-sp/hard/libm.a(lib_a-wf_sqrt.o)
 .ARM.attributes
                0x0000000000000779       0x34 /Users/axel/opt/gnu-mcu-eclipse/arm-none-eabi-gcc/7.3.1-1.1-20180724-0637/bin/../lib/gcc/arm-none-eabi/7.3.1/../../../../arm-none-eabi/lib/thumb/v7e-m/fpv4-sp/hard/libm.a(lib_a-ef_sqrt.o)
 .ARM.attributes
                0x00000000000007ad       0x34 /Users/axel/opt/gnu-mcu-eclipse/arm-none-eabi-gcc/7.3.1-1.1-20180724-0637/bin/../lib/gcc/arm-none-eabi/7.3.1/../../../../arm-none-eabi/lib/thumb/v7e-m/fpv4-sp/hard/libm.a(lib_a-s_lib_ver.o)
 .ARM.attributes
                0x00000000000007e1       0x34 /Users/axel/opt/gnu-mcu-eclipse/arm-none-eabi-gcc/7.3.1-1.1-20180724-0637/bin/../lib/gcc/arm-none-eabi/7.3.1/../../../../arm-none-eabi/lib/thumb/v7e-m/fpv4-sp/hard/libm.a(lib_a-s_matherr.o)
 .ARM.attributes
                0x0000000000000815       0x34 /Users/axel/opt/gnu-mcu-eclipse/arm-none-eabi-gcc/7.3.1-1.1-20180724-0637/bin/../lib/gcc/arm-none-eabi/7.3.1/../../../../arm-none-eabi/lib/thumb/v7e-m/fpv4-sp/hard/libc.a(lib_a-errno.o)
 .ARM.attributes
                0x0000000000000849       0x34 /Users/axel/opt/gnu-mcu-eclipse/arm-none-eabi-gcc/7.3.1-1.1-20180724-0637/bin/../lib/gcc/arm-none-eabi/7.3.1/../../../../arm-none-eabi/lib/thumb/v7e-m/fpv4-sp/hard/libc.a(lib_a-impure.o)
 .ARM.attributes
                0x000000000000087d       0x34 /Users/axel/opt/gnu-mcu-eclipse/arm-none-eabi-gcc/7.3.1-1.1-20180724-0637/bin/../lib/gcc/arm-none-eabi/7.3.1/../../../../arm-none-eabi/lib/thumb/v7e-m/fpv4-sp/hard/libc.a(lib_a-memset.o)
 .ARM.attributes
                0x00000000000008b1       0x22 /Users/axel/opt/gnu-mcu-eclipse/arm-none-eabi-gcc/7.3.1-1.1-20180724-0637/bin/../lib/gcc/arm-none-eabi/7.3.1/thumb/v7e-m/fpv4-sp/hard/libgcc.a(_arm_addsubdf3.o)
 .ARM.attributes
                0x00000000000008d3       0x22 /Users/axel/opt/gnu-mcu-eclipse/arm-none-eabi-gcc/7.3.1-1.1-20180724-0637/bin/../lib/gcc/arm-none-eabi/7.3.1/thumb/v7e-m/fpv4-sp/hard/libgcc.a(_arm_muldivdf3.o)
 .ARM.attributes
                0x00000000000008f5       0x22 /Users/axel/opt/gnu-mcu-eclipse/arm-none-eabi-gcc/7.3.1-1.1-20180724-0637/bin/../lib/gcc/arm-none-eabi/7.3.1/thumb/v7e-m/fpv4-sp/hard/libgcc.a(_arm_truncdfsf2.o)
LOAD bin/main.o
LOAD bin/am_hal_pdm.o
LOAD bin/am_hal_gpio.o
LOAD bin/am_util_delay.o
LOAD bin/am_util_faultisr.o
LOAD bin/am_util_stdio.o
LOAD bin/am_app_utils_ring_buffer.o
LOAD bin/am_app_utils_rtt_recorder.o
LOAD bin/am_app_utils_syscall.o
LOAD bin/am_app_utils_memcpy.o
LOAD bin/am_devices_led.o
LOAD bin/startup_gcc.o
LOAD bin/board_setup.o
LOAD bin/audio_driver.o
LOAD bin/SEGGER_RTT.o
LOAD bin/SEGGER_SYSVIEW.o
LOAD bin/SEGGER_SYSVIEW_Config_NoOS.o
LOAD bin/am_mikro_calibration.o
LOAD bin/am_mikro_thd.o
LOAD bin/am_AEP_fft_data.o
LOAD ../../../device/AmbiqSuite-Rel2.0.0/boards/apollo3_evb/bsp/gcc/bin/libam_bsp.a
LOAD ../../../device/AmbiqSuite-Rel2.0.0/mcu/apollo3/hal/gcc/bin/libam_hal.a
LOAD ../../../math/CMSIS_5/Lib/gcc/libarm_cortexM4lf_math.a
START GROUP
LOAD /Users/axel/opt/gnu-mcu-eclipse/arm-none-eabi-gcc/7.3.1-1.1-20180724-0637/bin/../lib/gcc/arm-none-eabi/7.3.1/../../../../arm-none-eabi/lib/thumb/v7e-m/fpv4-sp/hard/libm.a
LOAD /Users/axel/opt/gnu-mcu-eclipse/arm-none-eabi-gcc/7.3.1-1.1-20180724-0637/bin/../lib/gcc/arm-none-eabi/7.3.1/../../../../arm-none-eabi/lib/thumb/v7e-m/fpv4-sp/hard/libc.a
LOAD /Users/axel/opt/gnu-mcu-eclipse/arm-none-eabi-gcc/7.3.1-1.1-20180724-0637/bin/../lib/gcc/arm-none-eabi/7.3.1/thumb/v7e-m/fpv4-sp/hard/libgcc.a
END GROUP
START GROUP
LOAD /Users/axel/opt/gnu-mcu-eclipse/arm-none-eabi-gcc/7.3.1-1.1-20180724-0637/bin/../lib/gcc/arm-none-eabi/7.3.1/thumb/v7e-m/fpv4-sp/hard/libgcc.a
LOAD /Users/axel/opt/gnu-mcu-eclipse/arm-none-eabi-gcc/7.3.1-1.1-20180724-0637/bin/../lib/gcc/arm-none-eabi/7.3.1/../../../../arm-none-eabi/lib/thumb/v7e-m/fpv4-sp/hard/libc.a
END GROUP
OUTPUT(bin/audio_experiment.axf elf32-littlearm)

.debug_info     0x0000000000000000    0x14416
 .debug_info    0x0000000000000000     0x20c9 bin/main.o
 .debug_info    0x00000000000020c9     0x1b2b bin/am_hal_pdm.o
 .debug_info    0x0000000000003bf4     0x4d16 bin/am_hal_gpio.o
 .debug_info    0x000000000000890a      0x942 bin/am_util_faultisr.o
 .debug_info    0x000000000000924c      0x8a3 bin/am_util_stdio.o
 .debug_info    0x0000000000009aef      0xca3 bin/am_app_utils_ring_buffer.o
 .debug_info    0x000000000000a792      0xa4f bin/am_devices_led.o
 .debug_info    0x000000000000b1e1      0x17f bin/startup_gcc.o
 .debug_info    0x000000000000b360     0x1e79 bin/board_setup.o
 .debug_info    0x000000000000d1d9     0x2830 bin/audio_driver.o
 .debug_info    0x000000000000fa09     0x1b4f bin/am_mikro_thd.o
 .debug_info    0x0000000000011558      0x8d6 bin/am_AEP_fft_data.o
 .debug_info    0x0000000000011e2e      0xe6b ../../../math/CMSIS_5/Lib/gcc/libarm_cortexM4lf_math.a(arm_const_structs.o)
 .debug_info    0x0000000000012c99      0x9b1 ../../../math/CMSIS_5/Lib/gcc/libarm_cortexM4lf_math.a(arm_common_tables.o)
 .debug_info    0x000000000001364a      0x685 ../../../math/CMSIS_5/Lib/gcc/libarm_cortexM4lf_math.a(arm_cfft_f32.o)
 .debug_info    0x0000000000013ccf      0x296 ../../../math/CMSIS_5/Lib/gcc/libarm_cortexM4lf_math.a(arm_cmplx_mag_f32.o)
 .debug_info    0x0000000000013f65       0x98 ../../../math/CMSIS_5/Lib/gcc/libarm_cortexM4lf_math.a(arm_bitreversal2.o)
 .debug_info    0x0000000000013ffd      0x419 ../../../math/CMSIS_5/Lib/gcc/libarm_cortexM4lf_math.a(arm_cfft_radix8_f32.o)

.debug_abbrev   0x0000000000000000     0x1f00
 .debug_abbrev  0x0000000000000000      0x21b bin/main.o
 .debug_abbrev  0x000000000000021b      0x2b3 bin/am_hal_pdm.o
 .debug_abbrev  0x00000000000004ce      0x2c9 bin/am_hal_gpio.o
 .debug_abbrev  0x0000000000000797      0x1cc bin/am_util_faultisr.o
 .debug_abbrev  0x0000000000000963      0x20d bin/am_util_stdio.o
 .debug_abbrev  0x0000000000000b70      0x238 bin/am_app_utils_ring_buffer.o
 .debug_abbrev  0x0000000000000da8      0x214 bin/am_devices_led.o
 .debug_abbrev  0x0000000000000fbc       0xca bin/startup_gcc.o
 .debug_abbrev  0x0000000000001086      0x2d3 bin/board_setup.o
 .debug_abbrev  0x0000000000001359      0x2f7 bin/audio_driver.o
 .debug_abbrev  0x0000000000001650      0x270 bin/am_mikro_thd.o
 .debug_abbrev  0x00000000000018c0      0x194 bin/am_AEP_fft_data.o
 .debug_abbrev  0x0000000000001a54       0xcb ../../../math/CMSIS_5/Lib/gcc/libarm_cortexM4lf_math.a(arm_const_structs.o)
 .debug_abbrev  0x0000000000001b1f       0x84 ../../../math/CMSIS_5/Lib/gcc/libarm_cortexM4lf_math.a(arm_common_tables.o)
 .debug_abbrev  0x0000000000001ba3      0x183 ../../../math/CMSIS_5/Lib/gcc/libarm_cortexM4lf_math.a(arm_cfft_f32.o)
 .debug_abbrev  0x0000000000001d26      0x11e ../../../math/CMSIS_5/Lib/gcc/libarm_cortexM4lf_math.a(arm_cmplx_mag_f32.o)
 .debug_abbrev  0x0000000000001e44       0x14 ../../../math/CMSIS_5/Lib/gcc/libarm_cortexM4lf_math.a(arm_bitreversal2.o)
 .debug_abbrev  0x0000000000001e58       0xa8 ../../../math/CMSIS_5/Lib/gcc/libarm_cortexM4lf_math.a(arm_cfft_radix8_f32.o)

.debug_aranges  0x0000000000000000      0x470
 .debug_aranges
                0x0000000000000000       0x20 bin/main.o
 .debug_aranges
                0x0000000000000020       0x88 bin/am_hal_pdm.o
 .debug_aranges
                0x00000000000000a8       0x78 bin/am_hal_gpio.o
 .debug_aranges
                0x0000000000000120       0x30 bin/am_util_faultisr.o
 .debug_aranges
                0x0000000000000150       0xa0 bin/am_util_stdio.o
 .debug_aranges
                0x00000000000001f0       0x48 bin/am_app_utils_ring_buffer.o
 .debug_aranges
                0x0000000000000238       0x58 bin/am_devices_led.o
 .debug_aranges
                0x0000000000000290       0x38 bin/startup_gcc.o
 .debug_aranges
                0x00000000000002c8       0x68 bin/board_setup.o
 .debug_aranges
                0x0000000000000330       0x40 bin/audio_driver.o
 .debug_aranges
                0x0000000000000370       0x28 bin/am_mikro_thd.o
 .debug_aranges
                0x0000000000000398       0x18 bin/am_AEP_fft_data.o
 .debug_aranges
                0x00000000000003b0       0x18 ../../../math/CMSIS_5/Lib/gcc/libarm_cortexM4lf_math.a(arm_const_structs.o)
 .debug_aranges
                0x00000000000003c8       0x18 ../../../math/CMSIS_5/Lib/gcc/libarm_cortexM4lf_math.a(arm_common_tables.o)
 .debug_aranges
                0x00000000000003e0       0x30 ../../../math/CMSIS_5/Lib/gcc/libarm_cortexM4lf_math.a(arm_cfft_f32.o)
 .debug_aranges
                0x0000000000000410       0x20 ../../../math/CMSIS_5/Lib/gcc/libarm_cortexM4lf_math.a(arm_cmplx_mag_f32.o)
 .debug_aranges
                0x0000000000000430       0x20 ../../../math/CMSIS_5/Lib/gcc/libarm_cortexM4lf_math.a(arm_bitreversal2.o)
 .debug_aranges
                0x0000000000000450       0x20 ../../../math/CMSIS_5/Lib/gcc/libarm_cortexM4lf_math.a(arm_cfft_radix8_f32.o)

.debug_ranges   0x0000000000000000      0x3e8
 .debug_ranges  0x0000000000000000       0x10 bin/main.o
 .debug_ranges  0x0000000000000010       0x78 bin/am_hal_pdm.o
 .debug_ranges  0x0000000000000088       0x68 bin/am_hal_gpio.o
 .debug_ranges  0x00000000000000f0       0x20 bin/am_util_faultisr.o
 .debug_ranges  0x0000000000000110       0x90 bin/am_util_stdio.o
 .debug_ranges  0x00000000000001a0       0x38 bin/am_app_utils_ring_buffer.o
 .debug_ranges  0x00000000000001d8       0x48 bin/am_devices_led.o
 .debug_ranges  0x0000000000000220       0x28 bin/startup_gcc.o
 .debug_ranges  0x0000000000000248       0x58 bin/board_setup.o
 .debug_ranges  0x00000000000002a0       0x30 bin/audio_driver.o
 .debug_ranges  0x00000000000002d0       0x18 bin/am_mikro_thd.o
 .debug_ranges  0x00000000000002e8       0x20 ../../../math/CMSIS_5/Lib/gcc/libarm_cortexM4lf_math.a(arm_cfft_f32.o)
 .debug_ranges  0x0000000000000308       0xd0 ../../../math/CMSIS_5/Lib/gcc/libarm_cortexM4lf_math.a(arm_cmplx_mag_f32.o)
 .debug_ranges  0x00000000000003d8       0x10 ../../../math/CMSIS_5/Lib/gcc/libarm_cortexM4lf_math.a(arm_cfft_radix8_f32.o)

.debug_line     0x0000000000000000     0x46fd
 .debug_line    0x0000000000000000      0x56a bin/main.o
 .debug_line    0x000000000000056a      0x58c bin/am_hal_pdm.o
 .debug_line    0x0000000000000af6      0x4e9 bin/am_hal_gpio.o
 .debug_line    0x0000000000000fdf      0x35f bin/am_util_faultisr.o
 .debug_line    0x000000000000133e      0x60f bin/am_util_stdio.o
 .debug_line    0x000000000000194d      0x31f bin/am_app_utils_ring_buffer.o
 .debug_line    0x0000000000001c6c      0x44e bin/am_devices_led.o
 .debug_line    0x00000000000020ba      0x177 bin/startup_gcc.o
 .debug_line    0x0000000000002231      0x600 bin/board_setup.o
 .debug_line    0x0000000000002831      0x58b bin/audio_driver.o
 .debug_line    0x0000000000002dbc      0x478 bin/am_mikro_thd.o
 .debug_line    0x0000000000003234      0x1d1 bin/am_AEP_fft_data.o
 .debug_line    0x0000000000003405      0x14c ../../../math/CMSIS_5/Lib/gcc/libarm_cortexM4lf_math.a(arm_const_structs.o)
 .debug_line    0x0000000000003551      0x135 ../../../math/CMSIS_5/Lib/gcc/libarm_cortexM4lf_math.a(arm_common_tables.o)
 .debug_line    0x0000000000003686      0x73e ../../../math/CMSIS_5/Lib/gcc/libarm_cortexM4lf_math.a(arm_cfft_f32.o)
 .debug_line    0x0000000000003dc4      0x216 ../../../math/CMSIS_5/Lib/gcc/libarm_cortexM4lf_math.a(arm_cmplx_mag_f32.o)
 .debug_line    0x0000000000003fda       0xa2 ../../../math/CMSIS_5/Lib/gcc/libarm_cortexM4lf_math.a(arm_bitreversal2.o)
 .debug_line    0x000000000000407c      0x681 ../../../math/CMSIS_5/Lib/gcc/libarm_cortexM4lf_math.a(arm_cfft_radix8_f32.o)

.debug_str      0x0000000000000000     0x7059
 .debug_str     0x0000000000000000     0x1ff1 bin/main.o
                                       0x2098 (size before relaxing)
 .debug_str     0x0000000000001ff1     0x1606 bin/am_hal_pdm.o
                                       0x2035 (size before relaxing)
 .debug_str     0x00000000000035f7     0x2259 bin/am_hal_gpio.o
                                       0x343f (size before relaxing)
 .debug_str     0x0000000000005850      0x1c9 bin/am_util_faultisr.o
                                        0xbfb (size before relaxing)
 .debug_str     0x0000000000005a19      0x34a bin/am_util_stdio.o
                                        0x566 (size before relaxing)
 .debug_str     0x0000000000005d63      0x1e0 bin/am_app_utils_ring_buffer.o
                                        0x87a (size before relaxing)
 .debug_str     0x0000000000005f43      0x11e bin/am_devices_led.o
                                        0xda2 (size before relaxing)
 .debug_str     0x0000000000006061       0x81 bin/startup_gcc.o
                                        0x219 (size before relaxing)
 .debug_str     0x00000000000060e2      0x5ed bin/board_setup.o
                                       0x25be (size before relaxing)
 .debug_str     0x00000000000066cf       0xea bin/audio_driver.o
                                       0x2b8e (size before relaxing)
 .debug_str     0x00000000000067b9       0xda bin/am_mikro_thd.o
                                       0x178a (size before relaxing)
 .debug_str     0x0000000000006893       0x29 bin/am_AEP_fft_data.o
                                        0x5b6 (size before relaxing)
 .debug_str     0x00000000000068bc      0x4d1 ../../../math/CMSIS_5/Lib/gcc/libarm_cortexM4lf_math.a(arm_const_structs.o)
                                        0xd32 (size before relaxing)
 .debug_str     0x0000000000006d8d       0x2e ../../../math/CMSIS_5/Lib/gcc/libarm_cortexM4lf_math.a(arm_common_tables.o)
                                        0x717 (size before relaxing)
 .debug_str     0x0000000000006dbb      0x129 ../../../math/CMSIS_5/Lib/gcc/libarm_cortexM4lf_math.a(arm_cfft_f32.o)
                                        0x372 (size before relaxing)
 .debug_str     0x0000000000006ee4      0x128 ../../../math/CMSIS_5/Lib/gcc/libarm_cortexM4lf_math.a(arm_cmplx_mag_f32.o)
                                        0x316 (size before relaxing)
 .debug_str     0x000000000000700c       0x4d ../../../math/CMSIS_5/Lib/gcc/libarm_cortexM4lf_math.a(arm_cfft_radix8_f32.o)
                                        0x269 (size before relaxing)

.comment        0x0000000000000000       0xdf
 .comment       0x0000000000000000       0x71 bin/main.o
                                         0x72 (size before relaxing)
 .comment       0x0000000000000071       0x72 bin/am_hal_pdm.o
 .comment       0x0000000000000071       0x72 bin/am_hal_gpio.o
 .comment       0x0000000000000071       0x72 bin/am_util_faultisr.o
 .comment       0x0000000000000071       0x72 bin/am_util_stdio.o
 .comment       0x0000000000000071       0x72 bin/am_app_utils_ring_buffer.o
 .comment       0x0000000000000071       0x72 bin/am_devices_led.o
 .comment       0x0000000000000071       0x72 bin/startup_gcc.o
 .comment       0x0000000000000071       0x72 bin/board_setup.o
 .comment       0x0000000000000071       0x72 bin/audio_driver.o
 .comment       0x0000000000000071       0x72 bin/am_mikro_thd.o
 .comment       0x0000000000000071       0x72 bin/am_AEP_fft_data.o
 .comment       0x0000000000000071       0x6e ../../../device/AmbiqSuite-Rel2.0.0/boards/apollo3_evb/bsp/gcc/bin/libam_bsp.a(am_bsp.o)
                                         0x6f (size before relaxing)
 .comment       0x00000000000000df       0x6f ../../../device/AmbiqSuite-Rel2.0.0/boards/apollo3_evb/bsp/gcc/bin/libam_bsp.a(am_bsp_pins.o)
 .comment       0x00000000000000df       0x6f ../../../device/AmbiqSuite-Rel2.0.0/mcu/apollo3/hal/gcc/bin/libam_hal.a(am_hal_burst.o)
 .comment       0x00000000000000df       0x6f ../../../device/AmbiqSuite-Rel2.0.0/mcu/apollo3/hal/gcc/bin/libam_hal.a(am_hal_cachectrl.o)
 .comment       0x00000000000000df       0x6f ../../../device/AmbiqSuite-Rel2.0.0/mcu/apollo3/hal/gcc/bin/libam_hal.a(am_hal_clkgen.o)
 .comment       0x00000000000000df       0x6f ../../../device/AmbiqSuite-Rel2.0.0/mcu/apollo3/hal/gcc/bin/libam_hal.a(am_hal_ctimer.o)
 .comment       0x00000000000000df       0x6f ../../../device/AmbiqSuite-Rel2.0.0/mcu/apollo3/hal/gcc/bin/libam_hal.a(am_hal_flash.o)
 .comment       0x00000000000000df       0x6f ../../../device/AmbiqSuite-Rel2.0.0/mcu/apollo3/hal/gcc/bin/libam_hal.a(am_hal_interrupt.o)
 .comment       0x00000000000000df       0x6f ../../../device/AmbiqSuite-Rel2.0.0/mcu/apollo3/hal/gcc/bin/libam_hal.a(am_hal_itm.o)
 .comment       0x00000000000000df       0x6f ../../../device/AmbiqSuite-Rel2.0.0/mcu/apollo3/hal/gcc/bin/libam_hal.a(am_hal_mcuctrl.o)
 .comment       0x00000000000000df       0x6f ../../../device/AmbiqSuite-Rel2.0.0/mcu/apollo3/hal/gcc/bin/libam_hal.a(am_hal_pwrctrl.o)
 .comment       0x00000000000000df       0x6f ../../../device/AmbiqSuite-Rel2.0.0/mcu/apollo3/hal/gcc/bin/libam_hal.a(am_hal_reset.o)
 .comment       0x00000000000000df       0x6f ../../../device/AmbiqSuite-Rel2.0.0/mcu/apollo3/hal/gcc/bin/libam_hal.a(am_hal_rtc.o)
 .comment       0x00000000000000df       0x6f ../../../device/AmbiqSuite-Rel2.0.0/mcu/apollo3/hal/gcc/bin/libam_hal.a(am_hal_uart.o)
 .comment       0x00000000000000df       0x6f ../../../device/AmbiqSuite-Rel2.0.0/mcu/apollo3/hal/gcc/bin/libam_hal.a(am_hal_queue.o)
 .comment       0x00000000000000df       0x6f ../../../math/CMSIS_5/Lib/gcc/libarm_cortexM4lf_math.a(arm_const_structs.o)
 .comment       0x00000000000000df       0x6f ../../../math/CMSIS_5/Lib/gcc/libarm_cortexM4lf_math.a(arm_common_tables.o)
 .comment       0x00000000000000df       0x6f ../../../math/CMSIS_5/Lib/gcc/libarm_cortexM4lf_math.a(arm_cfft_f32.o)
 .comment       0x00000000000000df       0x6f ../../../math/CMSIS_5/Lib/gcc/libarm_cortexM4lf_math.a(arm_cmplx_mag_f32.o)
 .comment       0x00000000000000df       0x6f ../../../math/CMSIS_5/Lib/gcc/libarm_cortexM4lf_math.a(arm_cfft_radix8_f32.o)

.debug_frame    0x0000000000000000     0x108c
 .debug_frame   0x0000000000000000       0x38 bin/main.o
 .debug_frame   0x0000000000000038      0x238 bin/am_hal_pdm.o
 .debug_frame   0x0000000000000270      0x1f0 bin/am_hal_gpio.o
 .debug_frame   0x0000000000000460       0x50 bin/am_util_faultisr.o
 .debug_frame   0x00000000000004b0      0x2e0 bin/am_util_stdio.o
 .debug_frame   0x0000000000000790       0xf4 bin/am_app_utils_ring_buffer.o
 .debug_frame   0x0000000000000884      0x130 bin/am_devices_led.o
 .debug_frame   0x00000000000009b4       0x68 bin/startup_gcc.o
 .debug_frame   0x0000000000000a1c      0x170 bin/board_setup.o
 .debug_frame   0x0000000000000b8c       0xcc bin/audio_driver.o
 .debug_frame   0x0000000000000c58       0x60 bin/am_mikro_thd.o
 .debug_frame   0x0000000000000cb8       0xfc ../../../math/CMSIS_5/Lib/gcc/libarm_cortexM4lf_math.a(arm_cfft_f32.o)
 .debug_frame   0x0000000000000db4       0x3c ../../../math/CMSIS_5/Lib/gcc/libarm_cortexM4lf_math.a(arm_cmplx_mag_f32.o)
 .debug_frame   0x0000000000000df0       0x94 ../../../math/CMSIS_5/Lib/gcc/libarm_cortexM4lf_math.a(arm_cfft_radix8_f32.o)
 .debug_frame   0x0000000000000e84       0x50 /Users/axel/opt/gnu-mcu-eclipse/arm-none-eabi-gcc/7.3.1-1.1-20180724-0637/bin/../lib/gcc/arm-none-eabi/7.3.1/../../../../arm-none-eabi/lib/thumb/v7e-m/fpv4-sp/hard/libm.a(lib_a-wf_sqrt.o)
 .debug_frame   0x0000000000000ed4       0x20 /Users/axel/opt/gnu-mcu-eclipse/arm-none-eabi-gcc/7.3.1-1.1-20180724-0637/bin/../lib/gcc/arm-none-eabi/7.3.1/../../../../arm-none-eabi/lib/thumb/v7e-m/fpv4-sp/hard/libm.a(lib_a-ef_sqrt.o)
 .debug_frame   0x0000000000000ef4       0x20 /Users/axel/opt/gnu-mcu-eclipse/arm-none-eabi-gcc/7.3.1-1.1-20180724-0637/bin/../lib/gcc/arm-none-eabi/7.3.1/../../../../arm-none-eabi/lib/thumb/v7e-m/fpv4-sp/hard/libm.a(lib_a-s_matherr.o)
 .debug_frame   0x0000000000000f14       0x20 /Users/axel/opt/gnu-mcu-eclipse/arm-none-eabi-gcc/7.3.1-1.1-20180724-0637/bin/../lib/gcc/arm-none-eabi/7.3.1/../../../../arm-none-eabi/lib/thumb/v7e-m/fpv4-sp/hard/libc.a(lib_a-errno.o)
 .debug_frame   0x0000000000000f34       0x38 /Users/axel/opt/gnu-mcu-eclipse/arm-none-eabi-gcc/7.3.1-1.1-20180724-0637/bin/../lib/gcc/arm-none-eabi/7.3.1/../../../../arm-none-eabi/lib/thumb/v7e-m/fpv4-sp/hard/libc.a(lib_a-memset.o)
 .debug_frame   0x0000000000000f6c       0xac /Users/axel/opt/gnu-mcu-eclipse/arm-none-eabi-gcc/7.3.1-1.1-20180724-0637/bin/../lib/gcc/arm-none-eabi/7.3.1/thumb/v7e-m/fpv4-sp/hard/libgcc.a(_arm_addsubdf3.o)
 .debug_frame   0x0000000000001018       0x50 /Users/axel/opt/gnu-mcu-eclipse/arm-none-eabi-gcc/7.3.1-1.1-20180724-0637/bin/../lib/gcc/arm-none-eabi/7.3.1/thumb/v7e-m/fpv4-sp/hard/libgcc.a(_arm_muldivdf3.o)
 .debug_frame   0x0000000000001068       0x24 /Users/axel/opt/gnu-mcu-eclipse/arm-none-eabi-gcc/7.3.1-1.1-20180724-0637/bin/../lib/gcc/arm-none-eabi/7.3.1/thumb/v7e-m/fpv4-sp/hard/libgcc.a(_arm_truncdfsf2.o)

.debug_loc      0x0000000000000000     0x2000
 .debug_loc     0x0000000000000000     0x1067 ../../../math/CMSIS_5/Lib/gcc/libarm_cortexM4lf_math.a(arm_cfft_f32.o)
 .debug_loc     0x0000000000001067      0x6f8 ../../../math/CMSIS_5/Lib/gcc/libarm_cortexM4lf_math.a(arm_cmplx_mag_f32.o)
 .debug_loc     0x000000000000175f      0x8a1 ../../../math/CMSIS_5/Lib/gcc/libarm_cortexM4lf_math.a(arm_cfft_radix8_f32.o)
