Archive member included to satisfy reference by file (symbol)

../../../device/AmbiqSuite-Rel2.0.0/boards/apollo3_evb/bsp/gcc/bin/libam_bsp.a(am_bsp.o)
                              bin/board_setup.o (am_bsp_low_power_init)
../../../device/AmbiqSuite-Rel2.0.0/boards/apollo3_evb/bsp/gcc/bin/libam_bsp.a(am_bsp_pins.o)
                              ../../../device/AmbiqSuite-Rel2.0.0/boards/apollo3_evb/bsp/gcc/bin/libam_bsp.a(am_bsp.o) (g_AM_BSP_GPIO_ITM_SWO)
../../../device/AmbiqSuite-Rel2.0.0/mcu/apollo3/hal/gcc/bin/libam_hal.a(am_hal_burst.o)
                              bin/board_setup.o (am_hal_burst_mode_initialize)
../../../device/AmbiqSuite-Rel2.0.0/mcu/apollo3/hal/gcc/bin/libam_hal.a(am_hal_cachectrl.o)
                              bin/board_setup.o (am_hal_cachectrl_config)
../../../device/AmbiqSuite-Rel2.0.0/mcu/apollo3/hal/gcc/bin/libam_hal.a(am_hal_clkgen.o)
                              bin/board_setup.o (am_hal_clkgen_control)
../../../device/AmbiqSuite-Rel2.0.0/mcu/apollo3/hal/gcc/bin/libam_hal.a(am_hal_ctimer.o)
                              bin/board_setup.o (am_hal_ctimer_config)
../../../device/AmbiqSuite-Rel2.0.0/mcu/apollo3/hal/gcc/bin/libam_hal.a(am_hal_debug.o)
                              ../../../device/AmbiqSuite-Rel2.0.0/mcu/apollo3/hal/gcc/bin/libam_hal.a(am_hal_ctimer.o) (am_hal_debug_error)
../../../device/AmbiqSuite-Rel2.0.0/mcu/apollo3/hal/gcc/bin/libam_hal.a(am_hal_flash.o)
                              bin/am_hal_pdm.o (am_hal_flash_delay)
../../../device/AmbiqSuite-Rel2.0.0/mcu/apollo3/hal/gcc/bin/libam_hal.a(am_hal_interrupt.o)
                              bin/board_setup.o (am_hal_interrupt_master_enable)
../../../device/AmbiqSuite-Rel2.0.0/mcu/apollo3/hal/gcc/bin/libam_hal.a(am_hal_itm.o)
                              ../../../device/AmbiqSuite-Rel2.0.0/boards/apollo3_evb/bsp/gcc/bin/libam_bsp.a(am_bsp.o) (am_hal_itm_enable)
../../../device/AmbiqSuite-Rel2.0.0/mcu/apollo3/hal/gcc/bin/libam_hal.a(am_hal_mcuctrl.o)
                              bin/am_util_faultisr.o (am_hal_mcuctrl_info_get)
../../../device/AmbiqSuite-Rel2.0.0/mcu/apollo3/hal/gcc/bin/libam_hal.a(am_hal_pwrctrl.o)
                              bin/am_hal_pdm.o (am_hal_pwrctrl_periph_enable)
../../../device/AmbiqSuite-Rel2.0.0/mcu/apollo3/hal/gcc/bin/libam_hal.a(am_hal_reset.o)
                              ../../../device/AmbiqSuite-Rel2.0.0/mcu/apollo3/hal/gcc/bin/libam_hal.a(am_hal_clkgen.o) (gAmHalResetStatus)
../../../device/AmbiqSuite-Rel2.0.0/mcu/apollo3/hal/gcc/bin/libam_hal.a(am_hal_rtc.o)
                              ../../../device/AmbiqSuite-Rel2.0.0/boards/apollo3_evb/bsp/gcc/bin/libam_bsp.a(am_bsp.o) (am_hal_rtc_osc_select)
../../../device/AmbiqSuite-Rel2.0.0/mcu/apollo3/hal/gcc/bin/libam_hal.a(am_hal_tpiu.o)
                              ../../../device/AmbiqSuite-Rel2.0.0/boards/apollo3_evb/bsp/gcc/bin/libam_bsp.a(am_bsp.o) (am_hal_tpiu_enable)
../../../device/AmbiqSuite-Rel2.0.0/mcu/apollo3/hal/gcc/bin/libam_hal.a(am_hal_uart.o)
                              ../../../device/AmbiqSuite-Rel2.0.0/boards/apollo3_evb/bsp/gcc/bin/libam_bsp.a(am_bsp.o) (am_hal_uart_initialize)
../../../device/AmbiqSuite-Rel2.0.0/mcu/apollo3/hal/gcc/bin/libam_hal.a(am_hal_queue.o)
                              ../../../device/AmbiqSuite-Rel2.0.0/mcu/apollo3/hal/gcc/bin/libam_hal.a(am_hal_uart.o) (am_hal_queue_init)
/Users/axel/opt/gnu-mcu-eclipse/arm-none-eabi-gcc/7.3.1-1.1-20180724-0637/bin/../lib/gcc/arm-none-eabi/7.3.1/../../../../arm-none-eabi/lib/thumb/v7e-m/fpv4-sp/hard/libc.a(lib_a-malloc.o)
                              bin/am_opus_custom_support.o (free)
/Users/axel/opt/gnu-mcu-eclipse/arm-none-eabi-gcc/7.3.1-1.1-20180724-0637/bin/../lib/gcc/arm-none-eabi/7.3.1/../../../../arm-none-eabi/lib/thumb/v7e-m/fpv4-sp/hard/libc.a(lib_a-mallocr.o)
                              /Users/axel/opt/gnu-mcu-eclipse/arm-none-eabi-gcc/7.3.1-1.1-20180724-0637/bin/../lib/gcc/arm-none-eabi/7.3.1/../../../../arm-none-eabi/lib/thumb/v7e-m/fpv4-sp/hard/libc.a(lib_a-malloc.o) (_malloc_r)
/Users/axel/opt/gnu-mcu-eclipse/arm-none-eabi-gcc/7.3.1-1.1-20180724-0637/bin/../lib/gcc/arm-none-eabi/7.3.1/../../../../arm-none-eabi/lib/thumb/v7e-m/fpv4-sp/hard/libc.a(lib_a-memcpy.o)
                              bin/am_app_utils_ring_buffer.o (memcpy)
/Users/axel/opt/gnu-mcu-eclipse/arm-none-eabi-gcc/7.3.1-1.1-20180724-0637/bin/../lib/gcc/arm-none-eabi/7.3.1/../../../../arm-none-eabi/lib/thumb/v7e-m/fpv4-sp/hard/libc.a(lib_a-mlock.o)
                              /Users/axel/opt/gnu-mcu-eclipse/arm-none-eabi-gcc/7.3.1-1.1-20180724-0637/bin/../lib/gcc/arm-none-eabi/7.3.1/../../../../arm-none-eabi/lib/thumb/v7e-m/fpv4-sp/hard/libc.a(lib_a-mallocr.o) (__malloc_lock)
/Users/axel/opt/gnu-mcu-eclipse/arm-none-eabi-gcc/7.3.1-1.1-20180724-0637/bin/../lib/gcc/arm-none-eabi/7.3.1/../../../../arm-none-eabi/lib/thumb/v7e-m/fpv4-sp/hard/libc.a(lib_a-sbrkr.o)
[...]
Memory Configuration

Name             Origin             Length             Attributes
FLASH            0x000000000000c000 0x00000000000f0000 xr
SRAM             0x0000000010000000 0x0000000000060000 xrw
*default*        0x0000000000000000 0xffffffffffffffff

Linker script and memory map

                0x0000000000000400                _heap_size = 0x400

.text           0x000000000000c000    0x181dc
                0x000000000000c000                . = ALIGN (0x4)
 *(.isr_vector)
 .isr_vector    0x000000000000c000       0xc0 bin/startup_gcc.o
                0x000000000000c000                g_am_pfnVectors
 *(.patch)
 .patch         0x000000000000c0c0       0x40 bin/startup_gcc.o
                0x000000000000c0c0                __Patchable
 *(.text)
 .text          0x000000000000c100      0x134 /Users/axel/opt/gnu-mcu-eclipse/arm-none-eabi-gcc/7.3.1-1.1-20180724-0637/bin/../lib/gcc/arm-none-eabi/7.3.1/../../../../arm-none-eabi/lib/thumb/v7e-m/fpv4-sp/hard/libc.a(lib_a-memcpy.o)
                0x000000000000c100                memcpy
 .text          0x000000000000c234       0xa0 /Users/axel/opt/gnu-mcu-eclipse/arm-none-eabi-gcc/7.3.1-1.1-20180724-0637/bin/../lib/gcc/arm-none-eabi/7.3.1/thumb/v7e-m/fpv4-sp/hard/libgcc.a(_arm_truncdfsf2.o)
                0x000000000000c234                __aeabi_d2f
                0x000000000000c234                __truncdfsf2
 *(.text*)
 .text.main     0x000000000000c2d4       0x80 bin/main.o
                0x000000000000c2d4                main
 .text.pincfg_equ
                0x000000000000c354       0x30 bin/am_hal_gpio.o
 .text.am_hal_gpio_pinconfig
                0x000000000000c384      0x3b8 bin/am_hal_gpio.o
                0x000000000000c384                am_hal_gpio_pinconfig
 .text.am_hal_gpio_state_read
                0x000000000000c73c       0xc8 bin/am_hal_gpio.o
                0x000000000000c73c                am_hal_gpio_state_read
 .text.am_hal_gpio_state_write
                0x000000000000c804      0x108 bin/am_hal_gpio.o
                0x000000000000c804                am_hal_gpio_state_write
 .text.am_hal_gpio_interrupt_enable
                0x000000000000c90c       0x7c bin/am_hal_gpio.o
                0x000000000000c90c                am_hal_gpio_interrupt_enable
 .text.am_hal_gpio_interrupt_clear
                0x000000000000c988       0x6c bin/am_hal_gpio.o
                0x000000000000c988                am_hal_gpio_interrupt_clear
 .text.HardFault_Handler
                0x000000000000c9f4       0x1e bin/am_util_faultisr.o
                0x000000000000c9f4                HardFault_Handler
 .text.getStackedReg
                0x000000000000ca12        0xc bin/am_util_faultisr.o
                0x000000000000ca12                getStackedReg
 *fill*         0x000000000000ca1e        0x2 
 .text.am_util_faultisr_collect_data
                0x000000000000ca20       0xe4 bin/am_util_faultisr.o
                0x000000000000ca20                am_util_faultisr_collect_data
 .text.am_util_stdio_printf_init
                0x000000000000cb04       0x20 bin/am_util_stdio.o
                0x000000000000cb04                am_util_stdio_printf_init
 .text.divu64_10
                0x000000000000cb24      0x1be bin/am_util_stdio.o
 .text.ndigits_in_u64
                0x000000000000cce2       0x42 bin/am_util_stdio.o
 .text.ndigits_in_i64
                0x000000000000cd24       0x3a bin/am_util_stdio.o
 .text.ndigits_in_hex
                0x000000000000cd5e       0x50 bin/am_util_stdio.o
 .text.decstr_to_int
                0x000000000000cdae       0x8c bin/am_util_stdio.o
 .text.uint64_to_str
                0x000000000000ce3a       0x90 bin/am_util_stdio.o
 .text.uint64_to_hexstr
                0x000000000000ceca       0xc8 bin/am_util_stdio.o
 .text.simple_strlen
                0x000000000000cf92       0x36 bin/am_util_stdio.o
 .text.padbuffer
                0x000000000000cfc8       0x4a bin/am_util_stdio.o
 *fill*         0x000000000000d012        0x2 
 .text.ftoa     0x000000000000d014      0x1fc bin/am_util_stdio.o
 .text.am_util_stdio_vsprintf
                0x000000000000d210      0x614 bin/am_util_stdio.o
                0x000000000000d210                am_util_stdio_vsprintf
 .text.am_util_stdio_printf
                0x000000000000d824       0x48 bin/am_util_stdio.o
                0x000000000000d824                am_util_stdio_printf
 .text.am_app_utils_ring_buffer_init
                0x000000000000d86c       0x88 bin/am_app_utils_ring_buffer.o
                0x000000000000d86c                am_app_utils_ring_buffer_init
 .text.am_app_utils_ring_buffer_init_all
                0x000000000000d8f4       0x44 bin/am_app_utils_ring_buffer.o
                0x000000000000d8f4                am_app_utils_ring_buffer_init_all
 .text.am_app_utils_ring_buffer_push
                0x000000000000d938      0x15c bin/am_app_utils_ring_buffer.o
                0x000000000000d938                am_app_utils_ring_buffer_push
 .text.am_app_utils_ring_buffer_pop
                0x000000000000da94       0xfc bin/am_app_utils_ring_buffer.o
                0x000000000000da94                am_app_utils_ring_buffer_pop
 .text.am_app_utils_get_ring_buffer_status
                0x000000000000db90       0x6c bin/am_app_utils_ring_buffer.o
                0x000000000000db90                am_app_utils_get_ring_buffer_status
 .text.am_app_utils_flush_ring_buffer
                0x000000000000dbfc       0x22 bin/am_app_utils_ring_buffer.o
                0x000000000000dbfc                am_app_utils_flush_ring_buffer
 *fill*         0x000000000000dc1e        0x2 
 .text.am_devices_led_init
                0x000000000000dc20       0x9c bin/am_devices_led.o
                0x000000000000dc20                am_devices_led_init
 .text.am_devices_led_array_init
                0x000000000000dcbc       0x42 bin/am_devices_led.o
                0x000000000000dcbc                am_devices_led_array_init
 .text.am_devices_led_on
                0x000000000000dcfe       0x76 bin/am_devices_led.o
                0x000000000000dcfe                am_devices_led_on
 .text.am_devices_led_off
                0x000000000000dd74       0x7c bin/am_devices_led.o
                0x000000000000dd74                am_devices_led_off
 .text.am_devices_led_toggle
                0x000000000000ddf0       0x9e bin/am_devices_led.o
                0x000000000000ddf0                am_devices_led_toggle
 *fill*         0x000000000000de8e        0x2 
 .text.Reset_Handler
                0x000000000000de90       0x68 bin/startup_gcc.o
                0x000000000000de90                Reset_Handler
 .text.NMI_Handler
                0x000000000000def8        0x6 bin/startup_gcc.o
                0x000000000000def8                NMI_Handler
 .text.am_default_isr
                0x000000000000defe        0x6 bin/startup_gcc.o
                0x000000000000defe                am_default_isr
                0x000000000000defe                am_iomaster4_isr
                0x000000000000defe                SysTick_Handler
                0x000000000000defe                PendSV_Handler
                0x000000000000defe                am_rtc_isr
                0x000000000000defe                am_stimer_cmpr3_isr
                0x000000000000defe                am_adc_isr
                0x000000000000defe                am_iomaster3_isr
                0x000000000000defe                am_clkgen_isr
                0x000000000000defe                am_stimer_isr
                0x000000000000defe                am_software0_isr
                0x000000000000defe                am_stimer_cmpr5_isr
                0x000000000000defe                am_iomaster5_isr
                0x000000000000defe                am_pdm0_isr
                0x000000000000defe                am_uart_isr
                0x000000000000defe                am_ioslave_acc_isr
                0x000000000000defe                am_mspi0_isr
                0x000000000000defe                am_stimer_cmpr6_isr
                0x000000000000defe                am_iomaster1_isr
                0x000000000000defe                am_brownout_isr
                0x000000000000defe                am_vcomp_isr
                0x000000000000defe                am_stimer_cmpr1_isr
                0x000000000000defe                am_iomaster2_isr
                0x000000000000defe                SVC_Handler
                0x000000000000defe                am_stimer_cmpr2_isr
                0x000000000000defe                am_ioslave_ios_isr
                0x000000000000defe                am_uart1_isr
                0x000000000000defe                am_stimer_cmpr7_isr
                0x000000000000defe                am_scard_isr
                0x000000000000defe                am_watchdog_isr
                0x000000000000defe                am_stimer_cmpr0_isr
                0x000000000000defe                am_iomaster0_isr
                0x000000000000defe                am_ble_isr
                0x000000000000defe                am_stimer_cmpr4_isr
                0x000000000000defe                DebugMon_Handler
 .text.__NVIC_EnableIRQ
                0x000000000000df04       0x3c bin/board_setup.o
 .text.DebugLog
                0x000000000000df40       0x1c bin/board_setup.o
                0x000000000000df40                DebugLog
 .text.timerA0_init
                0x000000000000df5c       0x48 bin/board_setup.o
                0x000000000000df5c                timerA0_init
 .text.am_app_AEP_sys_init
                0x000000000000dfa4      0x108 bin/board_setup.o
                0x000000000000dfa4                am_app_AEP_sys_init
 .text.am_ctimer_isr
                0x000000000000e0ac       0x54 bin/board_setup.o
                0x000000000000e0ac                am_ctimer_isr
 .text.am_gpio_isr
                0x000000000000e100       0x34 bin/board_setup.o
                0x000000000000e100                am_gpio_isr
 .text.am_memcpy_verify
                0x000000000000e134       0x4a bin/am_memcpy_ringbuff_test.o
                0x000000000000e134                am_memcpy_verify
 *fill*         0x000000000000e17e        0x2 
 .text.am_ringbuff_test
                0x000000000000e180      0x120 bin/am_memcpy_ringbuff_test.o
                0x000000000000e180                am_ringbuff_test
 .text._DoInit  0x000000000000e2a0       0xa4 bin/SEGGER_RTT.o
 .text.SEGGER_RTT_ReadNoLock
                0x000000000000e344      0x104 bin/SEGGER_RTT.o
                0x000000000000e344                SEGGER_RTT_ReadNoLock
 .text.SEGGER_RTT_WriteSkipNoLock
                0x000000000000e448      0x120 bin/SEGGER_RTT.o
                0x000000000000e448                SEGGER_RTT_WriteSkipNoLock
 .text.SEGGER_RTT_ConfigUpBuffer
                0x000000000000e568       0xd4 bin/SEGGER_RTT.o
                0x000000000000e568                SEGGER_RTT_ConfigUpBuffer
 .text.SEGGER_RTT_ConfigDownBuffer
                0x000000000000e63c       0xd4 bin/SEGGER_RTT.o
                0x000000000000e63c                SEGGER_RTT_ConfigDownBuffer
 .text._EncodeStr
                0x000000000000e710       0x9a bin/SEGGER_SYSVIEW.o
 .text._PreparePacket
                0x000000000000e7aa       0x18 bin/SEGGER_SYSVIEW.o
 .text._HandleIncomingPacket
                0x000000000000e7c2       0xb8 bin/SEGGER_SYSVIEW.o
 *fill*         0x000000000000e87a        0x2 
 .text._TrySendOverflowPacket
                0x000000000000e87c       0xe0 bin/SEGGER_SYSVIEW.o
 .text._SendPacket
                0x000000000000e95c      0x1a8 bin/SEGGER_SYSVIEW.o
 .text.SEGGER_SYSVIEW_Init
                0x000000000000eb04       0x7c bin/SEGGER_SYSVIEW.o
                0x000000000000eb04                SEGGER_SYSVIEW_Init
 .text.SEGGER_SYSVIEW_SetRAMBase
                0x000000000000eb80       0x20 bin/SEGGER_SYSVIEW.o
                0x000000000000eb80                SEGGER_SYSVIEW_SetRAMBase
 .text.SEGGER_SYSVIEW_RecordVoid
                0x000000000000eba0       0x3c bin/SEGGER_SYSVIEW.o
                0x000000000000eba0                SEGGER_SYSVIEW_RecordVoid
 .text.SEGGER_SYSVIEW_RecordU32
                0x000000000000ebdc       0x78 bin/SEGGER_SYSVIEW.o
                0x000000000000ebdc                SEGGER_SYSVIEW_RecordU32
 .text.SEGGER_SYSVIEW_RecordU32x2
                0x000000000000ec54       0xb4 bin/SEGGER_SYSVIEW.o
                0x000000000000ec54                SEGGER_SYSVIEW_RecordU32x2
 .text.SEGGER_SYSVIEW_Start
                0x000000000000ed08      0x178 bin/SEGGER_SYSVIEW.o
                0x000000000000ed08                SEGGER_SYSVIEW_Start
 .text.SEGGER_SYSVIEW_Stop
                0x000000000000ee80       0x4c bin/SEGGER_SYSVIEW.o
                0x000000000000ee80                SEGGER_SYSVIEW_Stop
 .text.SEGGER_SYSVIEW_GetSysDesc
                0x000000000000eecc      0x134 bin/SEGGER_SYSVIEW.o
                0x000000000000eecc                SEGGER_SYSVIEW_GetSysDesc
 .text.SEGGER_SYSVIEW_SendTaskList
                0x000000000000f000       0x28 bin/SEGGER_SYSVIEW.o
                0x000000000000f000                SEGGER_SYSVIEW_SendTaskList
 .text.SEGGER_SYSVIEW_SendSysDesc
                0x000000000000f028       0x48 bin/SEGGER_SYSVIEW.o
                0x000000000000f028                SEGGER_SYSVIEW_SendSysDesc
 .text.SEGGER_SYSVIEW_RecordSystime
                0x000000000000f070       0x60 bin/SEGGER_SYSVIEW.o
                0x000000000000f070                SEGGER_SYSVIEW_RecordSystime
 .text.SEGGER_SYSVIEW_OnIdle
                0x000000000000f0d0       0x38 bin/SEGGER_SYSVIEW.o
                0x000000000000f0d0                SEGGER_SYSVIEW_OnIdle
 .text.SEGGER_SYSVIEW_SendModule
                0x000000000000f108      0x100 bin/SEGGER_SYSVIEW.o
                0x000000000000f108                SEGGER_SYSVIEW_SendModule
 .text.SEGGER_SYSVIEW_SendModuleDescription
                0x000000000000f208       0x3c bin/SEGGER_SYSVIEW.o
                0x000000000000f208                SEGGER_SYSVIEW_SendModuleDescription
 .text.SEGGER_SYSVIEW_SendNumModules
                0x000000000000f244       0x7c bin/SEGGER_SYSVIEW.o
                0x000000000000f244                SEGGER_SYSVIEW_SendNumModules
 .text._cbSendSystemDesc
                0x000000000000f2c0       0x1c bin/SEGGER_SYSVIEW_Config_NoOS.o
 .text.SEGGER_SYSVIEW_Conf
                0x000000000000f2dc       0x50 bin/SEGGER_SYSVIEW_Config_NoOS.o
                0x000000000000f2dc                SEGGER_SYSVIEW_Conf
 .text.am_bsp_uart_string_print
                0x000000000000f32c       0x48 ../../../device/AmbiqSuite-Rel2.0.0/boards/apollo3_evb/bsp/gcc/bin/libam_bsp.a(am_bsp.o)
                0x000000000000f32c                am_bsp_uart_string_print
 .text.am_bsp_low_power_init
                0x000000000000f374       0x64 ../../../device/AmbiqSuite-Rel2.0.0/boards/apollo3_evb/bsp/gcc/bin/libam_bsp.a(am_bsp.o)
                0x000000000000f374                am_bsp_low_power_init
 .text.am_bsp_uart_printf_enable
                0x000000000000f3d8       0x5c ../../../device/AmbiqSuite-Rel2.0.0/boards/apollo3_evb/bsp/gcc/bin/libam_bsp.a(am_bsp.o)
                0x000000000000f3d8                am_bsp_uart_printf_enable
 .text.am_hal_burst_mode_initialize
                0x000000000000f434       0x90 ../../../device/AmbiqSuite-Rel2.0.0/mcu/apollo3/hal/gcc/bin/libam_hal.a(am_hal_burst.o)
                0x000000000000f434                am_hal_burst_mode_initialize
 .text.am_hal_burst_mode_enable
                0x000000000000f4c4       0x5c ../../../device/AmbiqSuite-Rel2.0.0/mcu/apollo3/hal/gcc/bin/libam_hal.a(am_hal_burst.o)
                0x000000000000f4c4                am_hal_burst_mode_enable
 .text.am_hal_cachectrl_config
                0x000000000000f520       0x54 ../../../device/AmbiqSuite-Rel2.0.0/mcu/apollo3/hal/gcc/bin/libam_hal.a(am_hal_cachectrl.o)
                0x000000000000f520                am_hal_cachectrl_config
 .text.am_hal_cachectrl_enable
                0x000000000000f574       0x14 ../../../device/AmbiqSuite-Rel2.0.0/mcu/apollo3/hal/gcc/bin/libam_hal.a(am_hal_cachectrl.o)
                0x000000000000f574                am_hal_cachectrl_enable
 .text.am_hal_clkgen_control
                0x000000000000f588       0xd8 ../../../device/AmbiqSuite-Rel2.0.0/mcu/apollo3/hal/gcc/bin/libam_hal.a(am_hal_clkgen.o)
                0x000000000000f588                am_hal_clkgen_control
 .text.am_hal_ctimer_config
                0x000000000000f660       0x60 ../../../device/AmbiqSuite-Rel2.0.0/mcu/apollo3/hal/gcc/bin/libam_hal.a(am_hal_ctimer.o)
                0x000000000000f660                am_hal_ctimer_config
 .text.am_hal_ctimer_start
                0x000000000000f6c0       0x54 ../../../device/AmbiqSuite-Rel2.0.0/mcu/apollo3/hal/gcc/bin/libam_hal.a(am_hal_ctimer.o)
                0x000000000000f6c0                am_hal_ctimer_start
 .text.am_hal_ctimer_clear
                0x000000000000f714       0x28 ../../../device/AmbiqSuite-Rel2.0.0/mcu/apollo3/hal/gcc/bin/libam_hal.a(am_hal_ctimer.o)
                0x000000000000f714                am_hal_ctimer_clear
 .text.am_hal_ctimer_period_set
                0x000000000000f73c       0xac ../../../device/AmbiqSuite-Rel2.0.0/mcu/apollo3/hal/gcc/bin/libam_hal.a(am_hal_ctimer.o)
                0x000000000000f73c                am_hal_ctimer_period_set
 .text.am_hal_ctimer_int_enable
                0x000000000000f7e8       0x28 ../../../device/AmbiqSuite-Rel2.0.0/mcu/apollo3/hal/gcc/bin/libam_hal.a(am_hal_ctimer.o)
                0x000000000000f7e8                am_hal_ctimer_int_enable
 .text.am_hal_ctimer_int_clear
                0x000000000000f810       0x20 ../../../device/AmbiqSuite-Rel2.0.0/mcu/apollo3/hal/gcc/bin/libam_hal.a(am_hal_ctimer.o)
                0x000000000000f810                am_hal_ctimer_int_clear
 .text.am_hal_flash_delay
                0x000000000000f830        0x8 ../../../device/AmbiqSuite-Rel2.0.0/mcu/apollo3/hal/gcc/bin/libam_hal.a(am_hal_flash.o)
                0x000000000000f830                am_hal_flash_delay
 .text.am_hal_flash_delay_status_check
                0x000000000000f838       0x58 ../../../device/AmbiqSuite-Rel2.0.0/mcu/apollo3/hal/gcc/bin/libam_hal.a(am_hal_flash.o)
                0x000000000000f838                am_hal_flash_delay_status_check
 .text.am_hal_interrupt_master_enable
                0x000000000000f890        0x8 ../../../device/AmbiqSuite-Rel2.0.0/mcu/apollo3/hal/gcc/bin/libam_hal.a(am_hal_interrupt.o)
                0x000000000000f890                am_hal_interrupt_master_enable
 .text.am_hal_interrupt_master_disable
                0x000000000000f898        0x8 ../../../device/AmbiqSuite-Rel2.0.0/mcu/apollo3/hal/gcc/bin/libam_hal.a(am_hal_interrupt.o)
                0x000000000000f898                am_hal_interrupt_master_disable
 .text.am_hal_interrupt_master_set
                0x000000000000f8a0        0x8 ../../../device/AmbiqSuite-Rel2.0.0/mcu/apollo3/hal/gcc/bin/libam_hal.a(am_hal_interrupt.o)
                0x000000000000f8a0                am_hal_interrupt_master_set
 .text.am_hal_itm_disable
                0x000000000000f8a8       0xac ../../../device/AmbiqSuite-Rel2.0.0/mcu/apollo3/hal/gcc/bin/libam_hal.a(am_hal_itm.o)
                0x000000000000f8a8                am_hal_itm_disable
 .text.am_hal_mcuctrl_info_get
                0x000000000000f954      0x12c ../../../device/AmbiqSuite-Rel2.0.0/mcu/apollo3/hal/gcc/bin/libam_hal.a(am_hal_mcuctrl.o)
                0x000000000000f954                am_hal_mcuctrl_info_get
 .text.am_hal_pwrctrl_periph_enable
                0x000000000000fa80       0x54 ../../../device/AmbiqSuite-Rel2.0.0/mcu/apollo3/hal/gcc/bin/libam_hal.a(am_hal_pwrctrl.o)
                0x000000000000fa80                am_hal_pwrctrl_periph_enable
 .text.am_hal_pwrctrl_periph_disable
                0x000000000000fad4       0x58 ../../../device/AmbiqSuite-Rel2.0.0/mcu/apollo3/hal/gcc/bin/libam_hal.a(am_hal_pwrctrl.o)
                0x000000000000fad4                am_hal_pwrctrl_periph_disable
 .text.am_hal_pwrctrl_low_power_init
                0x000000000000fb2c       0x94 ../../../device/AmbiqSuite-Rel2.0.0/mcu/apollo3/hal/gcc/bin/libam_hal.a(am_hal_pwrctrl.o)
                0x000000000000fb2c                am_hal_pwrctrl_low_power_init
 .text.am_hal_rtc_osc_select
                0x000000000000fbc0       0x18 ../../../device/AmbiqSuite-Rel2.0.0/mcu/apollo3/hal/gcc/bin/libam_hal.a(am_hal_rtc.o)
                0x000000000000fbc0                am_hal_rtc_osc_select
 .text.am_hal_rtc_osc_disable
                0x000000000000fbd8       0x14 ../../../device/AmbiqSuite-Rel2.0.0/mcu/apollo3/hal/gcc/bin/libam_hal.a(am_hal_rtc.o)
                0x000000000000fbd8                am_hal_rtc_osc_disable
 .text.am_hal_uart_initialize
                0x000000000000fbec       0x50 ../../../device/AmbiqSuite-Rel2.0.0/mcu/apollo3/hal/gcc/bin/libam_hal.a(am_hal_uart.o)
                0x000000000000fbec                am_hal_uart_initialize
 .text.am_hal_uart_power_control
                0x000000000000fc3c       0xe4 ../../../device/AmbiqSuite-Rel2.0.0/mcu/apollo3/hal/gcc/bin/libam_hal.a(am_hal_uart.o)
                0x000000000000fc3c                am_hal_uart_power_control
 .text.am_hal_uart_configure
                0x000000000000fd20      0x218 ../../../device/AmbiqSuite-Rel2.0.0/mcu/apollo3/hal/gcc/bin/libam_hal.a(am_hal_uart.o)
                0x000000000000fd20                am_hal_uart_configure
 .text.am_hal_uart_transfer
                0x000000000000ff38      0x474 ../../../device/AmbiqSuite-Rel2.0.0/mcu/apollo3/hal/gcc/bin/libam_hal.a(am_hal_uart.o)
                0x000000000000ff38                am_hal_uart_transfer
 .text.am_hal_queue_init
                0x00000000000103ac       0x18 ../../../device/AmbiqSuite-Rel2.0.0/mcu/apollo3/hal/gcc/bin/libam_hal.a(am_hal_queue.o)
                0x00000000000103ac                am_hal_queue_init
 .text.am_hal_queue_item_add
                0x00000000000103c4       0x70 ../../../device/AmbiqSuite-Rel2.0.0/mcu/apollo3/hal/gcc/bin/libam_hal.a(am_hal_queue.o)
                0x00000000000103c4                am_hal_queue_item_add
 .text.am_hal_queue_item_get
                0x0000000000010434       0x70 ../../../device/AmbiqSuite-Rel2.0.0/mcu/apollo3/hal/gcc/bin/libam_hal.a(am_hal_queue.o)
                0x0000000000010434                am_hal_queue_item_get
 *(.rodata)
 .rodata        0x00000000000104a4       0x17 bin/main.o
 *fill*         0x00000000000104bb        0x1 
 .rodata        0x00000000000104bc       0xe4 bin/board_setup.o
 .rodata        0x00000000000105a0       0x80 bin/am_memcpy_ringbuff_test.o
 .rodata        0x0000000000010620       0x17 bin/SEGGER_RTT.o
 *fill*         0x0000000000010637        0x1 
 .rodata        0x0000000000010638        0x8 bin/SEGGER_SYSVIEW.o
 .rodata        0x0000000000010640       0x31 bin/SEGGER_SYSVIEW_Config_NoOS.o
 *(.rodata*)
 *fill*         0x0000000000010671        0x3 
 .rodata.g_AM_HAL_GPIO_DISABLE
                0x0000000000010674        0x4 bin/am_hal_gpio.o
                0x0000000000010674                g_AM_HAL_GPIO_DISABLE
 .rodata.g_AM_HAL_GPIO_OUTPUT
                0x0000000000010678        0x4 bin/am_hal_gpio.o
                0x0000000000010678                g_AM_HAL_GPIO_OUTPUT
 .rodata.g_AM_HAL_GPIO_TRISTATE
                0x000000000001067c        0x4 bin/am_hal_gpio.o
                0x000000000001067c                g_AM_HAL_GPIO_TRISTATE
 .rodata.g_ui8Inpen
                0x0000000000010680       0x32 bin/am_hal_gpio.o
 *fill*         0x00000000000106b2        0x2 
 .rodata.g_ui8Bit76Capabilities
                0x00000000000106b4       0x32 bin/am_hal_gpio.o
 *fill*         0x00000000000106e6        0x2 
 .rodata.g_ui8nCEpins
                0x00000000000106e8       0x32 bin/am_hal_gpio.o
 *fill*         0x000000000001071a        0x2 
 .rodata.g_ui8NCEtable
                0x000000000001071c       0xc8 bin/am_hal_gpio.o
 .rodata.g_deepsleep_button0
                0x00000000000107e4        0x4 bin/board_setup.o
                0x00000000000107e4                g_deepsleep_button0
 .rodata.mono_16b_USP1602
                0x00000000000107e8    0x13880 bin/am_app_USP1602_mono_array.o
                0x00000000000107e8                mono_16b_USP1602
 .rodata._abSync
                0x0000000000024068        0xa bin/SEGGER_SYSVIEW.o
 *fill*         0x0000000000024072        0x2 
 .rodata.g_sBspUartConfig
                0x0000000000024074       0x28 ../../../device/AmbiqSuite-Rel2.0.0/boards/apollo3_evb/bsp/gcc/bin/libam_bsp.a(am_bsp.o)
 .rodata.g_AM_BSP_GPIO_COM_UART_TX
                0x000000000002409c        0x4 ../../../device/AmbiqSuite-Rel2.0.0/boards/apollo3_evb/bsp/gcc/bin/libam_bsp.a(am_bsp_pins.o)
                0x000000000002409c                g_AM_BSP_GPIO_COM_UART_TX
 .rodata.g_AM_BSP_GPIO_COM_UART_RX
                0x00000000000240a0        0x4 ../../../device/AmbiqSuite-Rel2.0.0/boards/apollo3_evb/bsp/gcc/bin/libam_bsp.a(am_bsp_pins.o)
                0x00000000000240a0                g_AM_BSP_GPIO_COM_UART_RX
 .rodata.am_hal_cachectrl_defaults
                0x00000000000240a4        0x4 ../../../device/AmbiqSuite-Rel2.0.0/mcu/apollo3/hal/gcc/bin/libam_hal.a(am_hal_cachectrl.o)
                0x00000000000240a4                am_hal_cachectrl_defaults
 .rodata.g_am_hal_mcuctrl_flash_size
                0x00000000000240a8       0x40 ../../../device/AmbiqSuite-Rel2.0.0/mcu/apollo3/hal/gcc/bin/libam_hal.a(am_hal_mcuctrl.o)
                0x00000000000240a8                g_am_hal_mcuctrl_flash_size
 .rodata.g_am_hal_mcuctrl_sram_size
                0x00000000000240e8       0x40 ../../../device/AmbiqSuite-Rel2.0.0/mcu/apollo3/hal/gcc/bin/libam_hal.a(am_hal_mcuctrl.o)
                0x00000000000240e8                g_am_hal_mcuctrl_sram_size
 .rodata.am_hal_pwrctrl_peripheral_control
                0x0000000000024128       0xb4 ../../../device/AmbiqSuite-Rel2.0.0/mcu/apollo3/hal/gcc/bin/libam_hal.a(am_hal_pwrctrl.o)
                0x0000000000024128                am_hal_pwrctrl_peripheral_control
                0x00000000000241dc                . = ALIGN (0x4)
                0x00000000000241dc                _etext = .

.glue_7         0x00000000000241dc        0x0
 .glue_7        0x00000000000241dc        0x0 linker stubs

.glue_7t        0x00000000000241dc        0x0
 .glue_7t       0x00000000000241dc        0x0 linker stubs

.vfp11_veneer   0x00000000000241dc        0x0
 .vfp11_veneer  0x00000000000241dc        0x0 linker stubs

.v4_bx          0x00000000000241dc        0x0
 .v4_bx         0x00000000000241dc        0x0 linker stubs

.iplt           0x00000000000241dc        0x0
 .iplt          0x00000000000241dc        0x0 bin/main.o

.rel.dyn        0x00000000000241dc        0x0
 .rel.iplt      0x00000000000241dc        0x0 bin/main.o

.stack          0x0000000010000000     0xc000
                0x0000000010000000                . = ALIGN (0x8)
 *(.stack)
 .stack         0x0000000010000000     0xc000 bin/startup_gcc.o
 *(.stack*)
                0x000000001000c000                . = ALIGN (0x8)

.data           0x000000001000c000       0x58 load address 0x00000000000241dc
                0x000000001000c000                . = ALIGN (0x4)
                0x000000001000c000                _sdata = .
 *(.data)
 *(.data*)
 .data.g_sTimer0
                0x000000001000c000        0xc bin/board_setup.o
                0x000000001000c000                g_sTimer0
 .data.g_AEP_RingBuffSetup
                0x000000001000c00c        0xc bin/am_memcpy_ringbuff_test.o
                0x000000001000c00c                g_AEP_RingBuffSetup
 .data.g_ui32RingBuffCount
                0x000000001000c018        0x4 bin/am_memcpy_ringbuff_test.o
                0x000000001000c018                g_ui32RingBuffCount
 .data.SystemCoreClock
                0x000000001000c01c        0x4 bin/SEGGER_SYSVIEW_Config_NoOS.o
                0x000000001000c01c                SystemCoreClock
 .data.am_bsp_psLEDs
                0x000000001000c020       0x28 ../../../device/AmbiqSuite-Rel2.0.0/boards/apollo3_evb/bsp/gcc/bin/libam_bsp.a(am_bsp.o)
                0x000000001000c020                am_bsp_psLEDs
 .data.g_ui8ClkSrc
                0x000000001000c048       0x10 ../../../device/AmbiqSuite-Rel2.0.0/mcu/apollo3/hal/gcc/bin/libam_hal.a(am_hal_ctimer.o)
                0x000000001000c058                . = ALIGN (0x4)
                0x000000001000c058                _edata = .
                0x00000000000241dc                _init_data = LOADADDR (.data)

.igot.plt       0x000000001000c058        0x0 load address 0x0000000000024234
 .igot.plt      0x000000001000c058        0x0 bin/main.o

.bss            0x000000001000c058    0x2895c load address 0x0000000000024234
                0x000000001000c058                . = ALIGN (0x4)
                0x000000001000c058                _sbss = .
 *(.bss)
 *(.bss*)
 .bss.g_prfbuf  0x000000001000c058      0x100 bin/am_util_stdio.o
 .bss.g_bTxtXlate
                0x000000001000c158        0x1 bin/am_util_stdio.o
 *fill*         0x000000001000c159        0x3 
 .bss.g_ui32TimerCount
                0x000000001000c15c        0x4 bin/board_setup.o
                0x000000001000c15c                g_ui32TimerCount
 .bss.g_ui8DebounceFlag
                0x000000001000c160        0x1 bin/board_setup.o
                0x000000001000c160                g_ui8DebounceFlag
 *fill*         0x000000001000c161        0x3 
 .bss.g_ui32DebounceTimerCount
                0x000000001000c164        0x4 bin/board_setup.o
                0x000000001000c164                g_ui32DebounceTimerCount
 .bss.g_sysKeyValue
                0x000000001000c168        0x1 bin/board_setup.o
                0x000000001000c168                g_sysKeyValue
 *fill*         0x000000001000c169        0x3 
 .bss._acUpBuffer
                0x000000001000c16c      0x400 bin/SEGGER_RTT.o
 .bss._acDownBuffer
                0x000000001000c56c       0x10 bin/SEGGER_RTT.o
 .bss._UpBuffer
                0x000000001000c57c     0x1000 bin/SEGGER_SYSVIEW.o
 .bss._DownBuffer
                0x000000001000d57c        0x8 bin/SEGGER_SYSVIEW.o
 .bss._SYSVIEW_Globals
                0x000000001000d584       0x28 bin/SEGGER_SYSVIEW.o
 .bss._pFirstModule
                0x000000001000d5ac        0x4 bin/SEGGER_SYSVIEW.o
 .bss._NumModules
                0x000000001000d5b0        0x1 bin/SEGGER_SYSVIEW.o
 *fill*         0x000000001000d5b1        0x3 
 .bss._aPacket  0x000000001000d5b4       0xe3 bin/SEGGER_SYSVIEW.o
 *fill*         0x000000001000d697        0x1 
 .bss.g_ui32PrintInterface
                0x000000001000d698        0x4 ../../../device/AmbiqSuite-Rel2.0.0/boards/apollo3_evb/bsp/gcc/bin/libam_bsp.a(am_bsp.o)
 .bss.g_sCOMUART
                0x000000001000d69c        0x4 ../../../device/AmbiqSuite-Rel2.0.0/boards/apollo3_evb/bsp/gcc/bin/libam_bsp.a(am_bsp.o)
 .bss.g_am_hal_burst_mode_available
                0x000000001000d6a0        0x1 ../../../device/AmbiqSuite-Rel2.0.0/mcu/apollo3/hal/gcc/bin/libam_hal.a(am_hal_burst.o)
                0x000000001000d6a0                g_am_hal_burst_mode_available
 *fill*         0x000000001000d6a1        0x3 
 .bss.gAmHalResetStatus
                0x000000001000d6a4        0x4 ../../../device/AmbiqSuite-Rel2.0.0/mcu/apollo3/hal/gcc/bin/libam_hal.a(am_hal_reset.o)
                0x000000001000d6a4                gAmHalResetStatus
 *(COMMON)
 COMMON         0x000000001000d6a8        0x4 bin/am_util_stdio.o
                0x000000001000d6a8                g_pfnCharPrint
 COMMON         0x000000001000d6ac        0x2 bin/board_setup.o
                0x000000001000d6ac                eBurstMode
                0x000000001000d6ad                eBurstModeAvailable
 *fill*         0x000000001000d6ae        0x2 
 COMMON         0x000000001000d6b0    0x27191 bin/am_memcpy_ringbuff_test.o
                0x000000001000d6b0                g_TestDataFrame
                0x000000001000d714                g_pui8MemcpyBuff
                0x0000000010020f98                am_AEP_ring_buffers
                0x0000000010020fc0                g_pui8FastMemcpyBuff
 *fill*         0x0000000010034841        0x3 
 COMMON         0x0000000010034844       0xa8 bin/SEGGER_RTT.o
                0x0000000010034844                _SEGGER_RTT
 COMMON         0x00000000100348ec       0xc8 ../../../device/AmbiqSuite-Rel2.0.0/mcu/apollo3/hal/gcc/bin/libam_hal.a(am_hal_uart.o)
                0x00000000100348ec                g_am_hal_uart_states
                0x00000000100349b4                . = ALIGN (0x4)
                0x00000000100349b4                _ebss = .

.heap           0x00000000100349b4      0x404 load address 0x0000000000024234
                0x00000000100349b8                . = ALIGN (0x8)
 *fill*         0x00000000100349b4        0x4 
                [!provide]                        PROVIDE (__end__ = .)
                0x00000000100349b8                PROVIDE (end = .)
                [!provide]                        PROVIDE (_heap_start = end)
                0x0000000010034db8                . = (. + _heap_size)
 *fill*         0x00000000100349b8      0x400 
                [!provide]                        PROVIDE (_heap_end = .)
                0x0000000010034db8                . = ALIGN (0x8)

.ARM.attributes
                0x0000000000000000       0x37
 *(.ARM.attributes)
 .ARM.attributes
                0x0000000000000000       0x39 bin/main.o
 .ARM.attributes
                0x0000000000000039       0x39 bin/am_hal_gpio.o
 .ARM.attributes
                0x0000000000000072       0x39 bin/am_util_faultisr.o
 .ARM.attributes
                0x00000000000000ab       0x39 bin/am_util_stdio.o
 .ARM.attributes
                0x00000000000000e4       0x39 bin/am_app_utils_ring_buffer.o
 .ARM.attributes
                0x000000000000011d       0x39 bin/am_devices_led.o
 .ARM.attributes
                0x0000000000000156       0x39 bin/startup_gcc.o
 .ARM.attributes
                0x000000000000018f       0x39 bin/board_setup.o
 .ARM.attributes
                0x00000000000001c8       0x39 bin/am_memcpy_ringbuff_test.o
 .ARM.attributes
                0x0000000000000201       0x39 bin/am_app_USP1602_mono_array.o
 .ARM.attributes
                0x000000000000023a       0x39 bin/SEGGER_RTT.o
 .ARM.attributes
                0x0000000000000273       0x39 bin/SEGGER_SYSVIEW.o
 .ARM.attributes
                0x00000000000002ac       0x39 bin/SEGGER_SYSVIEW_Config_NoOS.o
 .ARM.attributes
                0x00000000000002e5       0x39 ../../../device/AmbiqSuite-Rel2.0.0/boards/apollo3_evb/bsp/gcc/bin/libam_bsp.a(am_bsp.o)
 .ARM.attributes
                0x000000000000031e       0x39 ../../../device/AmbiqSuite-Rel2.0.0/boards/apollo3_evb/bsp/gcc/bin/libam_bsp.a(am_bsp_pins.o)
 .ARM.attributes
                0x0000000000000357       0x39 ../../../device/AmbiqSuite-Rel2.0.0/mcu/apollo3/hal/gcc/bin/libam_hal.a(am_hal_burst.o)
 .ARM.attributes
                0x0000000000000390       0x39 ../../../device/AmbiqSuite-Rel2.0.0/mcu/apollo3/hal/gcc/bin/libam_hal.a(am_hal_cachectrl.o)
 .ARM.attributes
                0x00000000000003c9       0x39 ../../../device/AmbiqSuite-Rel2.0.0/mcu/apollo3/hal/gcc/bin/libam_hal.a(am_hal_clkgen.o)
 .ARM.attributes
                0x0000000000000402       0x39 ../../../device/AmbiqSuite-Rel2.0.0/mcu/apollo3/hal/gcc/bin/libam_hal.a(am_hal_ctimer.o)
 .ARM.attributes
                0x000000000000043b       0x39 ../../../device/AmbiqSuite-Rel2.0.0/mcu/apollo3/hal/gcc/bin/libam_hal.a(am_hal_flash.o)
 .ARM.attributes
                0x0000000000000474       0x39 ../../../device/AmbiqSuite-Rel2.0.0/mcu/apollo3/hal/gcc/bin/libam_hal.a(am_hal_interrupt.o)
 .ARM.attributes
                0x00000000000004ad       0x39 ../../../device/AmbiqSuite-Rel2.0.0/mcu/apollo3/hal/gcc/bin/libam_hal.a(am_hal_itm.o)
 .ARM.attributes
                0x00000000000004e6       0x39 ../../../device/AmbiqSuite-Rel2.0.0/mcu/apollo3/hal/gcc/bin/libam_hal.a(am_hal_mcuctrl.o)
 .ARM.attributes
                0x000000000000051f       0x39 ../../../device/AmbiqSuite-Rel2.0.0/mcu/apollo3/hal/gcc/bin/libam_hal.a(am_hal_pwrctrl.o)
 .ARM.attributes
                0x0000000000000558       0x39 ../../../device/AmbiqSuite-Rel2.0.0/mcu/apollo3/hal/gcc/bin/libam_hal.a(am_hal_reset.o)
 .ARM.attributes
                0x0000000000000591       0x39 ../../../device/AmbiqSuite-Rel2.0.0/mcu/apollo3/hal/gcc/bin/libam_hal.a(am_hal_rtc.o)
 .ARM.attributes
                0x00000000000005ca       0x39 ../../../device/AmbiqSuite-Rel2.0.0/mcu/apollo3/hal/gcc/bin/libam_hal.a(am_hal_uart.o)
 .ARM.attributes
                0x0000000000000603       0x39 ../../../device/AmbiqSuite-Rel2.0.0/mcu/apollo3/hal/gcc/bin/libam_hal.a(am_hal_queue.o)
 .ARM.attributes
                0x000000000000063c       0x20 /Users/axel/opt/gnu-mcu-eclipse/arm-none-eabi-gcc/7.3.1-1.1-20180724-0637/bin/../lib/gcc/arm-none-eabi/7.3.1/../../../../arm-none-eabi/lib/thumb/v7e-m/fpv4-sp/hard/libc.a(lib_a-memcpy.o)
 .ARM.attributes
                0x000000000000065c       0x22 /Users/axel/opt/gnu-mcu-eclipse/arm-none-eabi-gcc/7.3.1-1.1-20180724-0637/bin/../lib/gcc/arm-none-eabi/7.3.1/thumb/v7e-m/fpv4-sp/hard/libgcc.a(_arm_truncdfsf2.o)
LOAD bin/main.o
LOAD bin/am_hal_pdm.o
LOAD bin/am_hal_gpio.o
LOAD bin/am_util_delay.o
LOAD bin/am_util_faultisr.o
LOAD bin/am_util_stdio.o
LOAD bin/am_app_utils_ring_buffer.o
LOAD bin/am_app_utils_rtt_recorder.o
LOAD bin/am_app_utils_syscall.o
LOAD bin/am_app_utils_memcpy.o
LOAD bin/am_devices_led.o
LOAD bin/startup_gcc.o
LOAD bin/board_setup.o
LOAD bin/am_opus.o
LOAD bin/am_opus_custom_support.o
LOAD bin/am_memcpy_ringbuff_test.o
LOAD bin/am_app_USP1602_mono_array.o
LOAD bin/SEGGER_RTT.o
LOAD bin/SEGGER_SYSVIEW.o
LOAD bin/SEGGER_SYSVIEW_Config_NoOS.o
LOAD ../../../device/AmbiqSuite-Rel2.0.0/boards/apollo3_evb/bsp/gcc/bin/libam_bsp.a
LOAD ../../../device/AmbiqSuite-Rel2.0.0/mcu/apollo3/hal/gcc/bin/libam_hal.a
START GROUP
LOAD /Users/axel/opt/gnu-mcu-eclipse/arm-none-eabi-gcc/7.3.1-1.1-20180724-0637/bin/../lib/gcc/arm-none-eabi/7.3.1/../../../../arm-none-eabi/lib/thumb/v7e-m/fpv4-sp/hard/libm.a
LOAD /Users/axel/opt/gnu-mcu-eclipse/arm-none-eabi-gcc/7.3.1-1.1-20180724-0637/bin/../lib/gcc/arm-none-eabi/7.3.1/../../../../arm-none-eabi/lib/thumb/v7e-m/fpv4-sp/hard/libc.a
LOAD /Users/axel/opt/gnu-mcu-eclipse/arm-none-eabi-gcc/7.3.1-1.1-20180724-0637/bin/../lib/gcc/arm-none-eabi/7.3.1/thumb/v7e-m/fpv4-sp/hard/libgcc.a
END GROUP
START GROUP
LOAD /Users/axel/opt/gnu-mcu-eclipse/arm-none-eabi-gcc/7.3.1-1.1-20180724-0637/bin/../lib/gcc/arm-none-eabi/7.3.1/thumb/v7e-m/fpv4-sp/hard/libgcc.a
LOAD /Users/axel/opt/gnu-mcu-eclipse/arm-none-eabi-gcc/7.3.1-1.1-20180724-0637/bin/../lib/gcc/arm-none-eabi/7.3.1/../../../../arm-none-eabi/lib/thumb/v7e-m/fpv4-sp/hard/libc.a
END GROUP
OUTPUT(bin/audio_experiment.axf elf32-littlearm)

.debug_info     0x0000000000000000    0x1146b
 .debug_info    0x0000000000000000     0x1642 bin/main.o
 .debug_info    0x0000000000001642     0x4d16 bin/am_hal_gpio.o
 .debug_info    0x0000000000006358      0x942 bin/am_util_faultisr.o
 .debug_info    0x0000000000006c9a      0x8a3 bin/am_util_stdio.o
 .debug_info    0x000000000000753d      0xb5b bin/am_app_utils_ring_buffer.o
 .debug_info    0x0000000000008098      0xa4f bin/am_devices_led.o
 .debug_info    0x0000000000008ae7      0x17f bin/startup_gcc.o
 .debug_info    0x0000000000008c66     0x1c03 bin/board_setup.o
 .debug_info    0x000000000000a869     0x1955 bin/am_memcpy_ringbuff_test.o
 .debug_info    0x000000000000c1be       0xa8 bin/am_app_USP1602_mono_array.o
 .debug_info    0x000000000000c266     0x16ae bin/SEGGER_RTT.o
 .debug_info    0x000000000000d914     0x3ad4 bin/SEGGER_SYSVIEW.o
 .debug_info    0x00000000000113e8       0x83 bin/SEGGER_SYSVIEW_Config_NoOS.o

.debug_abbrev   0x0000000000000000     0x1a15
 .debug_abbrev  0x0000000000000000      0x21b bin/main.o
 .debug_abbrev  0x000000000000021b      0x2c9 bin/am_hal_gpio.o
 .debug_abbrev  0x00000000000004e4      0x1cc bin/am_util_faultisr.o
 .debug_abbrev  0x00000000000006b0      0x20d bin/am_util_stdio.o
 .debug_abbrev  0x00000000000008bd      0x227 bin/am_app_utils_ring_buffer.o
 .debug_abbrev  0x0000000000000ae4      0x214 bin/am_devices_led.o
 .debug_abbrev  0x0000000000000cf8       0xca bin/startup_gcc.o
 .debug_abbrev  0x0000000000000dc2      0x2eb bin/board_setup.o
 .debug_abbrev  0x00000000000010ad      0x29c bin/am_memcpy_ringbuff_test.o
 .debug_abbrev  0x0000000000001349       0x5d bin/am_app_USP1602_mono_array.o
 .debug_abbrev  0x00000000000013a6      0x2d3 bin/SEGGER_RTT.o
 .debug_abbrev  0x0000000000001679      0x333 bin/SEGGER_SYSVIEW.o
 .debug_abbrev  0x00000000000019ac       0x69 bin/SEGGER_SYSVIEW_Config_NoOS.o

.debug_aranges  0x0000000000000000      0x698
 .debug_aranges
                0x0000000000000000       0x20 bin/main.o
 .debug_aranges
                0x0000000000000020       0x78 bin/am_hal_gpio.o
 .debug_aranges
                0x0000000000000098       0x30 bin/am_util_faultisr.o
 .debug_aranges
                0x00000000000000c8       0xa0 bin/am_util_stdio.o
 .debug_aranges
                0x0000000000000168       0x48 bin/am_app_utils_ring_buffer.o
 .debug_aranges
                0x00000000000001b0       0x58 bin/am_devices_led.o
 .debug_aranges
                0x0000000000000208       0x38 bin/startup_gcc.o
 .debug_aranges
                0x0000000000000240       0x68 bin/board_setup.o
 .debug_aranges
                0x00000000000002a8       0x38 bin/am_memcpy_ringbuff_test.o
 .debug_aranges
                0x00000000000002e0       0x18 bin/am_app_USP1602_mono_array.o
 .debug_aranges
                0x00000000000002f8      0x110 bin/SEGGER_RTT.o
 .debug_aranges
                0x0000000000000408      0x268 bin/SEGGER_SYSVIEW.o
 .debug_aranges
                0x0000000000000670       0x28 bin/SEGGER_SYSVIEW_Config_NoOS.o

.debug_ranges   0x0000000000000000      0x5c0
 .debug_ranges  0x0000000000000000       0x10 bin/main.o
 .debug_ranges  0x0000000000000010       0x68 bin/am_hal_gpio.o
 .debug_ranges  0x0000000000000078       0x20 bin/am_util_faultisr.o
 .debug_ranges  0x0000000000000098       0x90 bin/am_util_stdio.o
 .debug_ranges  0x0000000000000128       0x38 bin/am_app_utils_ring_buffer.o
 .debug_ranges  0x0000000000000160       0x48 bin/am_devices_led.o
 .debug_ranges  0x00000000000001a8       0x28 bin/startup_gcc.o
 .debug_ranges  0x00000000000001d0       0x58 bin/board_setup.o
 .debug_ranges  0x0000000000000228       0x28 bin/am_memcpy_ringbuff_test.o
 .debug_ranges  0x0000000000000250      0x100 bin/SEGGER_RTT.o
 .debug_ranges  0x0000000000000350      0x258 bin/SEGGER_SYSVIEW.o
 .debug_ranges  0x00000000000005a8       0x18 bin/SEGGER_SYSVIEW_Config_NoOS.o

.debug_line     0x0000000000000000     0x419f
 .debug_line    0x0000000000000000      0x4c5 bin/main.o
 .debug_line    0x00000000000004c5      0x4e9 bin/am_hal_gpio.o
 .debug_line    0x00000000000009ae      0x35f bin/am_util_faultisr.o
 .debug_line    0x0000000000000d0d      0x60f bin/am_util_stdio.o
 .debug_line    0x000000000000131c      0x2e5 bin/am_app_utils_ring_buffer.o
 .debug_line    0x0000000000001601      0x44e bin/am_devices_led.o
 .debug_line    0x0000000000001a4f      0x177 bin/startup_gcc.o
 .debug_line    0x0000000000001bc6      0x592 bin/board_setup.o
 .debug_line    0x0000000000002158      0x54b bin/am_memcpy_ringbuff_test.o
 .debug_line    0x00000000000026a3      0x130 bin/am_app_USP1602_mono_array.o
 .debug_line    0x00000000000027d3      0x580 bin/SEGGER_RTT.o
 .debug_line    0x0000000000002d53     0x13dd bin/SEGGER_SYSVIEW.o
 .debug_line    0x0000000000004130       0x6f bin/SEGGER_SYSVIEW_Config_NoOS.o

.debug_str      0x0000000000000000     0x6130
 .debug_str     0x0000000000000000     0x177c bin/main.o
                                       0x180d (size before relaxing)
 .debug_str     0x000000000000177c     0x29b5 bin/am_hal_gpio.o
                                       0x343f (size before relaxing)
 .debug_str     0x0000000000004131      0x1d4 bin/am_util_faultisr.o
                                        0xbfb (size before relaxing)
 .debug_str     0x0000000000004305      0x34a bin/am_util_stdio.o
                                        0x566 (size before relaxing)
 .debug_str     0x000000000000464f      0x1af bin/am_app_utils_ring_buffer.o
                                        0x7da (size before relaxing)
 .debug_str     0x00000000000047fe      0x11e bin/am_devices_led.o
                                        0xda2 (size before relaxing)
 .debug_str     0x000000000000491c       0x81 bin/startup_gcc.o
                                        0x219 (size before relaxing)
 .debug_str     0x000000000000499d      0x588 bin/board_setup.o
                                       0x23ef (size before relaxing)
 .debug_str     0x0000000000004f25       0xf3 bin/am_memcpy_ringbuff_test.o
                                       0x1f79 (size before relaxing)
 .debug_str     0x0000000000005018       0x23 bin/am_app_USP1602_mono_array.o
                                        0x1b8 (size before relaxing)
 .debug_str     0x000000000000503b      0x43f bin/SEGGER_RTT.o
                                        0x9b8 (size before relaxing)
 .debug_str     0x000000000000547a      0xc6c bin/SEGGER_SYSVIEW.o
                                       0x1303 (size before relaxing)
 .debug_str     0x00000000000060e6       0x4a bin/SEGGER_SYSVIEW_Config_NoOS.o
                                        0x18c (size before relaxing)

.comment        0x0000000000000000       0xdf
 .comment       0x0000000000000000       0x71 bin/main.o
                                         0x72 (size before relaxing)
 .comment       0x0000000000000071       0x72 bin/am_hal_gpio.o
 .comment       0x0000000000000071       0x72 bin/am_util_faultisr.o
 .comment       0x0000000000000071       0x72 bin/am_util_stdio.o
 .comment       0x0000000000000071       0x72 bin/am_app_utils_ring_buffer.o
 .comment       0x0000000000000071       0x72 bin/am_devices_led.o
 .comment       0x0000000000000071       0x72 bin/startup_gcc.o
 .comment       0x0000000000000071       0x72 bin/board_setup.o
 .comment       0x0000000000000071       0x72 bin/am_memcpy_ringbuff_test.o
 .comment       0x0000000000000071       0x72 bin/am_app_USP1602_mono_array.o
 .comment       0x0000000000000071       0x72 bin/SEGGER_RTT.o
 .comment       0x0000000000000071       0x72 bin/SEGGER_SYSVIEW.o
 .comment       0x0000000000000071       0x72 bin/SEGGER_SYSVIEW_Config_NoOS.o
 .comment       0x0000000000000071       0x6e ../../../device/AmbiqSuite-Rel2.0.0/boards/apollo3_evb/bsp/gcc/bin/libam_bsp.a(am_bsp.o)
                                         0x6f (size before relaxing)
 .comment       0x00000000000000df       0x6f ../../../device/AmbiqSuite-Rel2.0.0/boards/apollo3_evb/bsp/gcc/bin/libam_bsp.a(am_bsp_pins.o)
 .comment       0x00000000000000df       0x6f ../../../device/AmbiqSuite-Rel2.0.0/mcu/apollo3/hal/gcc/bin/libam_hal.a(am_hal_burst.o)
 .comment       0x00000000000000df       0x6f ../../../device/AmbiqSuite-Rel2.0.0/mcu/apollo3/hal/gcc/bin/libam_hal.a(am_hal_cachectrl.o)
 .comment       0x00000000000000df       0x6f ../../../device/AmbiqSuite-Rel2.0.0/mcu/apollo3/hal/gcc/bin/libam_hal.a(am_hal_clkgen.o)
 .comment       0x00000000000000df       0x6f ../../../device/AmbiqSuite-Rel2.0.0/mcu/apollo3/hal/gcc/bin/libam_hal.a(am_hal_ctimer.o)
 .comment       0x00000000000000df       0x6f ../../../device/AmbiqSuite-Rel2.0.0/mcu/apollo3/hal/gcc/bin/libam_hal.a(am_hal_flash.o)
 .comment       0x00000000000000df       0x6f ../../../device/AmbiqSuite-Rel2.0.0/mcu/apollo3/hal/gcc/bin/libam_hal.a(am_hal_interrupt.o)
 .comment       0x00000000000000df       0x6f ../../../device/AmbiqSuite-Rel2.0.0/mcu/apollo3/hal/gcc/bin/libam_hal.a(am_hal_itm.o)
 .comment       0x00000000000000df       0x6f ../../../device/AmbiqSuite-Rel2.0.0/mcu/apollo3/hal/gcc/bin/libam_hal.a(am_hal_mcuctrl.o)
 .comment       0x00000000000000df       0x6f ../../../device/AmbiqSuite-Rel2.0.0/mcu/apollo3/hal/gcc/bin/libam_hal.a(am_hal_pwrctrl.o)
 .comment       0x00000000000000df       0x6f ../../../device/AmbiqSuite-Rel2.0.0/mcu/apollo3/hal/gcc/bin/libam_hal.a(am_hal_reset.o)
 .comment       0x00000000000000df       0x6f ../../../device/AmbiqSuite-Rel2.0.0/mcu/apollo3/hal/gcc/bin/libam_hal.a(am_hal_rtc.o)
 .comment       0x00000000000000df       0x6f ../../../device/AmbiqSuite-Rel2.0.0/mcu/apollo3/hal/gcc/bin/libam_hal.a(am_hal_uart.o)
 .comment       0x00000000000000df       0x6f ../../../device/AmbiqSuite-Rel2.0.0/mcu/apollo3/hal/gcc/bin/libam_hal.a(am_hal_queue.o)

.debug_frame    0x0000000000000000     0x1a30
 .debug_frame   0x0000000000000000       0x30 bin/main.o
 .debug_frame   0x0000000000000030      0x1f0 bin/am_hal_gpio.o
 .debug_frame   0x0000000000000220       0x50 bin/am_util_faultisr.o
 .debug_frame   0x0000000000000270      0x2e0 bin/am_util_stdio.o
 .debug_frame   0x0000000000000550       0xf4 bin/am_app_utils_ring_buffer.o
 .debug_frame   0x0000000000000644      0x130 bin/am_devices_led.o
 .debug_frame   0x0000000000000774       0x68 bin/startup_gcc.o
 .debug_frame   0x00000000000007dc      0x170 bin/board_setup.o
 .debug_frame   0x000000000000094c       0xa4 bin/am_memcpy_ringbuff_test.o
 .debug_frame   0x00000000000009f0      0x478 bin/SEGGER_RTT.o
 .debug_frame   0x0000000000000e68      0xb5c bin/SEGGER_SYSVIEW.o
 .debug_frame   0x00000000000019c4       0x48 bin/SEGGER_SYSVIEW_Config_NoOS.o
 .debug_frame   0x0000000000001a0c       0x24 /Users/axel/opt/gnu-mcu-eclipse/arm-none-eabi-gcc/7.3.1-1.1-20180724-0637/bin/../lib/gcc/arm-none-eabi/7.3.1/thumb/v7e-m/fpv4-sp/hard/libgcc.a(_arm_truncdfsf2.o)
